Archive member included to satisfy reference by file (symbol)

c:/intelfpga_lite/18.1/nios2eds/bin/gnu/h-x86_64-mingw32/bin/../lib/gcc/nios2-elf/5.3.0/mno-hw-mul\libgcc.a(lib2-divmod.o)
                              obj/default/main.o (__udivsi3)
../bsp\libhal_bsp.a(alt_irq_register.o)
                              obj/default/main.o (alt_irq_register)
../bsp\libhal_bsp.a(alt_irq_vars.o)
                              ../bsp\libhal_bsp.a(alt_irq_register.o) (alt_irq_active)
../bsp\libhal_bsp.a(alt_load.o)
                              ../bsp/obj/HAL/src/crt0.o (alt_load)
../bsp\libhal_bsp.a(alt_main.o)
                              ../bsp/obj/HAL/src/crt0.o (alt_main)
../bsp\libhal_bsp.a(alt_usleep.o)
                              obj/default/main.o (usleep)
../bsp\libhal_bsp.a(alt_sys_init.o)
                              ../bsp\libhal_bsp.a(alt_main.o) (alt_irq_init)
../bsp\libhal_bsp.a(altera_avalon_jtag_uart_fd.o)
                              ../bsp\libhal_bsp.a(alt_sys_init.o) (altera_avalon_jtag_uart_read_fd)
../bsp\libhal_bsp.a(altera_avalon_jtag_uart_init.o)
                              ../bsp\libhal_bsp.a(alt_sys_init.o) (altera_avalon_jtag_uart_init)
../bsp\libhal_bsp.a(altera_avalon_jtag_uart_ioctl.o)
                              ../bsp\libhal_bsp.a(altera_avalon_jtag_uart_fd.o) (altera_avalon_jtag_uart_ioctl)
../bsp\libhal_bsp.a(altera_avalon_jtag_uart_read.o)
                              ../bsp\libhal_bsp.a(altera_avalon_jtag_uart_fd.o) (altera_avalon_jtag_uart_read)
../bsp\libhal_bsp.a(altera_avalon_jtag_uart_write.o)
                              ../bsp\libhal_bsp.a(altera_avalon_jtag_uart_fd.o) (altera_avalon_jtag_uart_write)
../bsp\libhal_bsp.a(alt_alarm_start.o)
                              ../bsp\libhal_bsp.a(altera_avalon_jtag_uart_init.o) (alt_alarm_start)
../bsp\libhal_bsp.a(alt_busy_sleep.o)
                              ../bsp\libhal_bsp.a(alt_usleep.o) (alt_busy_sleep)
../bsp\libhal_bsp.a(alt_close.o)
                              ../bsp\libhal_bsp.a(alt_main.o) (close)
../bsp\libhal_bsp.a(alt_dcache_flush_all.o)
                              ../bsp\libhal_bsp.a(alt_load.o) (alt_dcache_flush_all)
../bsp\libhal_bsp.a(alt_dev.o)
                              ../bsp\libhal_bsp.a(alt_sys_init.o) (alt_dev_list)
../bsp\libhal_bsp.a(alt_dev_llist_insert.o)
                              ../bsp\libhal_bsp.a(alt_sys_init.o) (alt_dev_llist_insert)
../bsp\libhal_bsp.a(alt_do_ctors.o)
                              ../bsp\libhal_bsp.a(alt_main.o) (_do_ctors)
../bsp\libhal_bsp.a(alt_do_dtors.o)
                              ../bsp\libhal_bsp.a(alt_main.o) (_do_dtors)
../bsp\libhal_bsp.a(alt_errno.o)
                              ../bsp\libhal_bsp.a(alt_close.o) (alt_errno)
../bsp\libhal_bsp.a(alt_icache_flush_all.o)
                              ../bsp\libhal_bsp.a(alt_load.o) (alt_icache_flush_all)
../bsp\libhal_bsp.a(alt_iic.o)
                              ../bsp\libhal_bsp.a(altera_avalon_jtag_uart_init.o) (alt_ic_isr_register)
../bsp\libhal_bsp.a(alt_iic_isr_register.o)
                              ../bsp\libhal_bsp.a(alt_iic.o) (alt_iic_isr_register)
../bsp\libhal_bsp.a(alt_io_redirect.o)
                              ../bsp\libhal_bsp.a(alt_main.o) (alt_io_redirect)
../bsp\libhal_bsp.a(alt_irq_entry.o)
                              ../bsp\libhal_bsp.a(alt_irq_register.o) (alt_irq_entry)
../bsp\libhal_bsp.a(alt_irq_handler.o)
                              ../bsp\libhal_bsp.a(alt_irq_register.o) (alt_irq)
../bsp\libhal_bsp.a(alt_open.o)
                              ../bsp\libhal_bsp.a(alt_io_redirect.o) (open)
../bsp\libhal_bsp.a(alt_release_fd.o)
                              ../bsp\libhal_bsp.a(alt_close.o) (alt_release_fd)
../bsp\libhal_bsp.a(alt_tick.o)
                              ../bsp\libhal_bsp.a(altera_avalon_jtag_uart_init.o) (_alt_tick_rate)
../bsp\libhal_bsp.a(altera_nios2_gen2_irq.o)
                              ../bsp\libhal_bsp.a(alt_sys_init.o) (altera_nios2_gen2_irq_init)
../bsp\libhal_bsp.a(alt_exception_entry.o)
                              ../bsp\libhal_bsp.a(alt_irq_entry.o) (alt_exception)
../bsp\libhal_bsp.a(alt_find_dev.o)
                              ../bsp\libhal_bsp.a(alt_open.o) (alt_find_dev)
../bsp\libhal_bsp.a(alt_find_file.o)
                              ../bsp\libhal_bsp.a(alt_open.o) (alt_find_file)
../bsp\libhal_bsp.a(alt_get_fd.o)
                              ../bsp\libhal_bsp.a(alt_open.o) (alt_get_fd)
../bsp\libhal_bsp.a(alt_instruction_exception_entry.o)
                              ../bsp\libhal_bsp.a(alt_exception_entry.o) (alt_instruction_exception_entry)
c:/intelfpga_lite/18.1/nios2eds/bin/gnu/h-x86_64-mingw32/bin/../lib/gcc/nios2-elf/5.3.0/../../../../../H-x86_64-mingw32/nios2-elf/lib/mno-hw-mul\libc.a(lib_a-atexit.o)
                              ../bsp\libhal_bsp.a(alt_main.o) (atexit)
c:/intelfpga_lite/18.1/nios2eds/bin/gnu/h-x86_64-mingw32/bin/../lib/gcc/nios2-elf/5.3.0/../../../../../H-x86_64-mingw32/nios2-elf/lib/mno-hw-mul\libc.a(lib_a-exit.o)
                              ../bsp\libhal_bsp.a(alt_main.o) (exit)
c:/intelfpga_lite/18.1/nios2eds/bin/gnu/h-x86_64-mingw32/bin/../lib/gcc/nios2-elf/5.3.0/../../../../../H-x86_64-mingw32/nios2-elf/lib/mno-hw-mul\libc.a(lib_a-impure.o)
                              c:/intelfpga_lite/18.1/nios2eds/bin/gnu/h-x86_64-mingw32/bin/../lib/gcc/nios2-elf/5.3.0/../../../../../H-x86_64-mingw32/nios2-elf/lib/mno-hw-mul\libc.a(lib_a-exit.o) (_global_impure_ptr)
c:/intelfpga_lite/18.1/nios2eds/bin/gnu/h-x86_64-mingw32/bin/../lib/gcc/nios2-elf/5.3.0/../../../../../H-x86_64-mingw32/nios2-elf/lib/mno-hw-mul\libc.a(lib_a-int_errno.o)
                              ../bsp\libhal_bsp.a(alt_close.o) (errno)
c:/intelfpga_lite/18.1/nios2eds/bin/gnu/h-x86_64-mingw32/bin/../lib/gcc/nios2-elf/5.3.0/../../../../../H-x86_64-mingw32/nios2-elf/lib/mno-hw-mul\libc.a(lib_a-memcmp.o)
                              ../bsp\libhal_bsp.a(alt_find_dev.o) (memcmp)
c:/intelfpga_lite/18.1/nios2eds/bin/gnu/h-x86_64-mingw32/bin/../lib/gcc/nios2-elf/5.3.0/../../../../../H-x86_64-mingw32/nios2-elf/lib/mno-hw-mul\libc.a(lib_a-memcpy.o)
                              ../bsp\libhal_bsp.a(altera_avalon_jtag_uart_read.o) (memcpy)
c:/intelfpga_lite/18.1/nios2eds/bin/gnu/h-x86_64-mingw32/bin/../lib/gcc/nios2-elf/5.3.0/../../../../../H-x86_64-mingw32/nios2-elf/lib/mno-hw-mul\libc.a(lib_a-strlen.o)
                              ../bsp\libhal_bsp.a(alt_find_dev.o) (strlen)
c:/intelfpga_lite/18.1/nios2eds/bin/gnu/h-x86_64-mingw32/bin/../lib/gcc/nios2-elf/5.3.0/../../../../../H-x86_64-mingw32/nios2-elf/lib/mno-hw-mul\libc.a(lib_a-__atexit.o)
                              c:/intelfpga_lite/18.1/nios2eds/bin/gnu/h-x86_64-mingw32/bin/../lib/gcc/nios2-elf/5.3.0/../../../../../H-x86_64-mingw32/nios2-elf/lib/mno-hw-mul\libc.a(lib_a-atexit.o) (__register_exitproc)
c:/intelfpga_lite/18.1/nios2eds/bin/gnu/h-x86_64-mingw32/bin/../lib/gcc/nios2-elf/5.3.0/../../../../../H-x86_64-mingw32/nios2-elf/lib/mno-hw-mul\libc.a(lib_a-__call_atexit.o)
                              c:/intelfpga_lite/18.1/nios2eds/bin/gnu/h-x86_64-mingw32/bin/../lib/gcc/nios2-elf/5.3.0/../../../../../H-x86_64-mingw32/nios2-elf/lib/mno-hw-mul\libc.a(lib_a-exit.o) (__call_exitprocs)
c:/intelfpga_lite/18.1/nios2eds/bin/gnu/h-x86_64-mingw32/bin/../lib/gcc/nios2-elf/5.3.0/mno-hw-mul\libgcc.a(lib2-mul.o)
                              ../bsp\libhal_bsp.a(alt_busy_sleep.o) (__mulsi3)
../bsp\libhal_bsp.a(alt_exit.o)
                              c:/intelfpga_lite/18.1/nios2eds/bin/gnu/h-x86_64-mingw32/bin/../lib/gcc/nios2-elf/5.3.0/../../../../../H-x86_64-mingw32/nios2-elf/lib/mno-hw-mul\libc.a(lib_a-exit.o) (_exit)

Allocating common symbols
Common symbol       size              file

alt_irq             0x100             ../bsp\libhal_bsp.a(alt_irq_handler.o)
edge_capture        0x1               obj/default/main.o
errno               0x4               c:/intelfpga_lite/18.1/nios2eds/bin/gnu/h-x86_64-mingw32/bin/../lib/gcc/nios2-elf/5.3.0/../../../../../H-x86_64-mingw32/nios2-elf/lib/mno-hw-mul\libc.a(lib_a-int_errno.o)
vitesse_led         0x4               obj/default/main.o

Memory Configuration

Name             Origin             Length             Attributes
reset            0x0000000000010000 0x0000000000000020
onchip_memory2_0 0x0000000000010020 0x0000000000009c20
*default*        0x0000000000000000 0xffffffffffffffff

Linker script and memory map

LOAD ../bsp/obj/HAL/src/crt0.o
LOAD obj/default/main.o
LOAD c:/intelfpga_lite/18.1/nios2eds/bin/gnu/h-x86_64-mingw32/bin/../lib/gcc/nios2-elf/5.3.0/../../../../../H-x86_64-mingw32/nios2-elf/lib/mno-hw-mul\libstdc++.a
LOAD c:/intelfpga_lite/18.1/nios2eds/bin/gnu/h-x86_64-mingw32/bin/../lib/gcc/nios2-elf/5.3.0/../../../../../H-x86_64-mingw32/nios2-elf/lib/mno-hw-mul\libm.a
LOAD c:/intelfpga_lite/18.1/nios2eds/bin/gnu/h-x86_64-mingw32/bin/../lib/gcc/nios2-elf/5.3.0/mno-hw-mul\libgcc.a
START GROUP
LOAD c:/intelfpga_lite/18.1/nios2eds/bin/gnu/h-x86_64-mingw32/bin/../lib/gcc/nios2-elf/5.3.0/../../../../../H-x86_64-mingw32/nios2-elf/lib/mno-hw-mul\libc.a
LOAD c:/intelfpga_lite/18.1/nios2eds/bin/gnu/h-x86_64-mingw32/bin/../lib/gcc/nios2-elf/5.3.0/mno-hw-mul\libgcc.a
LOAD ../bsp\libhal_bsp.a
LOAD c:/intelfpga_lite/18.1/nios2eds/bin/gnu/h-x86_64-mingw32/bin/../lib/gcc/nios2-elf/5.3.0/../../../../../H-x86_64-mingw32/nios2-elf/lib/mno-hw-mul\libm.a
END GROUP
LOAD c:/intelfpga_lite/18.1/nios2eds/bin/gnu/h-x86_64-mingw32/bin/../lib/gcc/nios2-elf/5.3.0/mno-hw-mul\libgcc.a
                0x0000000000010000                __alt_mem_onchip_memory2_0 = 0x10000

.entry          0x0000000000010000       0x20
 *(.entry)
 .entry         0x0000000000010000       0x20 ../bsp/obj/HAL/src/crt0.o
                0x0000000000010000                __reset

.exceptions     0x0000000000010020      0x210
                0x0000000000010020                PROVIDE (__ram_exceptions_start, ABSOLUTE (.))
                0x0000000000010020                . = ALIGN (0x20)
 *(.irq)
 *(.exceptions.entry.label)
 .exceptions.entry.label
                0x0000000000010020        0x0 ../bsp\libhal_bsp.a(alt_irq_entry.o)
                0x0000000000010020                alt_irq_entry
 .exceptions.entry.label
                0x0000000000010020        0x0 ../bsp\libhal_bsp.a(alt_exception_entry.o)
                0x0000000000010020                alt_exception
 *(.exceptions.entry.user)
 *(.exceptions.entry.ecc_fatal)
 *(.exceptions.entry)
 .exceptions.entry
                0x0000000000010020       0x54 ../bsp\libhal_bsp.a(alt_exception_entry.o)
 *(.exceptions.irqtest.user)
 *(.exceptions.irqtest)
 .exceptions.irqtest
                0x0000000000010074       0x10 ../bsp\libhal_bsp.a(alt_irq_entry.o)
 *(.exceptions.irqhandler.user)
 *(.exceptions.irqhandler)
 .exceptions.irqhandler
                0x0000000000010084        0x4 ../bsp\libhal_bsp.a(alt_irq_entry.o)
 *(.exceptions.irqreturn.user)
 *(.exceptions.irqreturn)
 .exceptions.irqreturn
                0x0000000000010088        0x4 ../bsp\libhal_bsp.a(alt_irq_entry.o)
 *(.exceptions.notirq.label)
 .exceptions.notirq.label
                0x000000000001008c        0x0 ../bsp\libhal_bsp.a(alt_irq_entry.o)
 *(.exceptions.notirq.user)
 *(.exceptions.notirq)
 .exceptions.notirq
                0x000000000001008c        0x8 ../bsp\libhal_bsp.a(alt_exception_entry.o)
 *(.exceptions.soft.user)
 *(.exceptions.soft)
 *(.exceptions.unknown.user)
 *(.exceptions.unknown)
 .exceptions.unknown
                0x0000000000010094       0x14 ../bsp\libhal_bsp.a(alt_exception_entry.o)
 *(.exceptions.exit.label)
 .exceptions.exit.label
                0x00000000000100a8        0x0 ../bsp\libhal_bsp.a(alt_irq_entry.o)
 .exceptions.exit.label
                0x00000000000100a8        0x0 ../bsp\libhal_bsp.a(alt_exception_entry.o)
 *(.exceptions.exit.user)
 *(.exceptions.exit)
 .exceptions.exit
                0x00000000000100a8       0x54 ../bsp\libhal_bsp.a(alt_exception_entry.o)
 *(.exceptions)
 .exceptions    0x00000000000100fc       0xd4 ../bsp\libhal_bsp.a(alt_irq_handler.o)
                0x00000000000100fc                alt_irq_handler
 .exceptions    0x00000000000101d0       0x60 ../bsp\libhal_bsp.a(alt_instruction_exception_entry.o)
                0x00000000000101d0                alt_instruction_exception_entry
                0x0000000000010230                PROVIDE (__ram_exceptions_end, ABSOLUTE (.))
                0x0000000000010020                PROVIDE (__flash_exceptions_start, LOADADDR (.exceptions))

.text           0x0000000000010230     0x28c8
                [!provide]                        PROVIDE (stext, ABSOLUTE (.))
 *(.interp)
 *(.hash)
 *(.dynsym)
 *(.dynstr)
 *(.gnu.version)
 *(.gnu.version_d)
 *(.gnu.version_r)
 *(.rel.init)
 *(.rela.init)
 *(.rel.text .rel.text.* .rel.gnu.linkonce.t.*)
 *(.rela.text .rela.text.* .rela.gnu.linkonce.t.*)
 *(.rel.fini)
 *(.rela.fini)
 *(.rel.rodata .rel.rodata.* .rel.gnu.linkonce.r.*)
 *(.rela.rodata .rela.rodata.* .rela.gnu.linkonce.r.*)
 *(.rel.data .rel.data.* .rel.gnu.linkonce.d.*)
 *(.rela.data .rela.data.* .rela.gnu.linkonce.d.*)
 *(.rel.tdata .rel.tdata.* .rel.gnu.linkonce.td.*)
 *(.rela.tdata .rela.tdata.* .rela.gnu.linkonce.td.*)
 *(.rel.tbss .rel.tbss.* .rel.gnu.linkonce.tb.*)
 *(.rela.tbss .rela.tbss.* .rela.gnu.linkonce.tb.*)
 *(.rel.ctors)
 *(.rela.ctors)
 *(.rel.dtors)
 *(.rela.dtors)
 *(.rel.got)
 *(.rela.got)
 *(.rel.sdata .rel.sdata.* .rel.gnu.linkonce.s.*)
 *(.rela.sdata .rela.sdata.* .rela.gnu.linkonce.s.*)
 *(.rel.sbss .rel.sbss.* .rel.gnu.linkonce.sb.*)
 *(.rela.sbss .rela.sbss.* .rela.gnu.linkonce.sb.*)
 *(.rel.sdata2 .rel.sdata2.* .rel.gnu.linkonce.s2.*)
 *(.rela.sdata2 .rela.sdata2.* .rela.gnu.linkonce.s2.*)
 *(.rel.sbss2 .rel.sbss2.* .rel.gnu.linkonce.sb2.*)
 *(.rela.sbss2 .rela.sbss2.* .rela.gnu.linkonce.sb2.*)
 *(.rel.bss .rel.bss.* .rel.gnu.linkonce.b.*)
 *(.rela.bss .rela.bss.* .rela.gnu.linkonce.b.*)
 *(.rel.plt)
 *(.rela.plt)
 *(.rel.dyn)
 *(.init)
 *(.plt)
 *(.text .stub .text.* .gnu.linkonce.t.*)
 .text          0x0000000000010230       0x3c ../bsp/obj/HAL/src/crt0.o
                0x0000000000010230                _start
 .text          0x000000000001026c      0x19c obj/default/main.o
                0x0000000000010310                main
 .text          0x0000000000010408      0x1b4 c:/intelfpga_lite/18.1/nios2eds/bin/gnu/h-x86_64-mingw32/bin/../lib/gcc/nios2-elf/5.3.0/mno-hw-mul\libgcc.a(lib2-divmod.o)
                0x0000000000010408                __divsi3
                0x000000000001048c                __modsi3
                0x0000000000010500                __udivsi3
                0x0000000000010564                __umodsi3
 .text          0x00000000000105bc      0x180 ../bsp\libhal_bsp.a(alt_irq_register.o)
                0x00000000000105bc                alt_irq_register
 .text          0x000000000001073c        0x0 ../bsp\libhal_bsp.a(alt_irq_vars.o)
 .text          0x000000000001073c       0xec ../bsp\libhal_bsp.a(alt_load.o)
                0x00000000000107a4                alt_load
 .text          0x0000000000010828       0x7c ../bsp\libhal_bsp.a(alt_main.o)
                0x0000000000010828                alt_main
 .text          0x00000000000108a4       0x30 ../bsp\libhal_bsp.a(alt_usleep.o)
                0x00000000000108a4                usleep
 .text          0x00000000000108d4       0xb4 ../bsp\libhal_bsp.a(alt_sys_init.o)
                0x0000000000010908                alt_irq_init
                0x0000000000010940                alt_sys_init
 .text          0x0000000000010988      0x164 ../bsp\libhal_bsp.a(altera_avalon_jtag_uart_fd.o)
                0x0000000000010988                altera_avalon_jtag_uart_read_fd
                0x00000000000109e8                altera_avalon_jtag_uart_write_fd
                0x0000000000010a48                altera_avalon_jtag_uart_close_fd
                0x0000000000010a98                altera_avalon_jtag_uart_ioctl_fd
 .text          0x0000000000010aec      0x3d4 ../bsp\libhal_bsp.a(altera_avalon_jtag_uart_init.o)
                0x0000000000010aec                altera_avalon_jtag_uart_init
                0x0000000000010e58                altera_avalon_jtag_uart_close
 .text          0x0000000000010ec0       0xf0 ../bsp\libhal_bsp.a(altera_avalon_jtag_uart_ioctl.o)
                0x0000000000010ec0                altera_avalon_jtag_uart_ioctl
 .text          0x0000000000010fb0      0x21c ../bsp\libhal_bsp.a(altera_avalon_jtag_uart_read.o)
                0x0000000000010fb0                altera_avalon_jtag_uart_read
 .text          0x00000000000111cc      0x224 ../bsp\libhal_bsp.a(altera_avalon_jtag_uart_write.o)
                0x00000000000111cc                altera_avalon_jtag_uart_write
 .text          0x00000000000113f0      0x12c ../bsp\libhal_bsp.a(alt_alarm_start.o)
                0x00000000000113f0                alt_alarm_start
 .text          0x000000000001151c      0x158 ../bsp\libhal_bsp.a(alt_busy_sleep.o)
                0x000000000001151c                alt_busy_sleep
 .text          0x0000000000011674      0x114 ../bsp\libhal_bsp.a(alt_close.o)
                0x00000000000116b0                close
 .text          0x0000000000011788       0x20 ../bsp\libhal_bsp.a(alt_dcache_flush_all.o)
                0x0000000000011788                alt_dcache_flush_all
 .text          0x00000000000117a8       0x2c ../bsp\libhal_bsp.a(alt_dev.o)
 .text          0x00000000000117d4       0xe0 ../bsp\libhal_bsp.a(alt_dev_llist_insert.o)
                0x0000000000011810                alt_dev_llist_insert
 .text          0x00000000000118b4       0x60 ../bsp\libhal_bsp.a(alt_do_ctors.o)
                0x00000000000118b4                _do_ctors
 .text          0x0000000000011914       0x60 ../bsp\libhal_bsp.a(alt_do_dtors.o)
                0x0000000000011914                _do_dtors
 .text          0x0000000000011974        0x0 ../bsp\libhal_bsp.a(alt_errno.o)
 .text          0x0000000000011974       0x20 ../bsp\libhal_bsp.a(alt_icache_flush_all.o)
                0x0000000000011974                alt_icache_flush_all
 .text          0x0000000000011994      0x1b0 ../bsp\libhal_bsp.a(alt_iic.o)
                0x0000000000011994                alt_ic_isr_register
                0x00000000000119e4                alt_ic_irq_enable
                0x0000000000011a6c                alt_ic_irq_disable
                0x0000000000011af8                alt_ic_irq_enabled
 .text          0x0000000000011b44       0xf0 ../bsp\libhal_bsp.a(alt_iic_isr_register.o)
                0x0000000000011b44                alt_iic_isr_register
 .text          0x0000000000011c34      0x160 ../bsp\libhal_bsp.a(alt_io_redirect.o)
                0x0000000000011d18                alt_io_redirect
 .text          0x0000000000011d94        0x0 ../bsp\libhal_bsp.a(alt_irq_entry.o)
 .text          0x0000000000011d94        0x0 ../bsp\libhal_bsp.a(alt_irq_handler.o)
 .text          0x0000000000011d94      0x284 ../bsp\libhal_bsp.a(alt_open.o)
                0x0000000000011ebc                open
 .text          0x0000000000012018       0x84 ../bsp\libhal_bsp.a(alt_release_fd.o)
                0x0000000000012018                alt_release_fd
 .text          0x000000000001209c      0x1a4 ../bsp\libhal_bsp.a(alt_tick.o)
                0x000000000001209c                alt_alarm_stop
                0x0000000000012138                alt_tick
 .text          0x0000000000012240       0x24 ../bsp\libhal_bsp.a(altera_nios2_gen2_irq.o)
                0x0000000000012240                altera_nios2_gen2_irq_init
 .text          0x0000000000012264        0x0 ../bsp\libhal_bsp.a(alt_exception_entry.o)
 .text          0x0000000000012264       0x90 ../bsp\libhal_bsp.a(alt_find_dev.o)
                0x0000000000012264                alt_find_dev
 .text          0x00000000000122f4      0x108 ../bsp\libhal_bsp.a(alt_find_file.o)
                0x00000000000122f4                alt_find_file
 .text          0x00000000000123fc       0xc4 ../bsp\libhal_bsp.a(alt_get_fd.o)
                0x00000000000123fc                alt_get_fd
 .text          0x00000000000124c0       0x9c ../bsp\libhal_bsp.a(alt_instruction_exception_entry.o)
                0x00000000000124c0                alt_exception_cause_generated_bad_addr
 .text          0x000000000001255c        0x0 c:/intelfpga_lite/18.1/nios2eds/bin/gnu/h-x86_64-mingw32/bin/../lib/gcc/nios2-elf/5.3.0/../../../../../H-x86_64-mingw32/nios2-elf/lib/mno-hw-mul\libc.a(lib_a-atexit.o)
 .text.atexit   0x000000000001255c       0x14 c:/intelfpga_lite/18.1/nios2eds/bin/gnu/h-x86_64-mingw32/bin/../lib/gcc/nios2-elf/5.3.0/../../../../../H-x86_64-mingw32/nios2-elf/lib/mno-hw-mul\libc.a(lib_a-atexit.o)
                0x000000000001255c                atexit
 .text          0x0000000000012570        0x0 c:/intelfpga_lite/18.1/nios2eds/bin/gnu/h-x86_64-mingw32/bin/../lib/gcc/nios2-elf/5.3.0/../../../../../H-x86_64-mingw32/nios2-elf/lib/mno-hw-mul\libc.a(lib_a-exit.o)
 .text.exit     0x0000000000012570       0x38 c:/intelfpga_lite/18.1/nios2eds/bin/gnu/h-x86_64-mingw32/bin/../lib/gcc/nios2-elf/5.3.0/../../../../../H-x86_64-mingw32/nios2-elf/lib/mno-hw-mul\libc.a(lib_a-exit.o)
                0x0000000000012570                exit
 .text          0x00000000000125a8        0x0 c:/intelfpga_lite/18.1/nios2eds/bin/gnu/h-x86_64-mingw32/bin/../lib/gcc/nios2-elf/5.3.0/../../../../../H-x86_64-mingw32/nios2-elf/lib/mno-hw-mul\libc.a(lib_a-impure.o)
 .text          0x00000000000125a8        0x0 c:/intelfpga_lite/18.1/nios2eds/bin/gnu/h-x86_64-mingw32/bin/../lib/gcc/nios2-elf/5.3.0/../../../../../H-x86_64-mingw32/nios2-elf/lib/mno-hw-mul\libc.a(lib_a-int_errno.o)
 .text          0x00000000000125a8        0x0 c:/intelfpga_lite/18.1/nios2eds/bin/gnu/h-x86_64-mingw32/bin/../lib/gcc/nios2-elf/5.3.0/../../../../../H-x86_64-mingw32/nios2-elf/lib/mno-hw-mul\libc.a(lib_a-memcmp.o)
 .text.memcmp   0x00000000000125a8       0x7c c:/intelfpga_lite/18.1/nios2eds/bin/gnu/h-x86_64-mingw32/bin/../lib/gcc/nios2-elf/5.3.0/../../../../../H-x86_64-mingw32/nios2-elf/lib/mno-hw-mul\libc.a(lib_a-memcmp.o)
                0x00000000000125a8                memcmp
 .text          0x0000000000012624        0x0 c:/intelfpga_lite/18.1/nios2eds/bin/gnu/h-x86_64-mingw32/bin/../lib/gcc/nios2-elf/5.3.0/../../../../../H-x86_64-mingw32/nios2-elf/lib/mno-hw-mul\libc.a(lib_a-memcpy.o)
 .text.memcpy   0x0000000000012624      0x148 c:/intelfpga_lite/18.1/nios2eds/bin/gnu/h-x86_64-mingw32/bin/../lib/gcc/nios2-elf/5.3.0/../../../../../H-x86_64-mingw32/nios2-elf/lib/mno-hw-mul\libc.a(lib_a-memcpy.o)
                0x0000000000012624                memcpy
 .text          0x000000000001276c        0x0 c:/intelfpga_lite/18.1/nios2eds/bin/gnu/h-x86_64-mingw32/bin/../lib/gcc/nios2-elf/5.3.0/../../../../../H-x86_64-mingw32/nios2-elf/lib/mno-hw-mul\libc.a(lib_a-strlen.o)
 .text.strlen   0x000000000001276c       0x98 c:/intelfpga_lite/18.1/nios2eds/bin/gnu/h-x86_64-mingw32/bin/../lib/gcc/nios2-elf/5.3.0/../../../../../H-x86_64-mingw32/nios2-elf/lib/mno-hw-mul\libc.a(lib_a-strlen.o)
                0x000000000001276c                strlen
 .text          0x0000000000012804        0x0 c:/intelfpga_lite/18.1/nios2eds/bin/gnu/h-x86_64-mingw32/bin/../lib/gcc/nios2-elf/5.3.0/../../../../../H-x86_64-mingw32/nios2-elf/lib/mno-hw-mul\libc.a(lib_a-__atexit.o)
 .text.__register_exitproc
                0x0000000000012804      0x118 c:/intelfpga_lite/18.1/nios2eds/bin/gnu/h-x86_64-mingw32/bin/../lib/gcc/nios2-elf/5.3.0/../../../../../H-x86_64-mingw32/nios2-elf/lib/mno-hw-mul\libc.a(lib_a-__atexit.o)
                0x0000000000012804                __register_exitproc
 .text          0x000000000001291c        0x0 c:/intelfpga_lite/18.1/nios2eds/bin/gnu/h-x86_64-mingw32/bin/../lib/gcc/nios2-elf/5.3.0/../../../../../H-x86_64-mingw32/nios2-elf/lib/mno-hw-mul\libc.a(lib_a-__call_atexit.o)
 .text.__call_exitprocs
                0x000000000001291c      0x180 c:/intelfpga_lite/18.1/nios2eds/bin/gnu/h-x86_64-mingw32/bin/../lib/gcc/nios2-elf/5.3.0/../../../../../H-x86_64-mingw32/nios2-elf/lib/mno-hw-mul\libc.a(lib_a-__call_atexit.o)
                0x000000000001291c                __call_exitprocs
 .text          0x0000000000012a9c       0x28 c:/intelfpga_lite/18.1/nios2eds/bin/gnu/h-x86_64-mingw32/bin/../lib/gcc/nios2-elf/5.3.0/mno-hw-mul\libgcc.a(lib2-mul.o)
                0x0000000000012a9c                __mulsi3
 .text          0x0000000000012ac4       0x34 ../bsp\libhal_bsp.a(alt_exit.o)
                0x0000000000012ac4                _exit
 *(.gnu.warning.*)
 *(.fini)
                [!provide]                        PROVIDE (__etext, ABSOLUTE (.))
                [!provide]                        PROVIDE (_etext, ABSOLUTE (.))
                [!provide]                        PROVIDE (etext, ABSOLUTE (.))
 *(.eh_frame_hdr)
                0x0000000000012af8                . = ALIGN (0x4)
                [!provide]                        PROVIDE (__preinit_array_start, ABSOLUTE (.))
 *(.preinit_array)
                [!provide]                        PROVIDE (__preinit_array_end, ABSOLUTE (.))
                [!provide]                        PROVIDE (__init_array_start, ABSOLUTE (.))
 *(.init_array)
                [!provide]                        PROVIDE (__init_array_end, ABSOLUTE (.))
                [!provide]                        PROVIDE (__fini_array_start, ABSOLUTE (.))
 *(.fini_array)
                [!provide]                        PROVIDE (__fini_array_end, ABSOLUTE (.))
 *(.eh_frame)
 *(.gcc_except_table .gcc_except_table.*)
 *(.dynamic)
                0x0000000000012af8                PROVIDE (__CTOR_LIST__, ABSOLUTE (.))
 *(.ctors)
 *(SORT(.ctors.*))
                0x0000000000012af8                PROVIDE (__CTOR_END__, ABSOLUTE (.))
                0x0000000000012af8                PROVIDE (__DTOR_LIST__, ABSOLUTE (.))
 *(.dtors)
 *(SORT(.dtors.*))
                0x0000000000012af8                PROVIDE (__DTOR_END__, ABSOLUTE (.))
 *(.jcr)
                0x0000000000012af8                . = ALIGN (0x4)

.rodata         0x0000000000012af8       0x38
                0x0000000000012af8                PROVIDE (__ram_rodata_start, ABSOLUTE (.))
                0x0000000000012af8                . = ALIGN (0x4)
 *(.rodata .rodata.* .gnu.linkonce.r.*)
 .rodata        0x0000000000012af8       0x11 ../bsp\libhal_bsp.a(alt_main.o)
 *fill*         0x0000000000012b09        0x3 
 .rodata        0x0000000000012b0c       0x11 ../bsp\libhal_bsp.a(alt_sys_init.o)
 *fill*         0x0000000000012b1d        0x3 
 .rodata        0x0000000000012b20        0xa ../bsp\libhal_bsp.a(alt_dev.o)
 *fill*         0x0000000000012b2a        0x2 
 .rodata.str1.4
                0x0000000000012b2c        0x4 c:/intelfpga_lite/18.1/nios2eds/bin/gnu/h-x86_64-mingw32/bin/../lib/gcc/nios2-elf/5.3.0/../../../../../H-x86_64-mingw32/nios2-elf/lib/mno-hw-mul\libc.a(lib_a-impure.o)
                                          0x2 (size before relaxing)
 *(.rodata1)
                0x0000000000012b30                . = ALIGN (0x4)
                0x0000000000012b30                PROVIDE (__ram_rodata_end, ABSOLUTE (.))
                0x0000000000012af8                PROVIDE (__flash_rodata_start, LOADADDR (.rodata))

.rwdata         0x0000000000012b30     0x1658 load address 0x0000000000014188
                0x0000000000012b30                PROVIDE (__ram_rwdata_start, ABSOLUTE (.))
                0x0000000000012b30                . = ALIGN (0x4)
 *(.got.plt)
 *(.got)
 *(.data1)
 *(.data .data.* .gnu.linkonce.d.*)
 .data          0x0000000000012b30        0x0 ../bsp/obj/HAL/src/crt0.o
 .data          0x0000000000012b30        0x0 obj/default/main.o
 .data          0x0000000000012b30        0x0 c:/intelfpga_lite/18.1/nios2eds/bin/gnu/h-x86_64-mingw32/bin/../lib/gcc/nios2-elf/5.3.0/mno-hw-mul\libgcc.a(lib2-divmod.o)
 .data          0x0000000000012b30        0x0 ../bsp\libhal_bsp.a(alt_irq_register.o)
 .data          0x0000000000012b30        0x0 ../bsp\libhal_bsp.a(alt_irq_vars.o)
 .data          0x0000000000012b30        0x0 ../bsp\libhal_bsp.a(alt_load.o)
 .data          0x0000000000012b30        0x0 ../bsp\libhal_bsp.a(alt_main.o)
 .data          0x0000000000012b30        0x0 ../bsp\libhal_bsp.a(alt_usleep.o)
 .data          0x0000000000012b30     0x1060 ../bsp\libhal_bsp.a(alt_sys_init.o)
 .data          0x0000000000013b90        0x0 ../bsp\libhal_bsp.a(altera_avalon_jtag_uart_fd.o)
 .data          0x0000000000013b90        0x0 ../bsp\libhal_bsp.a(altera_avalon_jtag_uart_init.o)
 .data          0x0000000000013b90        0x0 ../bsp\libhal_bsp.a(altera_avalon_jtag_uart_ioctl.o)
 .data          0x0000000000013b90        0x0 ../bsp\libhal_bsp.a(altera_avalon_jtag_uart_read.o)
 .data          0x0000000000013b90        0x0 ../bsp\libhal_bsp.a(altera_avalon_jtag_uart_write.o)
 .data          0x0000000000013b90        0x0 ../bsp\libhal_bsp.a(alt_alarm_start.o)
 .data          0x0000000000013b90        0x0 ../bsp\libhal_bsp.a(alt_busy_sleep.o)
 .data          0x0000000000013b90        0x0 ../bsp\libhal_bsp.a(alt_close.o)
 .data          0x0000000000013b90        0x0 ../bsp\libhal_bsp.a(alt_dcache_flush_all.o)
 .data          0x0000000000013b90      0x1a8 ../bsp\libhal_bsp.a(alt_dev.o)
                0x0000000000013b90                alt_dev_null
                0x0000000000013bb8                alt_fd_list
 .data          0x0000000000013d38        0x0 ../bsp\libhal_bsp.a(alt_dev_llist_insert.o)
 .data          0x0000000000013d38        0x0 ../bsp\libhal_bsp.a(alt_do_ctors.o)
 .data          0x0000000000013d38        0x0 ../bsp\libhal_bsp.a(alt_do_dtors.o)
 .data          0x0000000000013d38        0x0 ../bsp\libhal_bsp.a(alt_errno.o)
 .data          0x0000000000013d38        0x0 ../bsp\libhal_bsp.a(alt_icache_flush_all.o)
 .data          0x0000000000013d38        0x0 ../bsp\libhal_bsp.a(alt_iic.o)
 .data          0x0000000000013d38        0x0 ../bsp\libhal_bsp.a(alt_iic_isr_register.o)
 .data          0x0000000000013d38        0x0 ../bsp\libhal_bsp.a(alt_io_redirect.o)
 .data          0x0000000000013d38        0x0 ../bsp\libhal_bsp.a(alt_irq_entry.o)
 .data          0x0000000000013d38        0x0 ../bsp\libhal_bsp.a(alt_irq_handler.o)
 .data          0x0000000000013d38        0x0 ../bsp\libhal_bsp.a(alt_open.o)
 .data          0x0000000000013d38        0x0 ../bsp\libhal_bsp.a(alt_release_fd.o)
 .data          0x0000000000013d38        0x0 ../bsp\libhal_bsp.a(alt_tick.o)
 .data          0x0000000000013d38        0x0 ../bsp\libhal_bsp.a(altera_nios2_gen2_irq.o)
 .data          0x0000000000013d38        0x0 ../bsp\libhal_bsp.a(alt_exception_entry.o)
 .data          0x0000000000013d38        0x0 ../bsp\libhal_bsp.a(alt_find_dev.o)
 .data          0x0000000000013d38        0x0 ../bsp\libhal_bsp.a(alt_find_file.o)
 .data          0x0000000000013d38        0x0 ../bsp\libhal_bsp.a(alt_get_fd.o)
 .data          0x0000000000013d38        0x0 ../bsp\libhal_bsp.a(alt_instruction_exception_entry.o)
 .data          0x0000000000013d38        0x0 c:/intelfpga_lite/18.1/nios2eds/bin/gnu/h-x86_64-mingw32/bin/../lib/gcc/nios2-elf/5.3.0/../../../../../H-x86_64-mingw32/nios2-elf/lib/mno-hw-mul\libc.a(lib_a-atexit.o)
 .data          0x0000000000013d38        0x0 c:/intelfpga_lite/18.1/nios2eds/bin/gnu/h-x86_64-mingw32/bin/../lib/gcc/nios2-elf/5.3.0/../../../../../H-x86_64-mingw32/nios2-elf/lib/mno-hw-mul\libc.a(lib_a-exit.o)
 .data          0x0000000000013d38        0x0 c:/intelfpga_lite/18.1/nios2eds/bin/gnu/h-x86_64-mingw32/bin/../lib/gcc/nios2-elf/5.3.0/../../../../../H-x86_64-mingw32/nios2-elf/lib/mno-hw-mul\libc.a(lib_a-impure.o)
 .data.impure_data
                0x0000000000013d38      0x424 c:/intelfpga_lite/18.1/nios2eds/bin/gnu/h-x86_64-mingw32/bin/../lib/gcc/nios2-elf/5.3.0/../../../../../H-x86_64-mingw32/nios2-elf/lib/mno-hw-mul\libc.a(lib_a-impure.o)
 .data          0x000000000001415c        0x0 c:/intelfpga_lite/18.1/nios2eds/bin/gnu/h-x86_64-mingw32/bin/../lib/gcc/nios2-elf/5.3.0/../../../../../H-x86_64-mingw32/nios2-elf/lib/mno-hw-mul\libc.a(lib_a-int_errno.o)
 .data          0x000000000001415c        0x0 c:/intelfpga_lite/18.1/nios2eds/bin/gnu/h-x86_64-mingw32/bin/../lib/gcc/nios2-elf/5.3.0/../../../../../H-x86_64-mingw32/nios2-elf/lib/mno-hw-mul\libc.a(lib_a-memcmp.o)
 .data          0x000000000001415c        0x0 c:/intelfpga_lite/18.1/nios2eds/bin/gnu/h-x86_64-mingw32/bin/../lib/gcc/nios2-elf/5.3.0/../../../../../H-x86_64-mingw32/nios2-elf/lib/mno-hw-mul\libc.a(lib_a-memcpy.o)
 .data          0x000000000001415c        0x0 c:/intelfpga_lite/18.1/nios2eds/bin/gnu/h-x86_64-mingw32/bin/../lib/gcc/nios2-elf/5.3.0/../../../../../H-x86_64-mingw32/nios2-elf/lib/mno-hw-mul\libc.a(lib_a-strlen.o)
 .data          0x000000000001415c        0x0 c:/intelfpga_lite/18.1/nios2eds/bin/gnu/h-x86_64-mingw32/bin/../lib/gcc/nios2-elf/5.3.0/../../../../../H-x86_64-mingw32/nios2-elf/lib/mno-hw-mul\libc.a(lib_a-__atexit.o)
 .data          0x000000000001415c        0x0 c:/intelfpga_lite/18.1/nios2eds/bin/gnu/h-x86_64-mingw32/bin/../lib/gcc/nios2-elf/5.3.0/../../../../../H-x86_64-mingw32/nios2-elf/lib/mno-hw-mul\libc.a(lib_a-__call_atexit.o)
 .data          0x000000000001415c        0x0 c:/intelfpga_lite/18.1/nios2eds/bin/gnu/h-x86_64-mingw32/bin/../lib/gcc/nios2-elf/5.3.0/mno-hw-mul\libgcc.a(lib2-mul.o)
 .data          0x000000000001415c        0x0 ../bsp\libhal_bsp.a(alt_exit.o)
                0x000000000001c15c                _gp = ABSOLUTE ((. + 0x8000))
                [!provide]                        PROVIDE (gp, _gp)
 *(.rwdata .rwdata.*)
 *(.sdata .sdata.* .gnu.linkonce.s.*)
 .sdata         0x000000000001415c        0x4 ../bsp\libhal_bsp.a(alt_irq_vars.o)
                0x000000000001415c                alt_priority_mask
 .sdata         0x0000000000014160       0x14 ../bsp\libhal_bsp.a(alt_dev.o)
                0x0000000000014160                alt_fs_list
                0x0000000000014168                alt_dev_list
                0x0000000000014170                alt_max_fd
 .sdata         0x0000000000014174        0x4 ../bsp\libhal_bsp.a(alt_errno.o)
                0x0000000000014174                alt_errno
 .sdata         0x0000000000014178        0x8 ../bsp\libhal_bsp.a(alt_tick.o)
                0x0000000000014178                alt_alarm_list
 .sdata._global_impure_ptr
                0x0000000000014180        0x4 c:/intelfpga_lite/18.1/nios2eds/bin/gnu/h-x86_64-mingw32/bin/../lib/gcc/nios2-elf/5.3.0/../../../../../H-x86_64-mingw32/nios2-elf/lib/mno-hw-mul\libc.a(lib_a-impure.o)
                0x0000000000014180                _global_impure_ptr
 .sdata._impure_ptr
                0x0000000000014184        0x4 c:/intelfpga_lite/18.1/nios2eds/bin/gnu/h-x86_64-mingw32/bin/../lib/gcc/nios2-elf/5.3.0/../../../../../H-x86_64-mingw32/nios2-elf/lib/mno-hw-mul\libc.a(lib_a-impure.o)
                0x0000000000014184                _impure_ptr
 *(.sdata2 .sdata2.* .gnu.linkonce.s2.*)
                0x0000000000014188                . = ALIGN (0x4)
                0x0000000000014188                _edata = ABSOLUTE (.)
                [!provide]                        PROVIDE (edata, ABSOLUTE (.))
                0x0000000000014188                PROVIDE (__ram_rwdata_end, ABSOLUTE (.))
                0x0000000000014188                PROVIDE (__flash_rwdata_start, LOADADDR (.rwdata))

.bss            0x00000000000157e0      0x128
                0x00000000000157e0                __bss_start = ABSOLUTE (.)
                [!provide]                        PROVIDE (__sbss_start, ABSOLUTE (.))
                [!provide]                        PROVIDE (___sbss_start, ABSOLUTE (.))
 *(.dynsbss)
 *(.sbss .sbss.* .gnu.linkonce.sb.*)
 .sbss          0x00000000000157e0        0x8 obj/default/main.o
                0x00000000000157e0                edge_capture
                0x00000000000157e4                vitesse_led
 .sbss          0x00000000000157e8        0x4 ../bsp\libhal_bsp.a(alt_irq_vars.o)
                0x00000000000157e8                alt_irq_active
 .sbss          0x00000000000157ec        0xc ../bsp\libhal_bsp.a(alt_main.o)
                0x00000000000157ec                alt_argc
                0x00000000000157f0                alt_argv
                0x00000000000157f4                alt_envp
 .sbss          0x00000000000157f8        0x8 ../bsp\libhal_bsp.a(alt_tick.o)
                0x00000000000157f8                _alt_tick_rate
                0x00000000000157fc                _alt_nticks
 .sbss          0x0000000000015800        0x4 ../bsp\libhal_bsp.a(alt_instruction_exception_entry.o)
                0x0000000000015800                alt_instruction_exception_handler
 .sbss          0x0000000000015804        0x4 c:/intelfpga_lite/18.1/nios2eds/bin/gnu/h-x86_64-mingw32/bin/../lib/gcc/nios2-elf/5.3.0/../../../../../H-x86_64-mingw32/nios2-elf/lib/mno-hw-mul\libc.a(lib_a-int_errno.o)
                0x0000000000015804                errno
 *(.sbss2 .sbss2.* .gnu.linkonce.sb2.*)
 *(.scommon)
                [!provide]                        PROVIDE (__sbss_end, ABSOLUTE (.))
                [!provide]                        PROVIDE (___sbss_end, ABSOLUTE (.))
 *(.dynbss)
 *(.bss .bss.* .gnu.linkonce.b.*)
 .bss           0x0000000000015808        0x0 ../bsp/obj/HAL/src/crt0.o
 .bss           0x0000000000015808        0x0 obj/default/main.o
 .bss           0x0000000000015808        0x0 c:/intelfpga_lite/18.1/nios2eds/bin/gnu/h-x86_64-mingw32/bin/../lib/gcc/nios2-elf/5.3.0/mno-hw-mul\libgcc.a(lib2-divmod.o)
 .bss           0x0000000000015808        0x0 ../bsp\libhal_bsp.a(alt_irq_register.o)
 .bss           0x0000000000015808        0x0 ../bsp\libhal_bsp.a(alt_irq_vars.o)
 .bss           0x0000000000015808        0x0 ../bsp\libhal_bsp.a(alt_load.o)
 .bss           0x0000000000015808        0x0 ../bsp\libhal_bsp.a(alt_main.o)
 .bss           0x0000000000015808        0x0 ../bsp\libhal_bsp.a(alt_usleep.o)
 .bss           0x0000000000015808        0x0 ../bsp\libhal_bsp.a(alt_sys_init.o)
 .bss           0x0000000000015808        0x0 ../bsp\libhal_bsp.a(altera_avalon_jtag_uart_fd.o)
 .bss           0x0000000000015808        0x0 ../bsp\libhal_bsp.a(altera_avalon_jtag_uart_init.o)
 .bss           0x0000000000015808        0x0 ../bsp\libhal_bsp.a(altera_avalon_jtag_uart_ioctl.o)
 .bss           0x0000000000015808        0x0 ../bsp\libhal_bsp.a(altera_avalon_jtag_uart_read.o)
 .bss           0x0000000000015808        0x0 ../bsp\libhal_bsp.a(altera_avalon_jtag_uart_write.o)
 .bss           0x0000000000015808        0x0 ../bsp\libhal_bsp.a(alt_alarm_start.o)
 .bss           0x0000000000015808        0x0 ../bsp\libhal_bsp.a(alt_busy_sleep.o)
 .bss           0x0000000000015808        0x0 ../bsp\libhal_bsp.a(alt_close.o)
 .bss           0x0000000000015808        0x0 ../bsp\libhal_bsp.a(alt_dcache_flush_all.o)
 .bss           0x0000000000015808        0x0 ../bsp\libhal_bsp.a(alt_dev.o)
 .bss           0x0000000000015808        0x0 ../bsp\libhal_bsp.a(alt_dev_llist_insert.o)
 .bss           0x0000000000015808        0x0 ../bsp\libhal_bsp.a(alt_do_ctors.o)
 .bss           0x0000000000015808        0x0 ../bsp\libhal_bsp.a(alt_do_dtors.o)
 .bss           0x0000000000015808        0x0 ../bsp\libhal_bsp.a(alt_errno.o)
 .bss           0x0000000000015808        0x0 ../bsp\libhal_bsp.a(alt_icache_flush_all.o)
 .bss           0x0000000000015808        0x0 ../bsp\libhal_bsp.a(alt_iic.o)
 .bss           0x0000000000015808        0x0 ../bsp\libhal_bsp.a(alt_iic_isr_register.o)
 .bss           0x0000000000015808        0x0 ../bsp\libhal_bsp.a(alt_io_redirect.o)
 .bss           0x0000000000015808        0x0 ../bsp\libhal_bsp.a(alt_irq_entry.o)
 .bss           0x0000000000015808        0x0 ../bsp\libhal_bsp.a(alt_irq_handler.o)
 .bss           0x0000000000015808        0x0 ../bsp\libhal_bsp.a(alt_open.o)
 .bss           0x0000000000015808        0x0 ../bsp\libhal_bsp.a(alt_release_fd.o)
 .bss           0x0000000000015808        0x0 ../bsp\libhal_bsp.a(alt_tick.o)
 .bss           0x0000000000015808        0x0 ../bsp\libhal_bsp.a(altera_nios2_gen2_irq.o)
 .bss           0x0000000000015808        0x0 ../bsp\libhal_bsp.a(alt_exception_entry.o)
 .bss           0x0000000000015808        0x0 ../bsp\libhal_bsp.a(alt_find_dev.o)
 .bss           0x0000000000015808        0x0 ../bsp\libhal_bsp.a(alt_find_file.o)
 .bss           0x0000000000015808        0x0 ../bsp\libhal_bsp.a(alt_get_fd.o)
 .bss           0x0000000000015808        0x0 ../bsp\libhal_bsp.a(alt_instruction_exception_entry.o)
 .bss           0x0000000000015808        0x0 c:/intelfpga_lite/18.1/nios2eds/bin/gnu/h-x86_64-mingw32/bin/../lib/gcc/nios2-elf/5.3.0/../../../../../H-x86_64-mingw32/nios2-elf/lib/mno-hw-mul\libc.a(lib_a-atexit.o)
 .bss           0x0000000000015808        0x0 c:/intelfpga_lite/18.1/nios2eds/bin/gnu/h-x86_64-mingw32/bin/../lib/gcc/nios2-elf/5.3.0/../../../../../H-x86_64-mingw32/nios2-elf/lib/mno-hw-mul\libc.a(lib_a-exit.o)
 .bss           0x0000000000015808        0x0 c:/intelfpga_lite/18.1/nios2eds/bin/gnu/h-x86_64-mingw32/bin/../lib/gcc/nios2-elf/5.3.0/../../../../../H-x86_64-mingw32/nios2-elf/lib/mno-hw-mul\libc.a(lib_a-impure.o)
 .bss           0x0000000000015808        0x0 c:/intelfpga_lite/18.1/nios2eds/bin/gnu/h-x86_64-mingw32/bin/../lib/gcc/nios2-elf/5.3.0/../../../../../H-x86_64-mingw32/nios2-elf/lib/mno-hw-mul\libc.a(lib_a-int_errno.o)
 .bss           0x0000000000015808        0x0 c:/intelfpga_lite/18.1/nios2eds/bin/gnu/h-x86_64-mingw32/bin/../lib/gcc/nios2-elf/5.3.0/../../../../../H-x86_64-mingw32/nios2-elf/lib/mno-hw-mul\libc.a(lib_a-memcmp.o)
 .bss           0x0000000000015808        0x0 c:/intelfpga_lite/18.1/nios2eds/bin/gnu/h-x86_64-mingw32/bin/../lib/gcc/nios2-elf/5.3.0/../../../../../H-x86_64-mingw32/nios2-elf/lib/mno-hw-mul\libc.a(lib_a-memcpy.o)
 .bss           0x0000000000015808        0x0 c:/intelfpga_lite/18.1/nios2eds/bin/gnu/h-x86_64-mingw32/bin/../lib/gcc/nios2-elf/5.3.0/../../../../../H-x86_64-mingw32/nios2-elf/lib/mno-hw-mul\libc.a(lib_a-strlen.o)
 .bss           0x0000000000015808        0x0 c:/intelfpga_lite/18.1/nios2eds/bin/gnu/h-x86_64-mingw32/bin/../lib/gcc/nios2-elf/5.3.0/../../../../../H-x86_64-mingw32/nios2-elf/lib/mno-hw-mul\libc.a(lib_a-__atexit.o)
 .bss           0x0000000000015808        0x0 c:/intelfpga_lite/18.1/nios2eds/bin/gnu/h-x86_64-mingw32/bin/../lib/gcc/nios2-elf/5.3.0/../../../../../H-x86_64-mingw32/nios2-elf/lib/mno-hw-mul\libc.a(lib_a-__call_atexit.o)
 .bss           0x0000000000015808        0x0 c:/intelfpga_lite/18.1/nios2eds/bin/gnu/h-x86_64-mingw32/bin/../lib/gcc/nios2-elf/5.3.0/mno-hw-mul\libgcc.a(lib2-mul.o)
 .bss           0x0000000000015808        0x0 ../bsp\libhal_bsp.a(alt_exit.o)
 *(COMMON)
 COMMON         0x0000000000015808      0x100 ../bsp\libhal_bsp.a(alt_irq_handler.o)
                0x0000000000015808                alt_irq
                0x0000000000015908                . = ALIGN (0x4)
                0x0000000000015908                __bss_end = ABSOLUTE (.)

.onchip_memory2_0
                0x0000000000015908        0x0
                [!provide]                        PROVIDE (_alt_partition_onchip_memory2_0_start, ABSOLUTE (.))
 *(.onchip_memory2_0 .onchip_memory2_0. onchip_memory2_0.*)
                0x0000000000015908                . = ALIGN (0x4)
                [!provide]                        PROVIDE (_alt_partition_onchip_memory2_0_end, ABSOLUTE (.))
                0x0000000000015908                _end = ABSOLUTE (.)
                0x0000000000015908                end = ABSOLUTE (.)
                0x0000000000015908                __alt_stack_base = ABSOLUTE (.)
                [!provide]                        PROVIDE (_alt_partition_onchip_memory2_0_load_addr, LOADADDR (.onchip_memory2_0))

.stab
 *(.stab)

.stabstr
 *(.stabstr)

.stab.excl
 *(.stab.excl)

.stab.exclstr
 *(.stab.exclstr)

.stab.index
 *(.stab.index)

.stab.indexstr
 *(.stab.indexstr)

.comment        0x0000000000000000       0x23
 *(.comment)
 .comment       0x0000000000000000       0x23 obj/default/main.o
                                         0x24 (size before relaxing)
 .comment       0x0000000000000023       0x24 c:/intelfpga_lite/18.1/nios2eds/bin/gnu/h-x86_64-mingw32/bin/../lib/gcc/nios2-elf/5.3.0/mno-hw-mul\libgcc.a(lib2-divmod.o)
 .comment       0x0000000000000023       0x24 ../bsp\libhal_bsp.a(alt_irq_register.o)
 .comment       0x0000000000000023       0x24 ../bsp\libhal_bsp.a(alt_irq_vars.o)
 .comment       0x0000000000000023       0x24 ../bsp\libhal_bsp.a(alt_load.o)
 .comment       0x0000000000000023       0x24 ../bsp\libhal_bsp.a(alt_main.o)
 .comment       0x0000000000000023       0x24 ../bsp\libhal_bsp.a(alt_usleep.o)
 .comment       0x0000000000000023       0x24 ../bsp\libhal_bsp.a(alt_sys_init.o)
 .comment       0x0000000000000023       0x24 ../bsp\libhal_bsp.a(altera_avalon_jtag_uart_fd.o)
 .comment       0x0000000000000023       0x24 ../bsp\libhal_bsp.a(altera_avalon_jtag_uart_init.o)
 .comment       0x0000000000000023       0x24 ../bsp\libhal_bsp.a(altera_avalon_jtag_uart_ioctl.o)
 .comment       0x0000000000000023       0x24 ../bsp\libhal_bsp.a(altera_avalon_jtag_uart_read.o)
 .comment       0x0000000000000023       0x24 ../bsp\libhal_bsp.a(altera_avalon_jtag_uart_write.o)
 .comment       0x0000000000000023       0x24 ../bsp\libhal_bsp.a(alt_alarm_start.o)
 .comment       0x0000000000000023       0x24 ../bsp\libhal_bsp.a(alt_busy_sleep.o)
 .comment       0x0000000000000023       0x24 ../bsp\libhal_bsp.a(alt_close.o)
 .comment       0x0000000000000023       0x24 ../bsp\libhal_bsp.a(alt_dcache_flush_all.o)
 .comment       0x0000000000000023       0x24 ../bsp\libhal_bsp.a(alt_dev.o)
 .comment       0x0000000000000023       0x24 ../bsp\libhal_bsp.a(alt_dev_llist_insert.o)
 .comment       0x0000000000000023       0x24 ../bsp\libhal_bsp.a(alt_do_ctors.o)
 .comment       0x0000000000000023       0x24 ../bsp\libhal_bsp.a(alt_do_dtors.o)
 .comment       0x0000000000000023       0x24 ../bsp\libhal_bsp.a(alt_errno.o)
 .comment       0x0000000000000023       0x24 ../bsp\libhal_bsp.a(alt_icache_flush_all.o)
 .comment       0x0000000000000023       0x24 ../bsp\libhal_bsp.a(alt_iic.o)
 .comment       0x0000000000000023       0x24 ../bsp\libhal_bsp.a(alt_iic_isr_register.o)
 .comment       0x0000000000000023       0x24 ../bsp\libhal_bsp.a(alt_io_redirect.o)
 .comment       0x0000000000000023       0x24 ../bsp\libhal_bsp.a(alt_irq_handler.o)
 .comment       0x0000000000000023       0x24 ../bsp\libhal_bsp.a(alt_open.o)
 .comment       0x0000000000000023       0x24 ../bsp\libhal_bsp.a(alt_release_fd.o)
 .comment       0x0000000000000023       0x24 ../bsp\libhal_bsp.a(alt_tick.o)
 .comment       0x0000000000000023       0x24 ../bsp\libhal_bsp.a(altera_nios2_gen2_irq.o)
 .comment       0x0000000000000023       0x24 ../bsp\libhal_bsp.a(alt_find_dev.o)
 .comment       0x0000000000000023       0x24 ../bsp\libhal_bsp.a(alt_find_file.o)
 .comment       0x0000000000000023       0x24 ../bsp\libhal_bsp.a(alt_get_fd.o)
 .comment       0x0000000000000023       0x24 ../bsp\libhal_bsp.a(alt_instruction_exception_entry.o)
 .comment       0x0000000000000023       0x24 c:/intelfpga_lite/18.1/nios2eds/bin/gnu/h-x86_64-mingw32/bin/../lib/gcc/nios2-elf/5.3.0/../../../../../H-x86_64-mingw32/nios2-elf/lib/mno-hw-mul\libc.a(lib_a-atexit.o)
 .comment       0x0000000000000023       0x24 c:/intelfpga_lite/18.1/nios2eds/bin/gnu/h-x86_64-mingw32/bin/../lib/gcc/nios2-elf/5.3.0/../../../../../H-x86_64-mingw32/nios2-elf/lib/mno-hw-mul\libc.a(lib_a-exit.o)
 .comment       0x0000000000000023       0x24 c:/intelfpga_lite/18.1/nios2eds/bin/gnu/h-x86_64-mingw32/bin/../lib/gcc/nios2-elf/5.3.0/../../../../../H-x86_64-mingw32/nios2-elf/lib/mno-hw-mul\libc.a(lib_a-impure.o)
 .comment       0x0000000000000023       0x24 c:/intelfpga_lite/18.1/nios2eds/bin/gnu/h-x86_64-mingw32/bin/../lib/gcc/nios2-elf/5.3.0/../../../../../H-x86_64-mingw32/nios2-elf/lib/mno-hw-mul\libc.a(lib_a-int_errno.o)
 .comment       0x0000000000000023       0x24 c:/intelfpga_lite/18.1/nios2eds/bin/gnu/h-x86_64-mingw32/bin/../lib/gcc/nios2-elf/5.3.0/../../../../../H-x86_64-mingw32/nios2-elf/lib/mno-hw-mul\libc.a(lib_a-memcmp.o)
 .comment       0x0000000000000023       0x24 c:/intelfpga_lite/18.1/nios2eds/bin/gnu/h-x86_64-mingw32/bin/../lib/gcc/nios2-elf/5.3.0/../../../../../H-x86_64-mingw32/nios2-elf/lib/mno-hw-mul\libc.a(lib_a-memcpy.o)
 .comment       0x0000000000000023       0x24 c:/intelfpga_lite/18.1/nios2eds/bin/gnu/h-x86_64-mingw32/bin/../lib/gcc/nios2-elf/5.3.0/../../../../../H-x86_64-mingw32/nios2-elf/lib/mno-hw-mul\libc.a(lib_a-strlen.o)
 .comment       0x0000000000000023       0x24 c:/intelfpga_lite/18.1/nios2eds/bin/gnu/h-x86_64-mingw32/bin/../lib/gcc/nios2-elf/5.3.0/../../../../../H-x86_64-mingw32/nios2-elf/lib/mno-hw-mul\libc.a(lib_a-__atexit.o)
 .comment       0x0000000000000023       0x24 c:/intelfpga_lite/18.1/nios2eds/bin/gnu/h-x86_64-mingw32/bin/../lib/gcc/nios2-elf/5.3.0/../../../../../H-x86_64-mingw32/nios2-elf/lib/mno-hw-mul\libc.a(lib_a-__call_atexit.o)
 .comment       0x0000000000000023       0x24 c:/intelfpga_lite/18.1/nios2eds/bin/gnu/h-x86_64-mingw32/bin/../lib/gcc/nios2-elf/5.3.0/mno-hw-mul\libgcc.a(lib2-mul.o)
 .comment       0x0000000000000023       0x24 ../bsp\libhal_bsp.a(alt_exit.o)

.debug
 *(.debug)

.line
 *(.line)

.debug_srcinfo
 *(.debug_srcinfo)

.debug_sfnames
 *(.debug_sfnames)

.debug_aranges  0x0000000000000000      0x638
 *(.debug_aranges)
 .debug_aranges
                0x0000000000000000       0x28 ../bsp/obj/HAL/src/crt0.o
 .debug_aranges
                0x0000000000000028       0x20 obj/default/main.o
 .debug_aranges
                0x0000000000000048       0x20 c:/intelfpga_lite/18.1/nios2eds/bin/gnu/h-x86_64-mingw32/bin/../lib/gcc/nios2-elf/5.3.0/mno-hw-mul\libgcc.a(lib2-divmod.o)
 .debug_aranges
                0x0000000000000068       0x20 ../bsp\libhal_bsp.a(alt_irq_register.o)
 .debug_aranges
                0x0000000000000088       0x18 ../bsp\libhal_bsp.a(alt_irq_vars.o)
 .debug_aranges
                0x00000000000000a0       0x20 ../bsp\libhal_bsp.a(alt_load.o)
 .debug_aranges
                0x00000000000000c0       0x20 ../bsp\libhal_bsp.a(alt_main.o)
 .debug_aranges
                0x00000000000000e0       0x20 ../bsp\libhal_bsp.a(alt_usleep.o)
 .debug_aranges
                0x0000000000000100       0x20 ../bsp\libhal_bsp.a(alt_sys_init.o)
 .debug_aranges
                0x0000000000000120       0x20 ../bsp\libhal_bsp.a(altera_avalon_jtag_uart_fd.o)
 .debug_aranges
                0x0000000000000140       0x20 ../bsp\libhal_bsp.a(altera_avalon_jtag_uart_init.o)
 .debug_aranges
                0x0000000000000160       0x20 ../bsp\libhal_bsp.a(altera_avalon_jtag_uart_ioctl.o)
 .debug_aranges
                0x0000000000000180       0x20 ../bsp\libhal_bsp.a(altera_avalon_jtag_uart_read.o)
 .debug_aranges
                0x00000000000001a0       0x20 ../bsp\libhal_bsp.a(altera_avalon_jtag_uart_write.o)
 .debug_aranges
                0x00000000000001c0       0x20 ../bsp\libhal_bsp.a(alt_alarm_start.o)
 .debug_aranges
                0x00000000000001e0       0x20 ../bsp\libhal_bsp.a(alt_busy_sleep.o)
 .debug_aranges
                0x0000000000000200       0x20 ../bsp\libhal_bsp.a(alt_close.o)
 .debug_aranges
                0x0000000000000220       0x20 ../bsp\libhal_bsp.a(alt_dcache_flush_all.o)
 .debug_aranges
                0x0000000000000240       0x20 ../bsp\libhal_bsp.a(alt_dev.o)
 .debug_aranges
                0x0000000000000260       0x20 ../bsp\libhal_bsp.a(alt_dev_llist_insert.o)
 .debug_aranges
                0x0000000000000280       0x20 ../bsp\libhal_bsp.a(alt_do_ctors.o)
 .debug_aranges
                0x00000000000002a0       0x20 ../bsp\libhal_bsp.a(alt_do_dtors.o)
 .debug_aranges
                0x00000000000002c0       0x18 ../bsp\libhal_bsp.a(alt_errno.o)
 .debug_aranges
                0x00000000000002d8       0x20 ../bsp\libhal_bsp.a(alt_icache_flush_all.o)
 .debug_aranges
                0x00000000000002f8       0x20 ../bsp\libhal_bsp.a(alt_iic.o)
 .debug_aranges
                0x0000000000000318       0x20 ../bsp\libhal_bsp.a(alt_iic_isr_register.o)
 .debug_aranges
                0x0000000000000338       0x20 ../bsp\libhal_bsp.a(alt_io_redirect.o)
 .debug_aranges
                0x0000000000000358       0x30 ../bsp\libhal_bsp.a(alt_irq_entry.o)
 .debug_aranges
                0x0000000000000388       0x20 ../bsp\libhal_bsp.a(alt_irq_handler.o)
 .debug_aranges
                0x00000000000003a8       0x20 ../bsp\libhal_bsp.a(alt_open.o)
 .debug_aranges
                0x00000000000003c8       0x20 ../bsp\libhal_bsp.a(alt_release_fd.o)
 .debug_aranges
                0x00000000000003e8       0x20 ../bsp\libhal_bsp.a(alt_tick.o)
 .debug_aranges
                0x0000000000000408       0x20 ../bsp\libhal_bsp.a(altera_nios2_gen2_irq.o)
 .debug_aranges
                0x0000000000000428       0x38 ../bsp\libhal_bsp.a(alt_exception_entry.o)
 .debug_aranges
                0x0000000000000460       0x20 ../bsp\libhal_bsp.a(alt_find_dev.o)
 .debug_aranges
                0x0000000000000480       0x20 ../bsp\libhal_bsp.a(alt_find_file.o)
 .debug_aranges
                0x00000000000004a0       0x20 ../bsp\libhal_bsp.a(alt_get_fd.o)
 .debug_aranges
                0x00000000000004c0       0x28 ../bsp\libhal_bsp.a(alt_instruction_exception_entry.o)
 .debug_aranges
                0x00000000000004e8       0x20 c:/intelfpga_lite/18.1/nios2eds/bin/gnu/h-x86_64-mingw32/bin/../lib/gcc/nios2-elf/5.3.0/../../../../../H-x86_64-mingw32/nios2-elf/lib/mno-hw-mul\libc.a(lib_a-atexit.o)
 .debug_aranges
                0x0000000000000508       0x20 c:/intelfpga_lite/18.1/nios2eds/bin/gnu/h-x86_64-mingw32/bin/../lib/gcc/nios2-elf/5.3.0/../../../../../H-x86_64-mingw32/nios2-elf/lib/mno-hw-mul\libc.a(lib_a-exit.o)
 .debug_aranges
                0x0000000000000528       0x18 c:/intelfpga_lite/18.1/nios2eds/bin/gnu/h-x86_64-mingw32/bin/../lib/gcc/nios2-elf/5.3.0/../../../../../H-x86_64-mingw32/nios2-elf/lib/mno-hw-mul\libc.a(lib_a-impure.o)
 .debug_aranges
                0x0000000000000540       0x18 c:/intelfpga_lite/18.1/nios2eds/bin/gnu/h-x86_64-mingw32/bin/../lib/gcc/nios2-elf/5.3.0/../../../../../H-x86_64-mingw32/nios2-elf/lib/mno-hw-mul\libc.a(lib_a-int_errno.o)
 .debug_aranges
                0x0000000000000558       0x20 c:/intelfpga_lite/18.1/nios2eds/bin/gnu/h-x86_64-mingw32/bin/../lib/gcc/nios2-elf/5.3.0/../../../../../H-x86_64-mingw32/nios2-elf/lib/mno-hw-mul\libc.a(lib_a-memcmp.o)
 .debug_aranges
                0x0000000000000578       0x20 c:/intelfpga_lite/18.1/nios2eds/bin/gnu/h-x86_64-mingw32/bin/../lib/gcc/nios2-elf/5.3.0/../../../../../H-x86_64-mingw32/nios2-elf/lib/mno-hw-mul\libc.a(lib_a-memcpy.o)
 .debug_aranges
                0x0000000000000598       0x20 c:/intelfpga_lite/18.1/nios2eds/bin/gnu/h-x86_64-mingw32/bin/../lib/gcc/nios2-elf/5.3.0/../../../../../H-x86_64-mingw32/nios2-elf/lib/mno-hw-mul\libc.a(lib_a-strlen.o)
 .debug_aranges
                0x00000000000005b8       0x20 c:/intelfpga_lite/18.1/nios2eds/bin/gnu/h-x86_64-mingw32/bin/../lib/gcc/nios2-elf/5.3.0/../../../../../H-x86_64-mingw32/nios2-elf/lib/mno-hw-mul\libc.a(lib_a-__atexit.o)
 .debug_aranges
                0x00000000000005d8       0x20 c:/intelfpga_lite/18.1/nios2eds/bin/gnu/h-x86_64-mingw32/bin/../lib/gcc/nios2-elf/5.3.0/../../../../../H-x86_64-mingw32/nios2-elf/lib/mno-hw-mul\libc.a(lib_a-__call_atexit.o)
 .debug_aranges
                0x00000000000005f8       0x20 c:/intelfpga_lite/18.1/nios2eds/bin/gnu/h-x86_64-mingw32/bin/../lib/gcc/nios2-elf/5.3.0/mno-hw-mul\libgcc.a(lib2-mul.o)
 .debug_aranges
                0x0000000000000618       0x20 ../bsp\libhal_bsp.a(alt_exit.o)

.debug_pubnames
 *(.debug_pubnames)

.debug_info     0x0000000000000000     0x7d27
 *(.debug_info .gnu.linkonce.wi.*)
 .debug_info    0x0000000000000000       0x7d ../bsp/obj/HAL/src/crt0.o
 .debug_info    0x000000000000007d      0x144 obj/default/main.o
 .debug_info    0x00000000000001c1      0x2c6 c:/intelfpga_lite/18.1/nios2eds/bin/gnu/h-x86_64-mingw32/bin/../lib/gcc/nios2-elf/5.3.0/mno-hw-mul\libgcc.a(lib2-divmod.o)
 .debug_info    0x0000000000000487      0x324 ../bsp\libhal_bsp.a(alt_irq_register.o)
 .debug_info    0x00000000000007ab       0x88 ../bsp\libhal_bsp.a(alt_irq_vars.o)
 .debug_info    0x0000000000000833      0x145 ../bsp\libhal_bsp.a(alt_load.o)
 .debug_info    0x0000000000000978      0x131 ../bsp\libhal_bsp.a(alt_main.o)
 .debug_info    0x0000000000000aa9       0xb0 ../bsp\libhal_bsp.a(alt_usleep.o)
 .debug_info    0x0000000000000b59      0x4c3 ../bsp\libhal_bsp.a(alt_sys_init.o)
 .debug_info    0x000000000000101c      0x52e ../bsp\libhal_bsp.a(altera_avalon_jtag_uart_fd.o)
 .debug_info    0x000000000000154a      0x3a0 ../bsp\libhal_bsp.a(altera_avalon_jtag_uart_init.o)
 .debug_info    0x00000000000018ea      0x280 ../bsp\libhal_bsp.a(altera_avalon_jtag_uart_ioctl.o)
 .debug_info    0x0000000000001b6a      0x345 ../bsp\libhal_bsp.a(altera_avalon_jtag_uart_read.o)
 .debug_info    0x0000000000001eaf      0x340 ../bsp\libhal_bsp.a(altera_avalon_jtag_uart_write.o)
 .debug_info    0x00000000000021ef      0x2cc ../bsp\libhal_bsp.a(alt_alarm_start.o)
 .debug_info    0x00000000000024bb       0xd7 ../bsp\libhal_bsp.a(alt_busy_sleep.o)
 .debug_info    0x0000000000002592      0x321 ../bsp\libhal_bsp.a(alt_close.o)
 .debug_info    0x00000000000028b3       0x92 ../bsp\libhal_bsp.a(alt_dcache_flush_all.o)
 .debug_info    0x0000000000002945      0x49c ../bsp\libhal_bsp.a(alt_dev.o)
 .debug_info    0x0000000000002de1      0x1a9 ../bsp\libhal_bsp.a(alt_dev_llist_insert.o)
 .debug_info    0x0000000000002f8a       0x83 ../bsp\libhal_bsp.a(alt_do_ctors.o)
 .debug_info    0x000000000000300d       0x83 ../bsp\libhal_bsp.a(alt_do_dtors.o)
 .debug_info    0x0000000000003090       0xa6 ../bsp\libhal_bsp.a(alt_errno.o)
 .debug_info    0x0000000000003136       0x92 ../bsp\libhal_bsp.a(alt_icache_flush_all.o)
 .debug_info    0x00000000000031c8      0x350 ../bsp\libhal_bsp.a(alt_iic.o)
 .debug_info    0x0000000000003518      0x1ef ../bsp\libhal_bsp.a(alt_iic_isr_register.o)
 .debug_info    0x0000000000003707      0x4a5 ../bsp\libhal_bsp.a(alt_io_redirect.o)
 .debug_info    0x0000000000003bac       0x86 ../bsp\libhal_bsp.a(alt_irq_entry.o)
 .debug_info    0x0000000000003c32      0x187 ../bsp\libhal_bsp.a(alt_irq_handler.o)
 .debug_info    0x0000000000003db9      0x3bb ../bsp\libhal_bsp.a(alt_open.o)
 .debug_info    0x0000000000004174      0x2b0 ../bsp\libhal_bsp.a(alt_release_fd.o)
 .debug_info    0x0000000000004424      0x299 ../bsp\libhal_bsp.a(alt_tick.o)
 .debug_info    0x00000000000046bd       0x92 ../bsp\libhal_bsp.a(altera_nios2_gen2_irq.o)
 .debug_info    0x000000000000474f       0x8c ../bsp\libhal_bsp.a(alt_exception_entry.o)
 .debug_info    0x00000000000047db      0x2e9 ../bsp\libhal_bsp.a(alt_find_dev.o)
 .debug_info    0x0000000000004ac4      0x2e6 ../bsp\libhal_bsp.a(alt_find_file.o)
 .debug_info    0x0000000000004daa      0x310 ../bsp\libhal_bsp.a(alt_get_fd.o)
 .debug_info    0x00000000000050ba      0x1e7 ../bsp\libhal_bsp.a(alt_instruction_exception_entry.o)
 .debug_info    0x00000000000052a1       0xfe c:/intelfpga_lite/18.1/nios2eds/bin/gnu/h-x86_64-mingw32/bin/../lib/gcc/nios2-elf/5.3.0/../../../../../H-x86_64-mingw32/nios2-elf/lib/mno-hw-mul\libc.a(lib_a-atexit.o)
 .debug_info    0x000000000000539f      0x8e4 c:/intelfpga_lite/18.1/nios2eds/bin/gnu/h-x86_64-mingw32/bin/../lib/gcc/nios2-elf/5.3.0/../../../../../H-x86_64-mingw32/nios2-elf/lib/mno-hw-mul\libc.a(lib_a-exit.o)
 .debug_info    0x0000000000005c83      0x8a1 c:/intelfpga_lite/18.1/nios2eds/bin/gnu/h-x86_64-mingw32/bin/../lib/gcc/nios2-elf/5.3.0/../../../../../H-x86_64-mingw32/nios2-elf/lib/mno-hw-mul\libc.a(lib_a-impure.o)
 .debug_info    0x0000000000006524       0x8a c:/intelfpga_lite/18.1/nios2eds/bin/gnu/h-x86_64-mingw32/bin/../lib/gcc/nios2-elf/5.3.0/../../../../../H-x86_64-mingw32/nios2-elf/lib/mno-hw-mul\libc.a(lib_a-int_errno.o)
 .debug_info    0x00000000000065ae      0x11a c:/intelfpga_lite/18.1/nios2eds/bin/gnu/h-x86_64-mingw32/bin/../lib/gcc/nios2-elf/5.3.0/../../../../../H-x86_64-mingw32/nios2-elf/lib/mno-hw-mul\libc.a(lib_a-memcmp.o)
 .debug_info    0x00000000000066c8      0x144 c:/intelfpga_lite/18.1/nios2eds/bin/gnu/h-x86_64-mingw32/bin/../lib/gcc/nios2-elf/5.3.0/../../../../../H-x86_64-mingw32/nios2-elf/lib/mno-hw-mul\libc.a(lib_a-memcpy.o)
 .debug_info    0x000000000000680c       0xe2 c:/intelfpga_lite/18.1/nios2eds/bin/gnu/h-x86_64-mingw32/bin/../lib/gcc/nios2-elf/5.3.0/../../../../../H-x86_64-mingw32/nios2-elf/lib/mno-hw-mul\libc.a(lib_a-strlen.o)
 .debug_info    0x00000000000068ee      0x934 c:/intelfpga_lite/18.1/nios2eds/bin/gnu/h-x86_64-mingw32/bin/../lib/gcc/nios2-elf/5.3.0/../../../../../H-x86_64-mingw32/nios2-elf/lib/mno-hw-mul\libc.a(lib_a-__atexit.o)
 .debug_info    0x0000000000007222      0x965 c:/intelfpga_lite/18.1/nios2eds/bin/gnu/h-x86_64-mingw32/bin/../lib/gcc/nios2-elf/5.3.0/../../../../../H-x86_64-mingw32/nios2-elf/lib/mno-hw-mul\libc.a(lib_a-__call_atexit.o)
 .debug_info    0x0000000000007b87       0xb4 c:/intelfpga_lite/18.1/nios2eds/bin/gnu/h-x86_64-mingw32/bin/../lib/gcc/nios2-elf/5.3.0/mno-hw-mul\libgcc.a(lib2-mul.o)
 .debug_info    0x0000000000007c3b       0xec ../bsp\libhal_bsp.a(alt_exit.o)

.debug_abbrev   0x0000000000000000     0x2cf1
 *(.debug_abbrev)
 .debug_abbrev  0x0000000000000000       0x12 ../bsp/obj/HAL/src/crt0.o
 .debug_abbrev  0x0000000000000012       0xcb obj/default/main.o
 .debug_abbrev  0x00000000000000dd      0x10e c:/intelfpga_lite/18.1/nios2eds/bin/gnu/h-x86_64-mingw32/bin/../lib/gcc/nios2-elf/5.3.0/mno-hw-mul\libgcc.a(lib2-divmod.o)
 .debug_abbrev  0x00000000000001eb      0x186 ../bsp\libhal_bsp.a(alt_irq_register.o)
 .debug_abbrev  0x0000000000000371       0x40 ../bsp\libhal_bsp.a(alt_irq_vars.o)
 .debug_abbrev  0x00000000000003b1       0x9f ../bsp\libhal_bsp.a(alt_load.o)
 .debug_abbrev  0x0000000000000450       0xba ../bsp\libhal_bsp.a(alt_main.o)
 .debug_abbrev  0x000000000000050a       0x60 ../bsp\libhal_bsp.a(alt_usleep.o)
 .debug_abbrev  0x000000000000056a      0x187 ../bsp\libhal_bsp.a(alt_sys_init.o)
 .debug_abbrev  0x00000000000006f1      0x127 ../bsp\libhal_bsp.a(altera_avalon_jtag_uart_fd.o)
 .debug_abbrev  0x0000000000000818      0x19e ../bsp\libhal_bsp.a(altera_avalon_jtag_uart_init.o)
 .debug_abbrev  0x00000000000009b6      0x111 ../bsp\libhal_bsp.a(altera_avalon_jtag_uart_ioctl.o)
 .debug_abbrev  0x0000000000000ac7      0x1aa ../bsp\libhal_bsp.a(altera_avalon_jtag_uart_read.o)
 .debug_abbrev  0x0000000000000c71      0x1a8 ../bsp\libhal_bsp.a(altera_avalon_jtag_uart_write.o)
 .debug_abbrev  0x0000000000000e19      0x162 ../bsp\libhal_bsp.a(alt_alarm_start.o)
 .debug_abbrev  0x0000000000000f7b       0x7e ../bsp\libhal_bsp.a(alt_busy_sleep.o)
 .debug_abbrev  0x0000000000000ff9      0x11f ../bsp\libhal_bsp.a(alt_close.o)
 .debug_abbrev  0x0000000000001118       0x42 ../bsp\libhal_bsp.a(alt_dcache_flush_all.o)
 .debug_abbrev  0x000000000000115a       0xd9 ../bsp\libhal_bsp.a(alt_dev.o)
 .debug_abbrev  0x0000000000001233      0x114 ../bsp\libhal_bsp.a(alt_dev_llist_insert.o)
 .debug_abbrev  0x0000000000001347       0x79 ../bsp\libhal_bsp.a(alt_do_ctors.o)
 .debug_abbrev  0x00000000000013c0       0x79 ../bsp\libhal_bsp.a(alt_do_dtors.o)
 .debug_abbrev  0x0000000000001439       0x5a ../bsp\libhal_bsp.a(alt_errno.o)
 .debug_abbrev  0x0000000000001493       0x42 ../bsp\libhal_bsp.a(alt_icache_flush_all.o)
 .debug_abbrev  0x00000000000014d5      0x163 ../bsp\libhal_bsp.a(alt_iic.o)
 .debug_abbrev  0x0000000000001638      0x169 ../bsp\libhal_bsp.a(alt_iic_isr_register.o)
 .debug_abbrev  0x00000000000017a1      0x114 ../bsp\libhal_bsp.a(alt_io_redirect.o)
 .debug_abbrev  0x00000000000018b5       0x12 ../bsp\libhal_bsp.a(alt_irq_entry.o)
 .debug_abbrev  0x00000000000018c7      0x122 ../bsp\libhal_bsp.a(alt_irq_handler.o)
 .debug_abbrev  0x00000000000019e9      0x148 ../bsp\libhal_bsp.a(alt_open.o)
 .debug_abbrev  0x0000000000001b31       0xde ../bsp\libhal_bsp.a(alt_release_fd.o)
 .debug_abbrev  0x0000000000001c0f      0x15a ../bsp\libhal_bsp.a(alt_tick.o)
 .debug_abbrev  0x0000000000001d69       0x42 ../bsp\libhal_bsp.a(altera_nios2_gen2_irq.o)
 .debug_abbrev  0x0000000000001dab       0x12 ../bsp\libhal_bsp.a(alt_exception_entry.o)
 .debug_abbrev  0x0000000000001dbd       0xf0 ../bsp\libhal_bsp.a(alt_find_dev.o)
 .debug_abbrev  0x0000000000001ead       0xf0 ../bsp\libhal_bsp.a(alt_find_file.o)
 .debug_abbrev  0x0000000000001f9d      0x10d ../bsp\libhal_bsp.a(alt_get_fd.o)
 .debug_abbrev  0x00000000000020aa       0xdc ../bsp\libhal_bsp.a(alt_instruction_exception_entry.o)
 .debug_abbrev  0x0000000000002186       0xaa c:/intelfpga_lite/18.1/nios2eds/bin/gnu/h-x86_64-mingw32/bin/../lib/gcc/nios2-elf/5.3.0/../../../../../H-x86_64-mingw32/nios2-elf/lib/mno-hw-mul\libc.a(lib_a-atexit.o)
 .debug_abbrev  0x0000000000002230      0x1e5 c:/intelfpga_lite/18.1/nios2eds/bin/gnu/h-x86_64-mingw32/bin/../lib/gcc/nios2-elf/5.3.0/../../../../../H-x86_64-mingw32/nios2-elf/lib/mno-hw-mul\libc.a(lib_a-exit.o)
 .debug_abbrev  0x0000000000002415      0x18f c:/intelfpga_lite/18.1/nios2eds/bin/gnu/h-x86_64-mingw32/bin/../lib/gcc/nios2-elf/5.3.0/../../../../../H-x86_64-mingw32/nios2-elf/lib/mno-hw-mul\libc.a(lib_a-impure.o)
 .debug_abbrev  0x00000000000025a4       0x37 c:/intelfpga_lite/18.1/nios2eds/bin/gnu/h-x86_64-mingw32/bin/../lib/gcc/nios2-elf/5.3.0/../../../../../H-x86_64-mingw32/nios2-elf/lib/mno-hw-mul\libc.a(lib_a-int_errno.o)
 .debug_abbrev  0x00000000000025db       0x7f c:/intelfpga_lite/18.1/nios2eds/bin/gnu/h-x86_64-mingw32/bin/../lib/gcc/nios2-elf/5.3.0/../../../../../H-x86_64-mingw32/nios2-elf/lib/mno-hw-mul\libc.a(lib_a-memcmp.o)
 .debug_abbrev  0x000000000000265a       0xa3 c:/intelfpga_lite/18.1/nios2eds/bin/gnu/h-x86_64-mingw32/bin/../lib/gcc/nios2-elf/5.3.0/../../../../../H-x86_64-mingw32/nios2-elf/lib/mno-hw-mul\libc.a(lib_a-memcpy.o)
 .debug_abbrev  0x00000000000026fd       0x90 c:/intelfpga_lite/18.1/nios2eds/bin/gnu/h-x86_64-mingw32/bin/../lib/gcc/nios2-elf/5.3.0/../../../../../H-x86_64-mingw32/nios2-elf/lib/mno-hw-mul\libc.a(lib_a-strlen.o)
 .debug_abbrev  0x000000000000278d      0x21e c:/intelfpga_lite/18.1/nios2eds/bin/gnu/h-x86_64-mingw32/bin/../lib/gcc/nios2-elf/5.3.0/../../../../../H-x86_64-mingw32/nios2-elf/lib/mno-hw-mul\libc.a(lib_a-__atexit.o)
 .debug_abbrev  0x00000000000029ab      0x22e c:/intelfpga_lite/18.1/nios2eds/bin/gnu/h-x86_64-mingw32/bin/../lib/gcc/nios2-elf/5.3.0/../../../../../H-x86_64-mingw32/nios2-elf/lib/mno-hw-mul\libc.a(lib_a-__call_atexit.o)
 .debug_abbrev  0x0000000000002bd9       0x6f c:/intelfpga_lite/18.1/nios2eds/bin/gnu/h-x86_64-mingw32/bin/../lib/gcc/nios2-elf/5.3.0/mno-hw-mul\libgcc.a(lib2-mul.o)
 .debug_abbrev  0x0000000000002c48       0xa9 ../bsp\libhal_bsp.a(alt_exit.o)

.debug_line     0x0000000000000000     0x2da5
 *(.debug_line)
 .debug_line    0x0000000000000000       0x66 ../bsp/obj/HAL/src/crt0.o
 .debug_line    0x0000000000000066       0xe9 obj/default/main.o
 .debug_line    0x000000000000014f      0x105 c:/intelfpga_lite/18.1/nios2eds/bin/gnu/h-x86_64-mingw32/bin/../lib/gcc/nios2-elf/5.3.0/mno-hw-mul\libgcc.a(lib2-divmod.o)
 .debug_line    0x0000000000000254      0x155 ../bsp\libhal_bsp.a(alt_irq_register.o)
 .debug_line    0x00000000000003a9       0x50 ../bsp\libhal_bsp.a(alt_irq_vars.o)
 .debug_line    0x00000000000003f9       0x8e ../bsp\libhal_bsp.a(alt_load.o)
 .debug_line    0x0000000000000487       0xa4 ../bsp\libhal_bsp.a(alt_main.o)
 .debug_line    0x000000000000052b       0xad ../bsp\libhal_bsp.a(alt_usleep.o)
 .debug_line    0x00000000000005d8      0x136 ../bsp\libhal_bsp.a(alt_sys_init.o)
 .debug_line    0x000000000000070e      0x12f ../bsp\libhal_bsp.a(altera_avalon_jtag_uart_fd.o)
 .debug_line    0x000000000000083d      0x18b ../bsp\libhal_bsp.a(altera_avalon_jtag_uart_init.o)
 .debug_line    0x00000000000009c8      0x131 ../bsp\libhal_bsp.a(altera_avalon_jtag_uart_ioctl.o)
 .debug_line    0x0000000000000af9      0x171 ../bsp\libhal_bsp.a(altera_avalon_jtag_uart_read.o)
 .debug_line    0x0000000000000c6a      0x170 ../bsp\libhal_bsp.a(altera_avalon_jtag_uart_write.o)
 .debug_line    0x0000000000000dda       0xf9 ../bsp\libhal_bsp.a(alt_alarm_start.o)
 .debug_line    0x0000000000000ed3       0xa2 ../bsp\libhal_bsp.a(alt_busy_sleep.o)
 .debug_line    0x0000000000000f75      0x165 ../bsp\libhal_bsp.a(alt_close.o)
 .debug_line    0x00000000000010da       0x51 ../bsp\libhal_bsp.a(alt_dcache_flush_all.o)
 .debug_line    0x000000000000112b       0xf8 ../bsp\libhal_bsp.a(alt_dev.o)
 .debug_line    0x0000000000001223       0xcf ../bsp\libhal_bsp.a(alt_dev_llist_insert.o)
 .debug_line    0x00000000000012f2       0x59 ../bsp\libhal_bsp.a(alt_do_ctors.o)
 .debug_line    0x000000000000134b       0x59 ../bsp\libhal_bsp.a(alt_do_dtors.o)
 .debug_line    0x00000000000013a4       0x51 ../bsp\libhal_bsp.a(alt_errno.o)
 .debug_line    0x00000000000013f5       0x4f ../bsp\libhal_bsp.a(alt_icache_flush_all.o)
 .debug_line    0x0000000000001444       0xeb ../bsp\libhal_bsp.a(alt_iic.o)
 .debug_line    0x000000000000152f       0xdb ../bsp\libhal_bsp.a(alt_iic_isr_register.o)
 .debug_line    0x000000000000160a      0x135 ../bsp\libhal_bsp.a(alt_io_redirect.o)
 .debug_line    0x000000000000173f       0x6b ../bsp\libhal_bsp.a(alt_irq_entry.o)
 .debug_line    0x00000000000017aa       0xaa ../bsp\libhal_bsp.a(alt_irq_handler.o)
 .debug_line    0x0000000000001854      0x12b ../bsp\libhal_bsp.a(alt_open.o)
 .debug_line    0x000000000000197f       0xb0 ../bsp\libhal_bsp.a(alt_release_fd.o)
 .debug_line    0x0000000000001a2f       0xff ../bsp\libhal_bsp.a(alt_tick.o)
 .debug_line    0x0000000000001b2e       0x51 ../bsp\libhal_bsp.a(altera_nios2_gen2_irq.o)
 .debug_line    0x0000000000001b7f       0xb3 ../bsp\libhal_bsp.a(alt_exception_entry.o)
 .debug_line    0x0000000000001c32       0xb5 ../bsp\libhal_bsp.a(alt_find_dev.o)
 .debug_line    0x0000000000001ce7       0xd1 ../bsp\libhal_bsp.a(alt_find_file.o)
 .debug_line    0x0000000000001db8       0xd7 ../bsp\libhal_bsp.a(alt_get_fd.o)
 .debug_line    0x0000000000001e8f       0xb9 ../bsp\libhal_bsp.a(alt_instruction_exception_entry.o)
 .debug_line    0x0000000000001f48       0xe7 c:/intelfpga_lite/18.1/nios2eds/bin/gnu/h-x86_64-mingw32/bin/../lib/gcc/nios2-elf/5.3.0/../../../../../H-x86_64-mingw32/nios2-elf/lib/mno-hw-mul\libc.a(lib_a-atexit.o)
 .debug_line    0x000000000000202f      0x1fc c:/intelfpga_lite/18.1/nios2eds/bin/gnu/h-x86_64-mingw32/bin/../lib/gcc/nios2-elf/5.3.0/../../../../../H-x86_64-mingw32/nios2-elf/lib/mno-hw-mul\libc.a(lib_a-exit.o)
 .debug_line    0x000000000000222b      0x160 c:/intelfpga_lite/18.1/nios2eds/bin/gnu/h-x86_64-mingw32/bin/../lib/gcc/nios2-elf/5.3.0/../../../../../H-x86_64-mingw32/nios2-elf/lib/mno-hw-mul\libc.a(lib_a-impure.o)
 .debug_line    0x000000000000238b       0x5f c:/intelfpga_lite/18.1/nios2eds/bin/gnu/h-x86_64-mingw32/bin/../lib/gcc/nios2-elf/5.3.0/../../../../../H-x86_64-mingw32/nios2-elf/lib/mno-hw-mul\libc.a(lib_a-int_errno.o)
 .debug_line    0x00000000000023ea      0x176 c:/intelfpga_lite/18.1/nios2eds/bin/gnu/h-x86_64-mingw32/bin/../lib/gcc/nios2-elf/5.3.0/../../../../../H-x86_64-mingw32/nios2-elf/lib/mno-hw-mul\libc.a(lib_a-memcmp.o)
 .debug_line    0x0000000000002560      0x18c c:/intelfpga_lite/18.1/nios2eds/bin/gnu/h-x86_64-mingw32/bin/../lib/gcc/nios2-elf/5.3.0/../../../../../H-x86_64-mingw32/nios2-elf/lib/mno-hw-mul\libc.a(lib_a-memcpy.o)
 .debug_line    0x00000000000026ec      0x16f c:/intelfpga_lite/18.1/nios2eds/bin/gnu/h-x86_64-mingw32/bin/../lib/gcc/nios2-elf/5.3.0/../../../../../H-x86_64-mingw32/nios2-elf/lib/mno-hw-mul\libc.a(lib_a-strlen.o)
 .debug_line    0x000000000000285b      0x21f c:/intelfpga_lite/18.1/nios2eds/bin/gnu/h-x86_64-mingw32/bin/../lib/gcc/nios2-elf/5.3.0/../../../../../H-x86_64-mingw32/nios2-elf/lib/mno-hw-mul\libc.a(lib_a-__atexit.o)
 .debug_line    0x0000000000002a7a      0x23a c:/intelfpga_lite/18.1/nios2eds/bin/gnu/h-x86_64-mingw32/bin/../lib/gcc/nios2-elf/5.3.0/../../../../../H-x86_64-mingw32/nios2-elf/lib/mno-hw-mul\libc.a(lib_a-__call_atexit.o)
 .debug_line    0x0000000000002cb4       0x80 c:/intelfpga_lite/18.1/nios2eds/bin/gnu/h-x86_64-mingw32/bin/../lib/gcc/nios2-elf/5.3.0/mno-hw-mul\libgcc.a(lib2-mul.o)
 .debug_line    0x0000000000002d34       0x71 ../bsp\libhal_bsp.a(alt_exit.o)

.debug_frame    0x0000000000000000      0xbc0
 *(.debug_frame)
 .debug_frame   0x0000000000000000       0x54 obj/default/main.o
 .debug_frame   0x0000000000000054       0x50 c:/intelfpga_lite/18.1/nios2eds/bin/gnu/h-x86_64-mingw32/bin/../lib/gcc/nios2-elf/5.3.0/mno-hw-mul\libgcc.a(lib2-divmod.o)
 .debug_frame   0x00000000000000a4       0x34 ../bsp\libhal_bsp.a(alt_irq_register.o)
 .debug_frame   0x00000000000000d8       0x5c ../bsp\libhal_bsp.a(alt_load.o)
 .debug_frame   0x0000000000000134       0x2c ../bsp\libhal_bsp.a(alt_main.o)
 .debug_frame   0x0000000000000160       0x38 ../bsp\libhal_bsp.a(alt_usleep.o)
 .debug_frame   0x0000000000000198       0x88 ../bsp\libhal_bsp.a(alt_sys_init.o)
 .debug_frame   0x0000000000000220       0xb0 ../bsp\libhal_bsp.a(altera_avalon_jtag_uart_fd.o)
 .debug_frame   0x00000000000002d0       0xa4 ../bsp\libhal_bsp.a(altera_avalon_jtag_uart_init.o)
 .debug_frame   0x0000000000000374       0x34 ../bsp\libhal_bsp.a(altera_avalon_jtag_uart_ioctl.o)
 .debug_frame   0x00000000000003a8       0x38 ../bsp\libhal_bsp.a(altera_avalon_jtag_uart_read.o)
 .debug_frame   0x00000000000003e0       0x38 ../bsp\libhal_bsp.a(altera_avalon_jtag_uart_write.o)
 .debug_frame   0x0000000000000418       0x34 ../bsp\libhal_bsp.a(alt_alarm_start.o)
 .debug_frame   0x000000000000044c       0x38 ../bsp\libhal_bsp.a(alt_busy_sleep.o)
 .debug_frame   0x0000000000000484       0x60 ../bsp\libhal_bsp.a(alt_close.o)
 .debug_frame   0x00000000000004e4       0x34 ../bsp\libhal_bsp.a(alt_dcache_flush_all.o)
 .debug_frame   0x0000000000000518       0x34 ../bsp\libhal_bsp.a(alt_dev.o)
 .debug_frame   0x000000000000054c       0x60 ../bsp\libhal_bsp.a(alt_dev_llist_insert.o)
 .debug_frame   0x00000000000005ac       0x38 ../bsp\libhal_bsp.a(alt_do_ctors.o)
 .debug_frame   0x00000000000005e4       0x38 ../bsp\libhal_bsp.a(alt_do_dtors.o)
 .debug_frame   0x000000000000061c       0x34 ../bsp\libhal_bsp.a(alt_icache_flush_all.o)
 .debug_frame   0x0000000000000650       0xa4 ../bsp\libhal_bsp.a(alt_iic.o)
 .debug_frame   0x00000000000006f4       0x38 ../bsp\libhal_bsp.a(alt_iic_isr_register.o)
 .debug_frame   0x000000000000072c       0x64 ../bsp\libhal_bsp.a(alt_io_redirect.o)
 .debug_frame   0x0000000000000790       0x38 ../bsp\libhal_bsp.a(alt_irq_handler.o)
 .debug_frame   0x00000000000007c8       0x8c ../bsp\libhal_bsp.a(alt_open.o)
 .debug_frame   0x0000000000000854       0x3c ../bsp\libhal_bsp.a(alt_release_fd.o)
 .debug_frame   0x0000000000000890       0x5c ../bsp\libhal_bsp.a(alt_tick.o)
 .debug_frame   0x00000000000008ec       0x34 ../bsp\libhal_bsp.a(altera_nios2_gen2_irq.o)
 .debug_frame   0x0000000000000920       0x38 ../bsp\libhal_bsp.a(alt_find_dev.o)
 .debug_frame   0x0000000000000958       0x38 ../bsp\libhal_bsp.a(alt_find_file.o)
 .debug_frame   0x0000000000000990       0x3c ../bsp\libhal_bsp.a(alt_get_fd.o)
 .debug_frame   0x00000000000009cc       0x5c ../bsp\libhal_bsp.a(alt_instruction_exception_entry.o)
 .debug_frame   0x0000000000000a28       0x20 c:/intelfpga_lite/18.1/nios2eds/bin/gnu/h-x86_64-mingw32/bin/../lib/gcc/nios2-elf/5.3.0/../../../../../H-x86_64-mingw32/nios2-elf/lib/mno-hw-mul\libc.a(lib_a-atexit.o)
 .debug_frame   0x0000000000000a48       0x28 c:/intelfpga_lite/18.1/nios2eds/bin/gnu/h-x86_64-mingw32/bin/../lib/gcc/nios2-elf/5.3.0/../../../../../H-x86_64-mingw32/nios2-elf/lib/mno-hw-mul\libc.a(lib_a-exit.o)
 .debug_frame   0x0000000000000a70       0x20 c:/intelfpga_lite/18.1/nios2eds/bin/gnu/h-x86_64-mingw32/bin/../lib/gcc/nios2-elf/5.3.0/../../../../../H-x86_64-mingw32/nios2-elf/lib/mno-hw-mul\libc.a(lib_a-memcmp.o)
 .debug_frame   0x0000000000000a90       0x38 c:/intelfpga_lite/18.1/nios2eds/bin/gnu/h-x86_64-mingw32/bin/../lib/gcc/nios2-elf/5.3.0/../../../../../H-x86_64-mingw32/nios2-elf/lib/mno-hw-mul\libc.a(lib_a-memcpy.o)
 .debug_frame   0x0000000000000ac8       0x20 c:/intelfpga_lite/18.1/nios2eds/bin/gnu/h-x86_64-mingw32/bin/../lib/gcc/nios2-elf/5.3.0/../../../../../H-x86_64-mingw32/nios2-elf/lib/mno-hw-mul\libc.a(lib_a-strlen.o)
 .debug_frame   0x0000000000000ae8       0x38 c:/intelfpga_lite/18.1/nios2eds/bin/gnu/h-x86_64-mingw32/bin/../lib/gcc/nios2-elf/5.3.0/../../../../../H-x86_64-mingw32/nios2-elf/lib/mno-hw-mul\libc.a(lib_a-__atexit.o)
 .debug_frame   0x0000000000000b20       0x54 c:/intelfpga_lite/18.1/nios2eds/bin/gnu/h-x86_64-mingw32/bin/../lib/gcc/nios2-elf/5.3.0/../../../../../H-x86_64-mingw32/nios2-elf/lib/mno-hw-mul\libc.a(lib_a-__call_atexit.o)
 .debug_frame   0x0000000000000b74       0x20 c:/intelfpga_lite/18.1/nios2eds/bin/gnu/h-x86_64-mingw32/bin/../lib/gcc/nios2-elf/5.3.0/mno-hw-mul\libgcc.a(lib2-mul.o)
 .debug_frame   0x0000000000000b94       0x2c ../bsp\libhal_bsp.a(alt_exit.o)

.debug_str      0x0000000000000000     0x1ccd
 *(.debug_str)
 .debug_str     0x0000000000000000      0x165 obj/default/main.o
                                        0x1b2 (size before relaxing)
 .debug_str     0x0000000000000165      0x187 c:/intelfpga_lite/18.1/nios2eds/bin/gnu/h-x86_64-mingw32/bin/../lib/gcc/nios2-elf/5.3.0/mno-hw-mul\libgcc.a(lib2-divmod.o)
                                        0x1d2 (size before relaxing)
 .debug_str     0x00000000000002ec      0x107 ../bsp\libhal_bsp.a(alt_irq_register.o)
                                        0x217 (size before relaxing)
 .debug_str     0x00000000000003f3       0x17 ../bsp\libhal_bsp.a(alt_irq_vars.o)
                                        0x149 (size before relaxing)
 .debug_str     0x000000000000040a       0xe9 ../bsp\libhal_bsp.a(alt_load.o)
                                        0x221 (size before relaxing)
 .debug_str     0x00000000000004f3       0x70 ../bsp\libhal_bsp.a(alt_main.o)
                                        0x1ac (size before relaxing)
 .debug_str     0x0000000000000563       0x27 ../bsp\libhal_bsp.a(alt_usleep.o)
                                        0x157 (size before relaxing)
 .debug_str     0x000000000000058a      0x19b ../bsp\libhal_bsp.a(alt_sys_init.o)
                                        0x367 (size before relaxing)
 .debug_str     0x0000000000000725       0xb9 ../bsp\libhal_bsp.a(altera_avalon_jtag_uart_fd.o)
                                        0x3b3 (size before relaxing)
 .debug_str     0x00000000000007de       0xd1 ../bsp\libhal_bsp.a(altera_avalon_jtag_uart_init.o)
                                        0x347 (size before relaxing)
 .debug_str     0x00000000000008af       0x4a ../bsp\libhal_bsp.a(altera_avalon_jtag_uart_ioctl.o)
                                        0x2a2 (size before relaxing)
 .debug_str     0x00000000000008f9       0x48 ../bsp\libhal_bsp.a(altera_avalon_jtag_uart_read.o)
                                        0x2f7 (size before relaxing)
 .debug_str     0x0000000000000941       0x4a ../bsp\libhal_bsp.a(altera_avalon_jtag_uart_write.o)
                                        0x2f8 (size before relaxing)
 .debug_str     0x000000000000098b       0x59 ../bsp\libhal_bsp.a(alt_alarm_start.o)
                                        0x28d (size before relaxing)
 .debug_str     0x00000000000009e4       0x42 ../bsp\libhal_bsp.a(alt_busy_sleep.o)
                                        0x17a (size before relaxing)
 .debug_str     0x0000000000000a26       0x44 ../bsp\libhal_bsp.a(alt_close.o)
                                        0x21a (size before relaxing)
 .debug_str     0x0000000000000a6a       0x34 ../bsp\libhal_bsp.a(alt_dcache_flush_all.o)
                                        0x164 (size before relaxing)
 .debug_str     0x0000000000000a9e      0x120 ../bsp\libhal_bsp.a(alt_dev.o)
                                        0x314 (size before relaxing)
 .debug_str     0x0000000000000bbe       0x34 ../bsp\libhal_bsp.a(alt_dev_llist_insert.o)
                                        0x1db (size before relaxing)
 .debug_str     0x0000000000000bf2       0x48 ../bsp\libhal_bsp.a(alt_do_ctors.o)
                                         0xdf (size before relaxing)
 .debug_str     0x0000000000000c3a       0x4c ../bsp\libhal_bsp.a(alt_do_dtors.o)
                                         0xde (size before relaxing)
 .debug_str     0x0000000000000c86       0x14 ../bsp\libhal_bsp.a(alt_errno.o)
                                        0x154 (size before relaxing)
 .debug_str     0x0000000000000c9a       0x34 ../bsp\libhal_bsp.a(alt_icache_flush_all.o)
                                        0x164 (size before relaxing)
 .debug_str     0x0000000000000cce       0x70 ../bsp\libhal_bsp.a(alt_iic.o)
                                        0x24d (size before relaxing)
 .debug_str     0x0000000000000d3e       0x34 ../bsp\libhal_bsp.a(alt_iic_isr_register.o)
                                        0x1f7 (size before relaxing)
 .debug_str     0x0000000000000d72       0x56 ../bsp\libhal_bsp.a(alt_io_redirect.o)
                                        0x325 (size before relaxing)
 .debug_str     0x0000000000000dc8       0x3a ../bsp\libhal_bsp.a(alt_irq_handler.o)
                                        0x1a6 (size before relaxing)
 .debug_str     0x0000000000000e02       0x2f ../bsp\libhal_bsp.a(alt_open.o)
                                        0x25a (size before relaxing)
 .debug_str     0x0000000000000e31       0x28 ../bsp\libhal_bsp.a(alt_release_fd.o)
                                        0x1e2 (size before relaxing)
 .debug_str     0x0000000000000e59       0x4a ../bsp\libhal_bsp.a(alt_tick.o)
                                        0x261 (size before relaxing)
 .debug_str     0x0000000000000ea3       0x3b ../bsp\libhal_bsp.a(altera_nios2_gen2_irq.o)
                                        0x16b (size before relaxing)
 .debug_str     0x0000000000000ede       0x24 ../bsp\libhal_bsp.a(alt_find_dev.o)
                                        0x1fb (size before relaxing)
 .debug_str     0x0000000000000f02       0x26 ../bsp\libhal_bsp.a(alt_find_file.o)
                                        0x209 (size before relaxing)
 .debug_str     0x0000000000000f28       0x30 ../bsp\libhal_bsp.a(alt_get_fd.o)
                                        0x22b (size before relaxing)
 .debug_str     0x0000000000000f58      0x48b ../bsp\libhal_bsp.a(alt_instruction_exception_entry.o)
                                        0x5af (size before relaxing)
 .debug_str     0x00000000000013e3      0x17c c:/intelfpga_lite/18.1/nios2eds/bin/gnu/h-x86_64-mingw32/bin/../lib/gcc/nios2-elf/5.3.0/../../../../../H-x86_64-mingw32/nios2-elf/lib/mno-hw-mul\libc.a(lib_a-atexit.o)
                                        0x221 (size before relaxing)
 .debug_str     0x000000000000155f      0x3b5 c:/intelfpga_lite/18.1/nios2eds/bin/gnu/h-x86_64-mingw32/bin/../lib/gcc/nios2-elf/5.3.0/../../../../../H-x86_64-mingw32/nios2-elf/lib/mno-hw-mul\libc.a(lib_a-exit.o)
                                        0x5be (size before relaxing)
 .debug_str     0x0000000000001914       0xd6 c:/intelfpga_lite/18.1/nios2eds/bin/gnu/h-x86_64-mingw32/bin/../lib/gcc/nios2-elf/5.3.0/../../../../../H-x86_64-mingw32/nios2-elf/lib/mno-hw-mul\libc.a(lib_a-impure.o)
                                        0x5b5 (size before relaxing)
 .debug_str     0x00000000000019ea       0x3f c:/intelfpga_lite/18.1/nios2eds/bin/gnu/h-x86_64-mingw32/bin/../lib/gcc/nios2-elf/5.3.0/../../../../../H-x86_64-mingw32/nios2-elf/lib/mno-hw-mul\libc.a(lib_a-int_errno.o)
                                        0x1dd (size before relaxing)
 .debug_str     0x0000000000001a29       0xda c:/intelfpga_lite/18.1/nios2eds/bin/gnu/h-x86_64-mingw32/bin/../lib/gcc/nios2-elf/5.3.0/../../../../../H-x86_64-mingw32/nios2-elf/lib/mno-hw-mul\libc.a(lib_a-memcmp.o)
                                        0x1e4 (size before relaxing)
 .debug_str     0x0000000000001b03       0x6b c:/intelfpga_lite/18.1/nios2eds/bin/gnu/h-x86_64-mingw32/bin/../lib/gcc/nios2-elf/5.3.0/../../../../../H-x86_64-mingw32/nios2-elf/lib/mno-hw-mul\libc.a(lib_a-memcpy.o)
                                        0x20b (size before relaxing)
 .debug_str     0x0000000000001b6e       0x51 c:/intelfpga_lite/18.1/nios2eds/bin/gnu/h-x86_64-mingw32/bin/../lib/gcc/nios2-elf/5.3.0/../../../../../H-x86_64-mingw32/nios2-elf/lib/mno-hw-mul\libc.a(lib_a-strlen.o)
                                        0x1f7 (size before relaxing)
 .debug_str     0x0000000000001bbf       0x3f c:/intelfpga_lite/18.1/nios2eds/bin/gnu/h-x86_64-mingw32/bin/../lib/gcc/nios2-elf/5.3.0/../../../../../H-x86_64-mingw32/nios2-elf/lib/mno-hw-mul\libc.a(lib_a-__atexit.o)
                                        0x5f6 (size before relaxing)
 .debug_str     0x0000000000001bfe       0x65 c:/intelfpga_lite/18.1/nios2eds/bin/gnu/h-x86_64-mingw32/bin/../lib/gcc/nios2-elf/5.3.0/../../../../../H-x86_64-mingw32/nios2-elf/lib/mno-hw-mul\libc.a(lib_a-__call_atexit.o)
                                        0x5e2 (size before relaxing)
 .debug_str     0x0000000000001c63       0x40 c:/intelfpga_lite/18.1/nios2eds/bin/gnu/h-x86_64-mingw32/bin/../lib/gcc/nios2-elf/5.3.0/mno-hw-mul\libgcc.a(lib2-mul.o)
                                        0x193 (size before relaxing)
 .debug_str     0x0000000000001ca3       0x2a ../bsp\libhal_bsp.a(alt_exit.o)
                                        0x160 (size before relaxing)

.debug_loc      0x0000000000000000      0xcd1
 *(.debug_loc)
 .debug_loc     0x0000000000000000      0x4ce c:/intelfpga_lite/18.1/nios2eds/bin/gnu/h-x86_64-mingw32/bin/../lib/gcc/nios2-elf/5.3.0/mno-hw-mul\libgcc.a(lib2-divmod.o)
 .debug_loc     0x00000000000004ce       0x2c c:/intelfpga_lite/18.1/nios2eds/bin/gnu/h-x86_64-mingw32/bin/../lib/gcc/nios2-elf/5.3.0/../../../../../H-x86_64-mingw32/nios2-elf/lib/mno-hw-mul\libc.a(lib_a-atexit.o)
 .debug_loc     0x00000000000004fa       0x1e c:/intelfpga_lite/18.1/nios2eds/bin/gnu/h-x86_64-mingw32/bin/../lib/gcc/nios2-elf/5.3.0/../../../../../H-x86_64-mingw32/nios2-elf/lib/mno-hw-mul\libc.a(lib_a-exit.o)
 .debug_loc     0x0000000000000518      0x126 c:/intelfpga_lite/18.1/nios2eds/bin/gnu/h-x86_64-mingw32/bin/../lib/gcc/nios2-elf/5.3.0/../../../../../H-x86_64-mingw32/nios2-elf/lib/mno-hw-mul\libc.a(lib_a-memcmp.o)
 .debug_loc     0x000000000000063e      0x266 c:/intelfpga_lite/18.1/nios2eds/bin/gnu/h-x86_64-mingw32/bin/../lib/gcc/nios2-elf/5.3.0/../../../../../H-x86_64-mingw32/nios2-elf/lib/mno-hw-mul\libc.a(lib_a-memcpy.o)
 .debug_loc     0x00000000000008a4       0x47 c:/intelfpga_lite/18.1/nios2eds/bin/gnu/h-x86_64-mingw32/bin/../lib/gcc/nios2-elf/5.3.0/../../../../../H-x86_64-mingw32/nios2-elf/lib/mno-hw-mul\libc.a(lib_a-strlen.o)
 .debug_loc     0x00000000000008eb      0x185 c:/intelfpga_lite/18.1/nios2eds/bin/gnu/h-x86_64-mingw32/bin/../lib/gcc/nios2-elf/5.3.0/../../../../../H-x86_64-mingw32/nios2-elf/lib/mno-hw-mul\libc.a(lib_a-__atexit.o)
 .debug_loc     0x0000000000000a70      0x1ce c:/intelfpga_lite/18.1/nios2eds/bin/gnu/h-x86_64-mingw32/bin/../lib/gcc/nios2-elf/5.3.0/../../../../../H-x86_64-mingw32/nios2-elf/lib/mno-hw-mul\libc.a(lib_a-__call_atexit.o)
 .debug_loc     0x0000000000000c3e       0x93 c:/intelfpga_lite/18.1/nios2eds/bin/gnu/h-x86_64-mingw32/bin/../lib/gcc/nios2-elf/5.3.0/mno-hw-mul\libgcc.a(lib2-mul.o)

.debug_macinfo
 *(.debug_macinfo)

.debug_weaknames
 *(.debug_weaknames)

.debug_funcnames
 *(.debug_funcnames)

.debug_typenames
 *(.debug_typenames)

.debug_varnames
 *(.debug_varnames)

.debug_alt_sim_info
                0x0000000000000000       0x40
 *(.debug_alt_sim_info)
 .debug_alt_sim_info
                0x0000000000000000       0x10 ../bsp/obj/HAL/src/crt0.o
 .debug_alt_sim_info
                0x0000000000000010       0x30 ../bsp\libhal_bsp.a(alt_busy_sleep.o)
                0x0000000000019c40                __alt_data_end = 0x19c40
                0x0000000000019c40                PROVIDE (__alt_stack_pointer, __alt_data_end)
                [!provide]                        PROVIDE (__alt_stack_limit, __alt_stack_base)
                [!provide]                        PROVIDE (__alt_heap_start, end)
                [!provide]                        PROVIDE (__alt_heap_limit, 0x19c40)
OUTPUT(exec_name.elf elf32-littlenios2)

.debug_ranges   0x0000000000000000      0x1d8
 .debug_ranges  0x0000000000000000       0x20 ../bsp/obj/HAL/src/crt0.o
 .debug_ranges  0x0000000000000020       0x60 c:/intelfpga_lite/18.1/nios2eds/bin/gnu/h-x86_64-mingw32/bin/../lib/gcc/nios2-elf/5.3.0/mno-hw-mul\libgcc.a(lib2-divmod.o)
 .debug_ranges  0x0000000000000080       0x30 ../bsp\libhal_bsp.a(altera_avalon_jtag_uart_init.o)
 .debug_ranges  0x00000000000000b0       0x18 ../bsp\libhal_bsp.a(altera_avalon_jtag_uart_read.o)
 .debug_ranges  0x00000000000000c8       0x28 ../bsp\libhal_bsp.a(alt_irq_entry.o)
 .debug_ranges  0x00000000000000f0       0x10 ../bsp\libhal_bsp.a(alt_irq_handler.o)
 .debug_ranges  0x0000000000000100       0x30 ../bsp\libhal_bsp.a(alt_exception_entry.o)
 .debug_ranges  0x0000000000000130       0x18 ../bsp\libhal_bsp.a(alt_instruction_exception_entry.o)
 .debug_ranges  0x0000000000000148       0x10 c:/intelfpga_lite/18.1/nios2eds/bin/gnu/h-x86_64-mingw32/bin/../lib/gcc/nios2-elf/5.3.0/../../../../../H-x86_64-mingw32/nios2-elf/lib/mno-hw-mul\libc.a(lib_a-atexit.o)
 .debug_ranges  0x0000000000000158       0x10 c:/intelfpga_lite/18.1/nios2eds/bin/gnu/h-x86_64-mingw32/bin/../lib/gcc/nios2-elf/5.3.0/../../../../../H-x86_64-mingw32/nios2-elf/lib/mno-hw-mul\libc.a(lib_a-exit.o)
 .debug_ranges  0x0000000000000168       0x10 c:/intelfpga_lite/18.1/nios2eds/bin/gnu/h-x86_64-mingw32/bin/../lib/gcc/nios2-elf/5.3.0/../../../../../H-x86_64-mingw32/nios2-elf/lib/mno-hw-mul\libc.a(lib_a-memcmp.o)
 .debug_ranges  0x0000000000000178       0x10 c:/intelfpga_lite/18.1/nios2eds/bin/gnu/h-x86_64-mingw32/bin/../lib/gcc/nios2-elf/5.3.0/../../../../../H-x86_64-mingw32/nios2-elf/lib/mno-hw-mul\libc.a(lib_a-memcpy.o)
 .debug_ranges  0x0000000000000188       0x10 c:/intelfpga_lite/18.1/nios2eds/bin/gnu/h-x86_64-mingw32/bin/../lib/gcc/nios2-elf/5.3.0/../../../../../H-x86_64-mingw32/nios2-elf/lib/mno-hw-mul\libc.a(lib_a-strlen.o)
 .debug_ranges  0x0000000000000198       0x10 c:/intelfpga_lite/18.1/nios2eds/bin/gnu/h-x86_64-mingw32/bin/../lib/gcc/nios2-elf/5.3.0/../../../../../H-x86_64-mingw32/nios2-elf/lib/mno-hw-mul\libc.a(lib_a-__atexit.o)
 .debug_ranges  0x00000000000001a8       0x30 c:/intelfpga_lite/18.1/nios2eds/bin/gnu/h-x86_64-mingw32/bin/../lib/gcc/nios2-elf/5.3.0/../../../../../H-x86_64-mingw32/nios2-elf/lib/mno-hw-mul\libc.a(lib_a-__call_atexit.o)
