Archive member included to satisfy reference by file (symbol)

../bsp\libhal_bsp.a(alt_load.o)
                              ../bsp/obj/HAL/src/crt0.o (alt_load)
../bsp\libhal_bsp.a(alt_main.o)
                              ../bsp/obj/HAL/src/crt0.o (alt_main)
../bsp\libhal_bsp.a(alt_sys_init.o)
                              ../bsp\libhal_bsp.a(alt_main.o) (alt_irq_init)
../bsp\libhal_bsp.a(altera_avalon_jtag_uart_fd.o)
                              ../bsp\libhal_bsp.a(alt_sys_init.o) (altera_avalon_jtag_uart_read_fd)
../bsp\libhal_bsp.a(altera_avalon_jtag_uart_init.o)
                              ../bsp\libhal_bsp.a(alt_sys_init.o) (altera_avalon_jtag_uart_init)
../bsp\libhal_bsp.a(altera_avalon_jtag_uart_ioctl.o)
                              ../bsp\libhal_bsp.a(altera_avalon_jtag_uart_fd.o) (altera_avalon_jtag_uart_ioctl)
../bsp\libhal_bsp.a(altera_avalon_jtag_uart_read.o)
                              ../bsp\libhal_bsp.a(altera_avalon_jtag_uart_fd.o) (altera_avalon_jtag_uart_read)
../bsp\libhal_bsp.a(altera_avalon_jtag_uart_write.o)
                              ../bsp\libhal_bsp.a(altera_avalon_jtag_uart_fd.o) (altera_avalon_jtag_uart_write)
../bsp\libhal_bsp.a(alt_alarm_start.o)
                              ../bsp\libhal_bsp.a(altera_avalon_jtag_uart_init.o) (alt_alarm_start)
../bsp\libhal_bsp.a(alt_close.o)
                              ../bsp\libhal_bsp.a(alt_main.o) (close)
../bsp\libhal_bsp.a(alt_dcache_flush_all.o)
                              ../bsp\libhal_bsp.a(alt_load.o) (alt_dcache_flush_all)
../bsp\libhal_bsp.a(alt_dev.o)
                              ../bsp\libhal_bsp.a(alt_sys_init.o) (alt_dev_list)
../bsp\libhal_bsp.a(alt_dev_llist_insert.o)
                              ../bsp\libhal_bsp.a(alt_sys_init.o) (alt_dev_llist_insert)
../bsp\libhal_bsp.a(alt_do_ctors.o)
                              ../bsp\libhal_bsp.a(alt_main.o) (_do_ctors)
../bsp\libhal_bsp.a(alt_do_dtors.o)
                              ../bsp\libhal_bsp.a(alt_main.o) (_do_dtors)
../bsp\libhal_bsp.a(alt_errno.o)
                              ../bsp\libhal_bsp.a(alt_close.o) (alt_errno)
../bsp\libhal_bsp.a(alt_icache_flush_all.o)
                              ../bsp\libhal_bsp.a(alt_load.o) (alt_icache_flush_all)
../bsp\libhal_bsp.a(alt_iic.o)
                              ../bsp\libhal_bsp.a(altera_avalon_jtag_uart_init.o) (alt_ic_isr_register)
../bsp\libhal_bsp.a(alt_iic_isr_register.o)
                              ../bsp\libhal_bsp.a(alt_iic.o) (alt_iic_isr_register)
../bsp\libhal_bsp.a(alt_io_redirect.o)
                              ../bsp\libhal_bsp.a(alt_main.o) (alt_io_redirect)
../bsp\libhal_bsp.a(alt_irq_entry.o)
                              ../bsp\libhal_bsp.a(alt_iic_isr_register.o) (alt_irq_entry)
../bsp\libhal_bsp.a(alt_irq_handler.o)
                              ../bsp\libhal_bsp.a(alt_iic_isr_register.o) (alt_irq)
../bsp\libhal_bsp.a(alt_irq_vars.o)
                              ../bsp\libhal_bsp.a(alt_iic.o) (alt_irq_active)
../bsp\libhal_bsp.a(alt_open.o)
                              ../bsp\libhal_bsp.a(alt_io_redirect.o) (open)
../bsp\libhal_bsp.a(alt_release_fd.o)
                              ../bsp\libhal_bsp.a(alt_close.o) (alt_release_fd)
../bsp\libhal_bsp.a(alt_tick.o)
                              ../bsp\libhal_bsp.a(altera_avalon_jtag_uart_init.o) (_alt_tick_rate)
../bsp\libhal_bsp.a(altera_nios2_gen2_irq.o)
                              ../bsp\libhal_bsp.a(alt_sys_init.o) (altera_nios2_gen2_irq_init)
../bsp\libhal_bsp.a(alt_exception_entry.o)
                              ../bsp\libhal_bsp.a(alt_irq_entry.o) (alt_exception)
../bsp\libhal_bsp.a(alt_find_dev.o)
                              ../bsp\libhal_bsp.a(alt_open.o) (alt_find_dev)
../bsp\libhal_bsp.a(alt_find_file.o)
                              ../bsp\libhal_bsp.a(alt_open.o) (alt_find_file)
../bsp\libhal_bsp.a(alt_get_fd.o)
                              ../bsp\libhal_bsp.a(alt_open.o) (alt_get_fd)
../bsp\libhal_bsp.a(alt_instruction_exception_entry.o)
                              ../bsp\libhal_bsp.a(alt_exception_entry.o) (alt_instruction_exception_entry)
c:/intelfpga_lite/18.1/nios2eds/bin/gnu/h-x86_64-mingw32/bin/../lib/gcc/nios2-elf/5.3.0/../../../../../H-x86_64-mingw32/nios2-elf/lib/mno-hw-mul\libc.a(lib_a-atexit.o)
                              ../bsp\libhal_bsp.a(alt_main.o) (atexit)
c:/intelfpga_lite/18.1/nios2eds/bin/gnu/h-x86_64-mingw32/bin/../lib/gcc/nios2-elf/5.3.0/../../../../../H-x86_64-mingw32/nios2-elf/lib/mno-hw-mul\libc.a(lib_a-exit.o)
                              ../bsp\libhal_bsp.a(alt_main.o) (exit)
c:/intelfpga_lite/18.1/nios2eds/bin/gnu/h-x86_64-mingw32/bin/../lib/gcc/nios2-elf/5.3.0/../../../../../H-x86_64-mingw32/nios2-elf/lib/mno-hw-mul\libc.a(lib_a-impure.o)
                              c:/intelfpga_lite/18.1/nios2eds/bin/gnu/h-x86_64-mingw32/bin/../lib/gcc/nios2-elf/5.3.0/../../../../../H-x86_64-mingw32/nios2-elf/lib/mno-hw-mul\libc.a(lib_a-exit.o) (_global_impure_ptr)
c:/intelfpga_lite/18.1/nios2eds/bin/gnu/h-x86_64-mingw32/bin/../lib/gcc/nios2-elf/5.3.0/../../../../../H-x86_64-mingw32/nios2-elf/lib/mno-hw-mul\libc.a(lib_a-int_errno.o)
                              ../bsp\libhal_bsp.a(alt_close.o) (errno)
c:/intelfpga_lite/18.1/nios2eds/bin/gnu/h-x86_64-mingw32/bin/../lib/gcc/nios2-elf/5.3.0/../../../../../H-x86_64-mingw32/nios2-elf/lib/mno-hw-mul\libc.a(lib_a-memcmp.o)
                              ../bsp\libhal_bsp.a(alt_find_dev.o) (memcmp)
c:/intelfpga_lite/18.1/nios2eds/bin/gnu/h-x86_64-mingw32/bin/../lib/gcc/nios2-elf/5.3.0/../../../../../H-x86_64-mingw32/nios2-elf/lib/mno-hw-mul\libc.a(lib_a-memcpy.o)
                              ../bsp\libhal_bsp.a(altera_avalon_jtag_uart_read.o) (memcpy)
c:/intelfpga_lite/18.1/nios2eds/bin/gnu/h-x86_64-mingw32/bin/../lib/gcc/nios2-elf/5.3.0/../../../../../H-x86_64-mingw32/nios2-elf/lib/mno-hw-mul\libc.a(lib_a-strlen.o)
                              ../bsp\libhal_bsp.a(alt_find_dev.o) (strlen)
c:/intelfpga_lite/18.1/nios2eds/bin/gnu/h-x86_64-mingw32/bin/../lib/gcc/nios2-elf/5.3.0/../../../../../H-x86_64-mingw32/nios2-elf/lib/mno-hw-mul\libc.a(lib_a-__atexit.o)
                              c:/intelfpga_lite/18.1/nios2eds/bin/gnu/h-x86_64-mingw32/bin/../lib/gcc/nios2-elf/5.3.0/../../../../../H-x86_64-mingw32/nios2-elf/lib/mno-hw-mul\libc.a(lib_a-atexit.o) (__register_exitproc)
c:/intelfpga_lite/18.1/nios2eds/bin/gnu/h-x86_64-mingw32/bin/../lib/gcc/nios2-elf/5.3.0/../../../../../H-x86_64-mingw32/nios2-elf/lib/mno-hw-mul\libc.a(lib_a-__call_atexit.o)
                              c:/intelfpga_lite/18.1/nios2eds/bin/gnu/h-x86_64-mingw32/bin/../lib/gcc/nios2-elf/5.3.0/../../../../../H-x86_64-mingw32/nios2-elf/lib/mno-hw-mul\libc.a(lib_a-exit.o) (__call_exitprocs)
c:/intelfpga_lite/18.1/nios2eds/bin/gnu/h-x86_64-mingw32/bin/../lib/gcc/nios2-elf/5.3.0/mno-hw-mul\libgcc.a(lib2-mul.o)
                              ../bsp\libhal_bsp.a(alt_close.o) (__mulsi3)
../bsp\libhal_bsp.a(alt_exit.o)
                              c:/intelfpga_lite/18.1/nios2eds/bin/gnu/h-x86_64-mingw32/bin/../lib/gcc/nios2-elf/5.3.0/../../../../../H-x86_64-mingw32/nios2-elf/lib/mno-hw-mul\libc.a(lib_a-exit.o) (_exit)

Allocating common symbols
Common symbol       size              file

alt_irq             0x100             ../bsp\libhal_bsp.a(alt_irq_handler.o)
errno               0x4               c:/intelfpga_lite/18.1/nios2eds/bin/gnu/h-x86_64-mingw32/bin/../lib/gcc/nios2-elf/5.3.0/../../../../../H-x86_64-mingw32/nios2-elf/lib/mno-hw-mul\libc.a(lib_a-int_errno.o)

Memory Configuration

Name             Origin             Length             Attributes
reset            0x0000000000010000 0x0000000000000020
onchip_memory2_0 0x0000000000010020 0x0000000000009c20
*default*        0x0000000000000000 0xffffffffffffffff

Linker script and memory map

LOAD ../bsp/obj/HAL/src/crt0.o
LOAD obj/default/main.o
LOAD c:/intelfpga_lite/18.1/nios2eds/bin/gnu/h-x86_64-mingw32/bin/../lib/gcc/nios2-elf/5.3.0/../../../../../H-x86_64-mingw32/nios2-elf/lib/mno-hw-mul\libstdc++.a
LOAD c:/intelfpga_lite/18.1/nios2eds/bin/gnu/h-x86_64-mingw32/bin/../lib/gcc/nios2-elf/5.3.0/../../../../../H-x86_64-mingw32/nios2-elf/lib/mno-hw-mul\libm.a
LOAD c:/intelfpga_lite/18.1/nios2eds/bin/gnu/h-x86_64-mingw32/bin/../lib/gcc/nios2-elf/5.3.0/mno-hw-mul\libgcc.a
START GROUP
LOAD c:/intelfpga_lite/18.1/nios2eds/bin/gnu/h-x86_64-mingw32/bin/../lib/gcc/nios2-elf/5.3.0/../../../../../H-x86_64-mingw32/nios2-elf/lib/mno-hw-mul\libc.a
LOAD c:/intelfpga_lite/18.1/nios2eds/bin/gnu/h-x86_64-mingw32/bin/../lib/gcc/nios2-elf/5.3.0/mno-hw-mul\libgcc.a
LOAD ../bsp\libhal_bsp.a
LOAD c:/intelfpga_lite/18.1/nios2eds/bin/gnu/h-x86_64-mingw32/bin/../lib/gcc/nios2-elf/5.3.0/../../../../../H-x86_64-mingw32/nios2-elf/lib/mno-hw-mul\libm.a
END GROUP
LOAD c:/intelfpga_lite/18.1/nios2eds/bin/gnu/h-x86_64-mingw32/bin/../lib/gcc/nios2-elf/5.3.0/mno-hw-mul\libgcc.a
                0x0000000000010000                __alt_mem_onchip_memory2_0 = 0x10000

.entry          0x0000000000010000       0x20
 *(.entry)
 .entry         0x0000000000010000       0x20 ../bsp/obj/HAL/src/crt0.o
                0x0000000000010000                __reset

.exceptions     0x0000000000010020      0x210
                0x0000000000010020                PROVIDE (__ram_exceptions_start, ABSOLUTE (.))
                0x0000000000010020                . = ALIGN (0x20)
 *(.irq)
 *(.exceptions.entry.label)
 .exceptions.entry.label
                0x0000000000010020        0x0 ../bsp\libhal_bsp.a(alt_irq_entry.o)
                0x0000000000010020                alt_irq_entry
 .exceptions.entry.label
                0x0000000000010020        0x0 ../bsp\libhal_bsp.a(alt_exception_entry.o)
                0x0000000000010020                alt_exception
 *(.exceptions.entry.user)
 *(.exceptions.entry.ecc_fatal)
 *(.exceptions.entry)
 .exceptions.entry
                0x0000000000010020       0x54 ../bsp\libhal_bsp.a(alt_exception_entry.o)
 *(.exceptions.irqtest.user)
 *(.exceptions.irqtest)
 .exceptions.irqtest
                0x0000000000010074       0x10 ../bsp\libhal_bsp.a(alt_irq_entry.o)
 *(.exceptions.irqhandler.user)
 *(.exceptions.irqhandler)
 .exceptions.irqhandler
                0x0000000000010084        0x4 ../bsp\libhal_bsp.a(alt_irq_entry.o)
 *(.exceptions.irqreturn.user)
 *(.exceptions.irqreturn)
 .exceptions.irqreturn
                0x0000000000010088        0x4 ../bsp\libhal_bsp.a(alt_irq_entry.o)
 *(.exceptions.notirq.label)
 .exceptions.notirq.label
                0x000000000001008c        0x0 ../bsp\libhal_bsp.a(alt_irq_entry.o)
 *(.exceptions.notirq.user)
 *(.exceptions.notirq)
 .exceptions.notirq
                0x000000000001008c        0x8 ../bsp\libhal_bsp.a(alt_exception_entry.o)
 *(.exceptions.soft.user)
 *(.exceptions.soft)
 *(.exceptions.unknown.user)
 *(.exceptions.unknown)
 .exceptions.unknown
                0x0000000000010094       0x14 ../bsp\libhal_bsp.a(alt_exception_entry.o)
 *(.exceptions.exit.label)
 .exceptions.exit.label
                0x00000000000100a8        0x0 ../bsp\libhal_bsp.a(alt_irq_entry.o)
 .exceptions.exit.label
                0x00000000000100a8        0x0 ../bsp\libhal_bsp.a(alt_exception_entry.o)
 *(.exceptions.exit.user)
 *(.exceptions.exit)
 .exceptions.exit
                0x00000000000100a8       0x54 ../bsp\libhal_bsp.a(alt_exception_entry.o)
 *(.exceptions)
 .exceptions    0x00000000000100fc       0xd4 ../bsp\libhal_bsp.a(alt_irq_handler.o)
                0x00000000000100fc                alt_irq_handler
 .exceptions    0x00000000000101d0       0x60 ../bsp\libhal_bsp.a(alt_instruction_exception_entry.o)
                0x00000000000101d0                alt_instruction_exception_entry
                0x0000000000010230                PROVIDE (__ram_exceptions_end, ABSOLUTE (.))
                0x0000000000010020                PROVIDE (__flash_exceptions_start, LOADADDR (.exceptions))

.text           0x0000000000010230     0x22a0
                [!provide]                        PROVIDE (stext, ABSOLUTE (.))
 *(.interp)
 *(.hash)
 *(.dynsym)
 *(.dynstr)
 *(.gnu.version)
 *(.gnu.version_d)
 *(.gnu.version_r)
 *(.rel.init)
 *(.rela.init)
 *(.rel.text .rel.text.* .rel.gnu.linkonce.t.*)
 *(.rela.text .rela.text.* .rela.gnu.linkonce.t.*)
 *(.rel.fini)
 *(.rela.fini)
 *(.rel.rodata .rel.rodata.* .rel.gnu.linkonce.r.*)
 *(.rela.rodata .rela.rodata.* .rela.gnu.linkonce.r.*)
 *(.rel.data .rel.data.* .rel.gnu.linkonce.d.*)
 *(.rela.data .rela.data.* .rela.gnu.linkonce.d.*)
 *(.rel.tdata .rel.tdata.* .rel.gnu.linkonce.td.*)
 *(.rela.tdata .rela.tdata.* .rela.gnu.linkonce.td.*)
 *(.rel.tbss .rel.tbss.* .rel.gnu.linkonce.tb.*)
 *(.rela.tbss .rela.tbss.* .rela.gnu.linkonce.tb.*)
 *(.rel.ctors)
 *(.rela.ctors)
 *(.rel.dtors)
 *(.rela.dtors)
 *(.rel.got)
 *(.rela.got)
 *(.rel.sdata .rel.sdata.* .rel.gnu.linkonce.s.*)
 *(.rela.sdata .rela.sdata.* .rela.gnu.linkonce.s.*)
 *(.rel.sbss .rel.sbss.* .rel.gnu.linkonce.sb.*)
 *(.rela.sbss .rela.sbss.* .rela.gnu.linkonce.sb.*)
 *(.rel.sdata2 .rel.sdata2.* .rel.gnu.linkonce.s2.*)
 *(.rela.sdata2 .rela.sdata2.* .rela.gnu.linkonce.s2.*)
 *(.rel.sbss2 .rel.sbss2.* .rel.gnu.linkonce.sb2.*)
 *(.rela.sbss2 .rela.sbss2.* .rela.gnu.linkonce.sb2.*)
 *(.rel.bss .rel.bss.* .rel.gnu.linkonce.b.*)
 *(.rela.bss .rela.bss.* .rela.gnu.linkonce.b.*)
 *(.rel.plt)
 *(.rela.plt)
 *(.rel.dyn)
 *(.init)
 *(.plt)
 *(.text .stub .text.* .gnu.linkonce.t.*)
 .text          0x0000000000010230       0x3c ../bsp/obj/HAL/src/crt0.o
                0x0000000000010230                _start
 .text          0x000000000001026c       0x30 obj/default/main.o
                0x000000000001026c                main
 .text          0x000000000001029c       0xec ../bsp\libhal_bsp.a(alt_load.o)
                0x0000000000010304                alt_load
 .text          0x0000000000010388       0x7c ../bsp\libhal_bsp.a(alt_main.o)
                0x0000000000010388                alt_main
 .text          0x0000000000010404       0xb4 ../bsp\libhal_bsp.a(alt_sys_init.o)
                0x0000000000010438                alt_irq_init
                0x0000000000010470                alt_sys_init
 .text          0x00000000000104b8      0x164 ../bsp\libhal_bsp.a(altera_avalon_jtag_uart_fd.o)
                0x00000000000104b8                altera_avalon_jtag_uart_read_fd
                0x0000000000010518                altera_avalon_jtag_uart_write_fd
                0x0000000000010578                altera_avalon_jtag_uart_close_fd
                0x00000000000105c8                altera_avalon_jtag_uart_ioctl_fd
 .text          0x000000000001061c      0x3d4 ../bsp\libhal_bsp.a(altera_avalon_jtag_uart_init.o)
                0x000000000001061c                altera_avalon_jtag_uart_init
                0x0000000000010988                altera_avalon_jtag_uart_close
 .text          0x00000000000109f0       0xf0 ../bsp\libhal_bsp.a(altera_avalon_jtag_uart_ioctl.o)
                0x00000000000109f0                altera_avalon_jtag_uart_ioctl
 .text          0x0000000000010ae0      0x21c ../bsp\libhal_bsp.a(altera_avalon_jtag_uart_read.o)
                0x0000000000010ae0                altera_avalon_jtag_uart_read
 .text          0x0000000000010cfc      0x224 ../bsp\libhal_bsp.a(altera_avalon_jtag_uart_write.o)
                0x0000000000010cfc                altera_avalon_jtag_uart_write
 .text          0x0000000000010f20      0x12c ../bsp\libhal_bsp.a(alt_alarm_start.o)
                0x0000000000010f20                alt_alarm_start
 .text          0x000000000001104c      0x114 ../bsp\libhal_bsp.a(alt_close.o)
                0x0000000000011088                close
 .text          0x0000000000011160       0x20 ../bsp\libhal_bsp.a(alt_dcache_flush_all.o)
                0x0000000000011160                alt_dcache_flush_all
 .text          0x0000000000011180       0x2c ../bsp\libhal_bsp.a(alt_dev.o)
 .text          0x00000000000111ac       0xe0 ../bsp\libhal_bsp.a(alt_dev_llist_insert.o)
                0x00000000000111e8                alt_dev_llist_insert
 .text          0x000000000001128c       0x60 ../bsp\libhal_bsp.a(alt_do_ctors.o)
                0x000000000001128c                _do_ctors
 .text          0x00000000000112ec       0x60 ../bsp\libhal_bsp.a(alt_do_dtors.o)
                0x00000000000112ec                _do_dtors
 .text          0x000000000001134c        0x0 ../bsp\libhal_bsp.a(alt_errno.o)
 .text          0x000000000001134c       0x20 ../bsp\libhal_bsp.a(alt_icache_flush_all.o)
                0x000000000001134c                alt_icache_flush_all
 .text          0x000000000001136c      0x1b0 ../bsp\libhal_bsp.a(alt_iic.o)
                0x000000000001136c                alt_ic_isr_register
                0x00000000000113bc                alt_ic_irq_enable
                0x0000000000011444                alt_ic_irq_disable
                0x00000000000114d0                alt_ic_irq_enabled
 .text          0x000000000001151c       0xf0 ../bsp\libhal_bsp.a(alt_iic_isr_register.o)
                0x000000000001151c                alt_iic_isr_register
 .text          0x000000000001160c      0x160 ../bsp\libhal_bsp.a(alt_io_redirect.o)
                0x00000000000116f0                alt_io_redirect
 .text          0x000000000001176c        0x0 ../bsp\libhal_bsp.a(alt_irq_entry.o)
 .text          0x000000000001176c        0x0 ../bsp\libhal_bsp.a(alt_irq_handler.o)
 .text          0x000000000001176c        0x0 ../bsp\libhal_bsp.a(alt_irq_vars.o)
 .text          0x000000000001176c      0x284 ../bsp\libhal_bsp.a(alt_open.o)
                0x0000000000011894                open
 .text          0x00000000000119f0       0x84 ../bsp\libhal_bsp.a(alt_release_fd.o)
                0x00000000000119f0                alt_release_fd
 .text          0x0000000000011a74      0x1a4 ../bsp\libhal_bsp.a(alt_tick.o)
                0x0000000000011a74                alt_alarm_stop
                0x0000000000011b10                alt_tick
 .text          0x0000000000011c18       0x24 ../bsp\libhal_bsp.a(altera_nios2_gen2_irq.o)
                0x0000000000011c18                altera_nios2_gen2_irq_init
 .text          0x0000000000011c3c        0x0 ../bsp\libhal_bsp.a(alt_exception_entry.o)
 .text          0x0000000000011c3c       0x90 ../bsp\libhal_bsp.a(alt_find_dev.o)
                0x0000000000011c3c                alt_find_dev
 .text          0x0000000000011ccc      0x108 ../bsp\libhal_bsp.a(alt_find_file.o)
                0x0000000000011ccc                alt_find_file
 .text          0x0000000000011dd4       0xc4 ../bsp\libhal_bsp.a(alt_get_fd.o)
                0x0000000000011dd4                alt_get_fd
 .text          0x0000000000011e98       0x9c ../bsp\libhal_bsp.a(alt_instruction_exception_entry.o)
                0x0000000000011e98                alt_exception_cause_generated_bad_addr
 .text          0x0000000000011f34        0x0 c:/intelfpga_lite/18.1/nios2eds/bin/gnu/h-x86_64-mingw32/bin/../lib/gcc/nios2-elf/5.3.0/../../../../../H-x86_64-mingw32/nios2-elf/lib/mno-hw-mul\libc.a(lib_a-atexit.o)
 .text.atexit   0x0000000000011f34       0x14 c:/intelfpga_lite/18.1/nios2eds/bin/gnu/h-x86_64-mingw32/bin/../lib/gcc/nios2-elf/5.3.0/../../../../../H-x86_64-mingw32/nios2-elf/lib/mno-hw-mul\libc.a(lib_a-atexit.o)
                0x0000000000011f34                atexit
 .text          0x0000000000011f48        0x0 c:/intelfpga_lite/18.1/nios2eds/bin/gnu/h-x86_64-mingw32/bin/../lib/gcc/nios2-elf/5.3.0/../../../../../H-x86_64-mingw32/nios2-elf/lib/mno-hw-mul\libc.a(lib_a-exit.o)
 .text.exit     0x0000000000011f48       0x38 c:/intelfpga_lite/18.1/nios2eds/bin/gnu/h-x86_64-mingw32/bin/../lib/gcc/nios2-elf/5.3.0/../../../../../H-x86_64-mingw32/nios2-elf/lib/mno-hw-mul\libc.a(lib_a-exit.o)
                0x0000000000011f48                exit
 .text          0x0000000000011f80        0x0 c:/intelfpga_lite/18.1/nios2eds/bin/gnu/h-x86_64-mingw32/bin/../lib/gcc/nios2-elf/5.3.0/../../../../../H-x86_64-mingw32/nios2-elf/lib/mno-hw-mul\libc.a(lib_a-impure.o)
 .text          0x0000000000011f80        0x0 c:/intelfpga_lite/18.1/nios2eds/bin/gnu/h-x86_64-mingw32/bin/../lib/gcc/nios2-elf/5.3.0/../../../../../H-x86_64-mingw32/nios2-elf/lib/mno-hw-mul\libc.a(lib_a-int_errno.o)
 .text          0x0000000000011f80        0x0 c:/intelfpga_lite/18.1/nios2eds/bin/gnu/h-x86_64-mingw32/bin/../lib/gcc/nios2-elf/5.3.0/../../../../../H-x86_64-mingw32/nios2-elf/lib/mno-hw-mul\libc.a(lib_a-memcmp.o)
 .text.memcmp   0x0000000000011f80       0x7c c:/intelfpga_lite/18.1/nios2eds/bin/gnu/h-x86_64-mingw32/bin/../lib/gcc/nios2-elf/5.3.0/../../../../../H-x86_64-mingw32/nios2-elf/lib/mno-hw-mul\libc.a(lib_a-memcmp.o)
                0x0000000000011f80                memcmp
 .text          0x0000000000011ffc        0x0 c:/intelfpga_lite/18.1/nios2eds/bin/gnu/h-x86_64-mingw32/bin/../lib/gcc/nios2-elf/5.3.0/../../../../../H-x86_64-mingw32/nios2-elf/lib/mno-hw-mul\libc.a(lib_a-memcpy.o)
 .text.memcpy   0x0000000000011ffc      0x148 c:/intelfpga_lite/18.1/nios2eds/bin/gnu/h-x86_64-mingw32/bin/../lib/gcc/nios2-elf/5.3.0/../../../../../H-x86_64-mingw32/nios2-elf/lib/mno-hw-mul\libc.a(lib_a-memcpy.o)
                0x0000000000011ffc                memcpy
 .text          0x0000000000012144        0x0 c:/intelfpga_lite/18.1/nios2eds/bin/gnu/h-x86_64-mingw32/bin/../lib/gcc/nios2-elf/5.3.0/../../../../../H-x86_64-mingw32/nios2-elf/lib/mno-hw-mul\libc.a(lib_a-strlen.o)
 .text.strlen   0x0000000000012144       0x98 c:/intelfpga_lite/18.1/nios2eds/bin/gnu/h-x86_64-mingw32/bin/../lib/gcc/nios2-elf/5.3.0/../../../../../H-x86_64-mingw32/nios2-elf/lib/mno-hw-mul\libc.a(lib_a-strlen.o)
                0x0000000000012144                strlen
 .text          0x00000000000121dc        0x0 c:/intelfpga_lite/18.1/nios2eds/bin/gnu/h-x86_64-mingw32/bin/../lib/gcc/nios2-elf/5.3.0/../../../../../H-x86_64-mingw32/nios2-elf/lib/mno-hw-mul\libc.a(lib_a-__atexit.o)
 .text.__register_exitproc
                0x00000000000121dc      0x118 c:/intelfpga_lite/18.1/nios2eds/bin/gnu/h-x86_64-mingw32/bin/../lib/gcc/nios2-elf/5.3.0/../../../../../H-x86_64-mingw32/nios2-elf/lib/mno-hw-mul\libc.a(lib_a-__atexit.o)
                0x00000000000121dc                __register_exitproc
 .text          0x00000000000122f4        0x0 c:/intelfpga_lite/18.1/nios2eds/bin/gnu/h-x86_64-mingw32/bin/../lib/gcc/nios2-elf/5.3.0/../../../../../H-x86_64-mingw32/nios2-elf/lib/mno-hw-mul\libc.a(lib_a-__call_atexit.o)
 .text.__call_exitprocs
                0x00000000000122f4      0x180 c:/intelfpga_lite/18.1/nios2eds/bin/gnu/h-x86_64-mingw32/bin/../lib/gcc/nios2-elf/5.3.0/../../../../../H-x86_64-mingw32/nios2-elf/lib/mno-hw-mul\libc.a(lib_a-__call_atexit.o)
                0x00000000000122f4                __call_exitprocs
 .text          0x0000000000012474       0x28 c:/intelfpga_lite/18.1/nios2eds/bin/gnu/h-x86_64-mingw32/bin/../lib/gcc/nios2-elf/5.3.0/mno-hw-mul\libgcc.a(lib2-mul.o)
                0x0000000000012474                __mulsi3
 .text          0x000000000001249c       0x34 ../bsp\libhal_bsp.a(alt_exit.o)
                0x000000000001249c                _exit
 *(.gnu.warning.*)
 *(.fini)
                [!provide]                        PROVIDE (__etext, ABSOLUTE (.))
                [!provide]                        PROVIDE (_etext, ABSOLUTE (.))
                [!provide]                        PROVIDE (etext, ABSOLUTE (.))
 *(.eh_frame_hdr)
                0x00000000000124d0                . = ALIGN (0x4)
                [!provide]                        PROVIDE (__preinit_array_start, ABSOLUTE (.))
 *(.preinit_array)
                [!provide]                        PROVIDE (__preinit_array_end, ABSOLUTE (.))
                [!provide]                        PROVIDE (__init_array_start, ABSOLUTE (.))
 *(.init_array)
                [!provide]                        PROVIDE (__init_array_end, ABSOLUTE (.))
                [!provide]                        PROVIDE (__fini_array_start, ABSOLUTE (.))
 *(.fini_array)
                [!provide]                        PROVIDE (__fini_array_end, ABSOLUTE (.))
 *(.eh_frame)
 *(.gcc_except_table .gcc_except_table.*)
 *(.dynamic)
                0x00000000000124d0                PROVIDE (__CTOR_LIST__, ABSOLUTE (.))
 *(.ctors)
 *(SORT(.ctors.*))
                0x00000000000124d0                PROVIDE (__CTOR_END__, ABSOLUTE (.))
                0x00000000000124d0                PROVIDE (__DTOR_LIST__, ABSOLUTE (.))
 *(.dtors)
 *(SORT(.dtors.*))
                0x00000000000124d0                PROVIDE (__DTOR_END__, ABSOLUTE (.))
 *(.jcr)
                0x00000000000124d0                . = ALIGN (0x4)

.rodata         0x00000000000124d0       0x38
                0x00000000000124d0                PROVIDE (__ram_rodata_start, ABSOLUTE (.))
                0x00000000000124d0                . = ALIGN (0x4)
 *(.rodata .rodata.* .gnu.linkonce.r.*)
 .rodata        0x00000000000124d0       0x11 ../bsp\libhal_bsp.a(alt_main.o)
 *fill*         0x00000000000124e1        0x3 
 .rodata        0x00000000000124e4       0x11 ../bsp\libhal_bsp.a(alt_sys_init.o)
 *fill*         0x00000000000124f5        0x3 
 .rodata        0x00000000000124f8        0xa ../bsp\libhal_bsp.a(alt_dev.o)
 *fill*         0x0000000000012502        0x2 
 .rodata.str1.4
                0x0000000000012504        0x4 c:/intelfpga_lite/18.1/nios2eds/bin/gnu/h-x86_64-mingw32/bin/../lib/gcc/nios2-elf/5.3.0/../../../../../H-x86_64-mingw32/nios2-elf/lib/mno-hw-mul\libc.a(lib_a-impure.o)
                                          0x2 (size before relaxing)
 *(.rodata1)
                0x0000000000012508                . = ALIGN (0x4)
                0x0000000000012508                PROVIDE (__ram_rodata_end, ABSOLUTE (.))
                0x00000000000124d0                PROVIDE (__flash_rodata_start, LOADADDR (.rodata))

.rwdata         0x0000000000012508     0x1658 load address 0x0000000000013b60
                0x0000000000012508                PROVIDE (__ram_rwdata_start, ABSOLUTE (.))
                0x0000000000012508                . = ALIGN (0x4)
 *(.got.plt)
 *(.got)
 *(.data1)
 *(.data .data.* .gnu.linkonce.d.*)
 .data          0x0000000000012508        0x0 ../bsp/obj/HAL/src/crt0.o
 .data          0x0000000000012508        0x0 obj/default/main.o
 .data          0x0000000000012508        0x0 ../bsp\libhal_bsp.a(alt_load.o)
 .data          0x0000000000012508        0x0 ../bsp\libhal_bsp.a(alt_main.o)
 .data          0x0000000000012508     0x1060 ../bsp\libhal_bsp.a(alt_sys_init.o)
 .data          0x0000000000013568        0x0 ../bsp\libhal_bsp.a(altera_avalon_jtag_uart_fd.o)
 .data          0x0000000000013568        0x0 ../bsp\libhal_bsp.a(altera_avalon_jtag_uart_init.o)
 .data          0x0000000000013568        0x0 ../bsp\libhal_bsp.a(altera_avalon_jtag_uart_ioctl.o)
 .data          0x0000000000013568        0x0 ../bsp\libhal_bsp.a(altera_avalon_jtag_uart_read.o)
 .data          0x0000000000013568        0x0 ../bsp\libhal_bsp.a(altera_avalon_jtag_uart_write.o)
 .data          0x0000000000013568        0x0 ../bsp\libhal_bsp.a(alt_alarm_start.o)
 .data          0x0000000000013568        0x0 ../bsp\libhal_bsp.a(alt_close.o)
 .data          0x0000000000013568        0x0 ../bsp\libhal_bsp.a(alt_dcache_flush_all.o)
 .data          0x0000000000013568      0x1a8 ../bsp\libhal_bsp.a(alt_dev.o)
                0x0000000000013568                alt_dev_null
                0x0000000000013590                alt_fd_list
 .data          0x0000000000013710        0x0 ../bsp\libhal_bsp.a(alt_dev_llist_insert.o)
 .data          0x0000000000013710        0x0 ../bsp\libhal_bsp.a(alt_do_ctors.o)
 .data          0x0000000000013710        0x0 ../bsp\libhal_bsp.a(alt_do_dtors.o)
 .data          0x0000000000013710        0x0 ../bsp\libhal_bsp.a(alt_errno.o)
 .data          0x0000000000013710        0x0 ../bsp\libhal_bsp.a(alt_icache_flush_all.o)
 .data          0x0000000000013710        0x0 ../bsp\libhal_bsp.a(alt_iic.o)
 .data          0x0000000000013710        0x0 ../bsp\libhal_bsp.a(alt_iic_isr_register.o)
 .data          0x0000000000013710        0x0 ../bsp\libhal_bsp.a(alt_io_redirect.o)
 .data          0x0000000000013710        0x0 ../bsp\libhal_bsp.a(alt_irq_entry.o)
 .data          0x0000000000013710        0x0 ../bsp\libhal_bsp.a(alt_irq_handler.o)
 .data          0x0000000000013710        0x0 ../bsp\libhal_bsp.a(alt_irq_vars.o)
 .data          0x0000000000013710        0x0 ../bsp\libhal_bsp.a(alt_open.o)
 .data          0x0000000000013710        0x0 ../bsp\libhal_bsp.a(alt_release_fd.o)
 .data          0x0000000000013710        0x0 ../bsp\libhal_bsp.a(alt_tick.o)
 .data          0x0000000000013710        0x0 ../bsp\libhal_bsp.a(altera_nios2_gen2_irq.o)
 .data          0x0000000000013710        0x0 ../bsp\libhal_bsp.a(alt_exception_entry.o)
 .data          0x0000000000013710        0x0 ../bsp\libhal_bsp.a(alt_find_dev.o)
 .data          0x0000000000013710        0x0 ../bsp\libhal_bsp.a(alt_find_file.o)
 .data          0x0000000000013710        0x0 ../bsp\libhal_bsp.a(alt_get_fd.o)
 .data          0x0000000000013710        0x0 ../bsp\libhal_bsp.a(alt_instruction_exception_entry.o)
 .data          0x0000000000013710        0x0 c:/intelfpga_lite/18.1/nios2eds/bin/gnu/h-x86_64-mingw32/bin/../lib/gcc/nios2-elf/5.3.0/../../../../../H-x86_64-mingw32/nios2-elf/lib/mno-hw-mul\libc.a(lib_a-atexit.o)
 .data          0x0000000000013710        0x0 c:/intelfpga_lite/18.1/nios2eds/bin/gnu/h-x86_64-mingw32/bin/../lib/gcc/nios2-elf/5.3.0/../../../../../H-x86_64-mingw32/nios2-elf/lib/mno-hw-mul\libc.a(lib_a-exit.o)
 .data          0x0000000000013710        0x0 c:/intelfpga_lite/18.1/nios2eds/bin/gnu/h-x86_64-mingw32/bin/../lib/gcc/nios2-elf/5.3.0/../../../../../H-x86_64-mingw32/nios2-elf/lib/mno-hw-mul\libc.a(lib_a-impure.o)
 .data.impure_data
                0x0000000000013710      0x424 c:/intelfpga_lite/18.1/nios2eds/bin/gnu/h-x86_64-mingw32/bin/../lib/gcc/nios2-elf/5.3.0/../../../../../H-x86_64-mingw32/nios2-elf/lib/mno-hw-mul\libc.a(lib_a-impure.o)
 .data          0x0000000000013b34        0x0 c:/intelfpga_lite/18.1/nios2eds/bin/gnu/h-x86_64-mingw32/bin/../lib/gcc/nios2-elf/5.3.0/../../../../../H-x86_64-mingw32/nios2-elf/lib/mno-hw-mul\libc.a(lib_a-int_errno.o)
 .data          0x0000000000013b34        0x0 c:/intelfpga_lite/18.1/nios2eds/bin/gnu/h-x86_64-mingw32/bin/../lib/gcc/nios2-elf/5.3.0/../../../../../H-x86_64-mingw32/nios2-elf/lib/mno-hw-mul\libc.a(lib_a-memcmp.o)
 .data          0x0000000000013b34        0x0 c:/intelfpga_lite/18.1/nios2eds/bin/gnu/h-x86_64-mingw32/bin/../lib/gcc/nios2-elf/5.3.0/../../../../../H-x86_64-mingw32/nios2-elf/lib/mno-hw-mul\libc.a(lib_a-memcpy.o)
 .data          0x0000000000013b34        0x0 c:/intelfpga_lite/18.1/nios2eds/bin/gnu/h-x86_64-mingw32/bin/../lib/gcc/nios2-elf/5.3.0/../../../../../H-x86_64-mingw32/nios2-elf/lib/mno-hw-mul\libc.a(lib_a-strlen.o)
 .data          0x0000000000013b34        0x0 c:/intelfpga_lite/18.1/nios2eds/bin/gnu/h-x86_64-mingw32/bin/../lib/gcc/nios2-elf/5.3.0/../../../../../H-x86_64-mingw32/nios2-elf/lib/mno-hw-mul\libc.a(lib_a-__atexit.o)
 .data          0x0000000000013b34        0x0 c:/intelfpga_lite/18.1/nios2eds/bin/gnu/h-x86_64-mingw32/bin/../lib/gcc/nios2-elf/5.3.0/../../../../../H-x86_64-mingw32/nios2-elf/lib/mno-hw-mul\libc.a(lib_a-__call_atexit.o)
 .data          0x0000000000013b34        0x0 c:/intelfpga_lite/18.1/nios2eds/bin/gnu/h-x86_64-mingw32/bin/../lib/gcc/nios2-elf/5.3.0/mno-hw-mul\libgcc.a(lib2-mul.o)
 .data          0x0000000000013b34        0x0 ../bsp\libhal_bsp.a(alt_exit.o)
                0x000000000001bb34                _gp = ABSOLUTE ((. + 0x8000))
                [!provide]                        PROVIDE (gp, _gp)
 *(.rwdata .rwdata.*)
 *(.sdata .sdata.* .gnu.linkonce.s.*)
 .sdata         0x0000000000013b34       0x14 ../bsp\libhal_bsp.a(alt_dev.o)
                0x0000000000013b34                alt_fs_list
                0x0000000000013b3c                alt_dev_list
                0x0000000000013b44                alt_max_fd
 .sdata         0x0000000000013b48        0x4 ../bsp\libhal_bsp.a(alt_errno.o)
                0x0000000000013b48                alt_errno
 .sdata         0x0000000000013b4c        0x4 ../bsp\libhal_bsp.a(alt_irq_vars.o)
                0x0000000000013b4c                alt_priority_mask
 .sdata         0x0000000000013b50        0x8 ../bsp\libhal_bsp.a(alt_tick.o)
                0x0000000000013b50                alt_alarm_list
 .sdata._global_impure_ptr
                0x0000000000013b58        0x4 c:/intelfpga_lite/18.1/nios2eds/bin/gnu/h-x86_64-mingw32/bin/../lib/gcc/nios2-elf/5.3.0/../../../../../H-x86_64-mingw32/nios2-elf/lib/mno-hw-mul\libc.a(lib_a-impure.o)
                0x0000000000013b58                _global_impure_ptr
 .sdata._impure_ptr
                0x0000000000013b5c        0x4 c:/intelfpga_lite/18.1/nios2eds/bin/gnu/h-x86_64-mingw32/bin/../lib/gcc/nios2-elf/5.3.0/../../../../../H-x86_64-mingw32/nios2-elf/lib/mno-hw-mul\libc.a(lib_a-impure.o)
                0x0000000000013b5c                _impure_ptr
 *(.sdata2 .sdata2.* .gnu.linkonce.s2.*)
                0x0000000000013b60                . = ALIGN (0x4)
                0x0000000000013b60                _edata = ABSOLUTE (.)
                [!provide]                        PROVIDE (edata, ABSOLUTE (.))
                0x0000000000013b60                PROVIDE (__ram_rwdata_end, ABSOLUTE (.))
                0x0000000000013b60                PROVIDE (__flash_rwdata_start, LOADADDR (.rwdata))

.bss            0x00000000000151b8      0x120
                0x00000000000151b8                __bss_start = ABSOLUTE (.)
                [!provide]                        PROVIDE (__sbss_start, ABSOLUTE (.))
                [!provide]                        PROVIDE (___sbss_start, ABSOLUTE (.))
 *(.dynsbss)
 *(.sbss .sbss.* .gnu.linkonce.sb.*)
 .sbss          0x00000000000151b8        0xc ../bsp\libhal_bsp.a(alt_main.o)
                0x00000000000151b8                alt_argc
                0x00000000000151bc                alt_argv
                0x00000000000151c0                alt_envp
 .sbss          0x00000000000151c4        0x4 ../bsp\libhal_bsp.a(alt_irq_vars.o)
                0x00000000000151c4                alt_irq_active
 .sbss          0x00000000000151c8        0x8 ../bsp\libhal_bsp.a(alt_tick.o)
                0x00000000000151c8                _alt_tick_rate
                0x00000000000151cc                _alt_nticks
 .sbss          0x00000000000151d0        0x4 ../bsp\libhal_bsp.a(alt_instruction_exception_entry.o)
                0x00000000000151d0                alt_instruction_exception_handler
 .sbss          0x00000000000151d4        0x4 c:/intelfpga_lite/18.1/nios2eds/bin/gnu/h-x86_64-mingw32/bin/../lib/gcc/nios2-elf/5.3.0/../../../../../H-x86_64-mingw32/nios2-elf/lib/mno-hw-mul\libc.a(lib_a-int_errno.o)
                0x00000000000151d4                errno
 *(.sbss2 .sbss2.* .gnu.linkonce.sb2.*)
 *(.scommon)
                [!provide]                        PROVIDE (__sbss_end, ABSOLUTE (.))
                [!provide]                        PROVIDE (___sbss_end, ABSOLUTE (.))
 *(.dynbss)
 *(.bss .bss.* .gnu.linkonce.b.*)
 .bss           0x00000000000151d8        0x0 ../bsp/obj/HAL/src/crt0.o
 .bss           0x00000000000151d8        0x0 obj/default/main.o
 .bss           0x00000000000151d8        0x0 ../bsp\libhal_bsp.a(alt_load.o)
 .bss           0x00000000000151d8        0x0 ../bsp\libhal_bsp.a(alt_main.o)
 .bss           0x00000000000151d8        0x0 ../bsp\libhal_bsp.a(alt_sys_init.o)
 .bss           0x00000000000151d8        0x0 ../bsp\libhal_bsp.a(altera_avalon_jtag_uart_fd.o)
 .bss           0x00000000000151d8        0x0 ../bsp\libhal_bsp.a(altera_avalon_jtag_uart_init.o)
 .bss           0x00000000000151d8        0x0 ../bsp\libhal_bsp.a(altera_avalon_jtag_uart_ioctl.o)
 .bss           0x00000000000151d8        0x0 ../bsp\libhal_bsp.a(altera_avalon_jtag_uart_read.o)
 .bss           0x00000000000151d8        0x0 ../bsp\libhal_bsp.a(altera_avalon_jtag_uart_write.o)
 .bss           0x00000000000151d8        0x0 ../bsp\libhal_bsp.a(alt_alarm_start.o)
 .bss           0x00000000000151d8        0x0 ../bsp\libhal_bsp.a(alt_close.o)
 .bss           0x00000000000151d8        0x0 ../bsp\libhal_bsp.a(alt_dcache_flush_all.o)
 .bss           0x00000000000151d8        0x0 ../bsp\libhal_bsp.a(alt_dev.o)
 .bss           0x00000000000151d8        0x0 ../bsp\libhal_bsp.a(alt_dev_llist_insert.o)
 .bss           0x00000000000151d8        0x0 ../bsp\libhal_bsp.a(alt_do_ctors.o)
 .bss           0x00000000000151d8        0x0 ../bsp\libhal_bsp.a(alt_do_dtors.o)
 .bss           0x00000000000151d8        0x0 ../bsp\libhal_bsp.a(alt_errno.o)
 .bss           0x00000000000151d8        0x0 ../bsp\libhal_bsp.a(alt_icache_flush_all.o)
 .bss           0x00000000000151d8        0x0 ../bsp\libhal_bsp.a(alt_iic.o)
 .bss           0x00000000000151d8        0x0 ../bsp\libhal_bsp.a(alt_iic_isr_register.o)
 .bss           0x00000000000151d8        0x0 ../bsp\libhal_bsp.a(alt_io_redirect.o)
 .bss           0x00000000000151d8        0x0 ../bsp\libhal_bsp.a(alt_irq_entry.o)
 .bss           0x00000000000151d8        0x0 ../bsp\libhal_bsp.a(alt_irq_handler.o)
 .bss           0x00000000000151d8        0x0 ../bsp\libhal_bsp.a(alt_irq_vars.o)
 .bss           0x00000000000151d8        0x0 ../bsp\libhal_bsp.a(alt_open.o)
 .bss           0x00000000000151d8        0x0 ../bsp\libhal_bsp.a(alt_release_fd.o)
 .bss           0x00000000000151d8        0x0 ../bsp\libhal_bsp.a(alt_tick.o)
 .bss           0x00000000000151d8        0x0 ../bsp\libhal_bsp.a(altera_nios2_gen2_irq.o)
 .bss           0x00000000000151d8        0x0 ../bsp\libhal_bsp.a(alt_exception_entry.o)
 .bss           0x00000000000151d8        0x0 ../bsp\libhal_bsp.a(alt_find_dev.o)
 .bss           0x00000000000151d8        0x0 ../bsp\libhal_bsp.a(alt_find_file.o)
 .bss           0x00000000000151d8        0x0 ../bsp\libhal_bsp.a(alt_get_fd.o)
 .bss           0x00000000000151d8        0x0 ../bsp\libhal_bsp.a(alt_instruction_exception_entry.o)
 .bss           0x00000000000151d8        0x0 c:/intelfpga_lite/18.1/nios2eds/bin/gnu/h-x86_64-mingw32/bin/../lib/gcc/nios2-elf/5.3.0/../../../../../H-x86_64-mingw32/nios2-elf/lib/mno-hw-mul\libc.a(lib_a-atexit.o)
 .bss           0x00000000000151d8        0x0 c:/intelfpga_lite/18.1/nios2eds/bin/gnu/h-x86_64-mingw32/bin/../lib/gcc/nios2-elf/5.3.0/../../../../../H-x86_64-mingw32/nios2-elf/lib/mno-hw-mul\libc.a(lib_a-exit.o)
 .bss           0x00000000000151d8        0x0 c:/intelfpga_lite/18.1/nios2eds/bin/gnu/h-x86_64-mingw32/bin/../lib/gcc/nios2-elf/5.3.0/../../../../../H-x86_64-mingw32/nios2-elf/lib/mno-hw-mul\libc.a(lib_a-impure.o)
 .bss           0x00000000000151d8        0x0 c:/intelfpga_lite/18.1/nios2eds/bin/gnu/h-x86_64-mingw32/bin/../lib/gcc/nios2-elf/5.3.0/../../../../../H-x86_64-mingw32/nios2-elf/lib/mno-hw-mul\libc.a(lib_a-int_errno.o)
 .bss           0x00000000000151d8        0x0 c:/intelfpga_lite/18.1/nios2eds/bin/gnu/h-x86_64-mingw32/bin/../lib/gcc/nios2-elf/5.3.0/../../../../../H-x86_64-mingw32/nios2-elf/lib/mno-hw-mul\libc.a(lib_a-memcmp.o)
 .bss           0x00000000000151d8        0x0 c:/intelfpga_lite/18.1/nios2eds/bin/gnu/h-x86_64-mingw32/bin/../lib/gcc/nios2-elf/5.3.0/../../../../../H-x86_64-mingw32/nios2-elf/lib/mno-hw-mul\libc.a(lib_a-memcpy.o)
 .bss           0x00000000000151d8        0x0 c:/intelfpga_lite/18.1/nios2eds/bin/gnu/h-x86_64-mingw32/bin/../lib/gcc/nios2-elf/5.3.0/../../../../../H-x86_64-mingw32/nios2-elf/lib/mno-hw-mul\libc.a(lib_a-strlen.o)
 .bss           0x00000000000151d8        0x0 c:/intelfpga_lite/18.1/nios2eds/bin/gnu/h-x86_64-mingw32/bin/../lib/gcc/nios2-elf/5.3.0/../../../../../H-x86_64-mingw32/nios2-elf/lib/mno-hw-mul\libc.a(lib_a-__atexit.o)
 .bss           0x00000000000151d8        0x0 c:/intelfpga_lite/18.1/nios2eds/bin/gnu/h-x86_64-mingw32/bin/../lib/gcc/nios2-elf/5.3.0/../../../../../H-x86_64-mingw32/nios2-elf/lib/mno-hw-mul\libc.a(lib_a-__call_atexit.o)
 .bss           0x00000000000151d8        0x0 c:/intelfpga_lite/18.1/nios2eds/bin/gnu/h-x86_64-mingw32/bin/../lib/gcc/nios2-elf/5.3.0/mno-hw-mul\libgcc.a(lib2-mul.o)
 .bss           0x00000000000151d8        0x0 ../bsp\libhal_bsp.a(alt_exit.o)
 *(COMMON)
 COMMON         0x00000000000151d8      0x100 ../bsp\libhal_bsp.a(alt_irq_handler.o)
                0x00000000000151d8                alt_irq
                0x00000000000152d8                . = ALIGN (0x4)
                0x00000000000152d8                __bss_end = ABSOLUTE (.)

.onchip_memory2_0
                0x00000000000152d8        0x0
                [!provide]                        PROVIDE (_alt_partition_onchip_memory2_0_start, ABSOLUTE (.))
 *(.onchip_memory2_0 .onchip_memory2_0. onchip_memory2_0.*)
                0x00000000000152d8                . = ALIGN (0x4)
                [!provide]                        PROVIDE (_alt_partition_onchip_memory2_0_end, ABSOLUTE (.))
                0x00000000000152d8                _end = ABSOLUTE (.)
                0x00000000000152d8                end = ABSOLUTE (.)
                0x00000000000152d8                __alt_stack_base = ABSOLUTE (.)
                [!provide]                        PROVIDE (_alt_partition_onchip_memory2_0_load_addr, LOADADDR (.onchip_memory2_0))

.stab
 *(.stab)

.stabstr
 *(.stabstr)

.stab.excl
 *(.stab.excl)

.stab.exclstr
 *(.stab.exclstr)

.stab.index
 *(.stab.index)

.stab.indexstr
 *(.stab.indexstr)

.comment        0x0000000000000000       0x23
 *(.comment)
 .comment       0x0000000000000000       0x23 obj/default/main.o
                                         0x24 (size before relaxing)
 .comment       0x0000000000000023       0x24 ../bsp\libhal_bsp.a(alt_load.o)
 .comment       0x0000000000000023       0x24 ../bsp\libhal_bsp.a(alt_main.o)
 .comment       0x0000000000000023       0x24 ../bsp\libhal_bsp.a(alt_sys_init.o)
 .comment       0x0000000000000023       0x24 ../bsp\libhal_bsp.a(altera_avalon_jtag_uart_fd.o)
 .comment       0x0000000000000023       0x24 ../bsp\libhal_bsp.a(altera_avalon_jtag_uart_init.o)
 .comment       0x0000000000000023       0x24 ../bsp\libhal_bsp.a(altera_avalon_jtag_uart_ioctl.o)
 .comment       0x0000000000000023       0x24 ../bsp\libhal_bsp.a(altera_avalon_jtag_uart_read.o)
 .comment       0x0000000000000023       0x24 ../bsp\libhal_bsp.a(altera_avalon_jtag_uart_write.o)
 .comment       0x0000000000000023       0x24 ../bsp\libhal_bsp.a(alt_alarm_start.o)
 .comment       0x0000000000000023       0x24 ../bsp\libhal_bsp.a(alt_close.o)
 .comment       0x0000000000000023       0x24 ../bsp\libhal_bsp.a(alt_dcache_flush_all.o)
 .comment       0x0000000000000023       0x24 ../bsp\libhal_bsp.a(alt_dev.o)
 .comment       0x0000000000000023       0x24 ../bsp\libhal_bsp.a(alt_dev_llist_insert.o)
 .comment       0x0000000000000023       0x24 ../bsp\libhal_bsp.a(alt_do_ctors.o)
 .comment       0x0000000000000023       0x24 ../bsp\libhal_bsp.a(alt_do_dtors.o)
 .comment       0x0000000000000023       0x24 ../bsp\libhal_bsp.a(alt_errno.o)
 .comment       0x0000000000000023       0x24 ../bsp\libhal_bsp.a(alt_icache_flush_all.o)
 .comment       0x0000000000000023       0x24 ../bsp\libhal_bsp.a(alt_iic.o)
 .comment       0x0000000000000023       0x24 ../bsp\libhal_bsp.a(alt_iic_isr_register.o)
 .comment       0x0000000000000023       0x24 ../bsp\libhal_bsp.a(alt_io_redirect.o)
 .comment       0x0000000000000023       0x24 ../bsp\libhal_bsp.a(alt_irq_handler.o)
 .comment       0x0000000000000023       0x24 ../bsp\libhal_bsp.a(alt_irq_vars.o)
 .comment       0x0000000000000023       0x24 ../bsp\libhal_bsp.a(alt_open.o)
 .comment       0x0000000000000023       0x24 ../bsp\libhal_bsp.a(alt_release_fd.o)
 .comment       0x0000000000000023       0x24 ../bsp\libhal_bsp.a(alt_tick.o)
 .comment       0x0000000000000023       0x24 ../bsp\libhal_bsp.a(altera_nios2_gen2_irq.o)
 .comment       0x0000000000000023       0x24 ../bsp\libhal_bsp.a(alt_find_dev.o)
 .comment       0x0000000000000023       0x24 ../bsp\libhal_bsp.a(alt_find_file.o)
 .comment       0x0000000000000023       0x24 ../bsp\libhal_bsp.a(alt_get_fd.o)
 .comment       0x0000000000000023       0x24 ../bsp\libhal_bsp.a(alt_instruction_exception_entry.o)
 .comment       0x0000000000000023       0x24 c:/intelfpga_lite/18.1/nios2eds/bin/gnu/h-x86_64-mingw32/bin/../lib/gcc/nios2-elf/5.3.0/../../../../../H-x86_64-mingw32/nios2-elf/lib/mno-hw-mul\libc.a(lib_a-atexit.o)
 .comment       0x0000000000000023       0x24 c:/intelfpga_lite/18.1/nios2eds/bin/gnu/h-x86_64-mingw32/bin/../lib/gcc/nios2-elf/5.3.0/../../../../../H-x86_64-mingw32/nios2-elf/lib/mno-hw-mul\libc.a(lib_a-exit.o)
 .comment       0x0000000000000023       0x24 c:/intelfpga_lite/18.1/nios2eds/bin/gnu/h-x86_64-mingw32/bin/../lib/gcc/nios2-elf/5.3.0/../../../../../H-x86_64-mingw32/nios2-elf/lib/mno-hw-mul\libc.a(lib_a-impure.o)
 .comment       0x0000000000000023       0x24 c:/intelfpga_lite/18.1/nios2eds/bin/gnu/h-x86_64-mingw32/bin/../lib/gcc/nios2-elf/5.3.0/../../../../../H-x86_64-mingw32/nios2-elf/lib/mno-hw-mul\libc.a(lib_a-int_errno.o)
 .comment       0x0000000000000023       0x24 c:/intelfpga_lite/18.1/nios2eds/bin/gnu/h-x86_64-mingw32/bin/../lib/gcc/nios2-elf/5.3.0/../../../../../H-x86_64-mingw32/nios2-elf/lib/mno-hw-mul\libc.a(lib_a-memcmp.o)
 .comment       0x0000000000000023       0x24 c:/intelfpga_lite/18.1/nios2eds/bin/gnu/h-x86_64-mingw32/bin/../lib/gcc/nios2-elf/5.3.0/../../../../../H-x86_64-mingw32/nios2-elf/lib/mno-hw-mul\libc.a(lib_a-memcpy.o)
 .comment       0x0000000000000023       0x24 c:/intelfpga_lite/18.1/nios2eds/bin/gnu/h-x86_64-mingw32/bin/../lib/gcc/nios2-elf/5.3.0/../../../../../H-x86_64-mingw32/nios2-elf/lib/mno-hw-mul\libc.a(lib_a-strlen.o)
 .comment       0x0000000000000023       0x24 c:/intelfpga_lite/18.1/nios2eds/bin/gnu/h-x86_64-mingw32/bin/../lib/gcc/nios2-elf/5.3.0/../../../../../H-x86_64-mingw32/nios2-elf/lib/mno-hw-mul\libc.a(lib_a-__atexit.o)
 .comment       0x0000000000000023       0x24 c:/intelfpga_lite/18.1/nios2eds/bin/gnu/h-x86_64-mingw32/bin/../lib/gcc/nios2-elf/5.3.0/../../../../../H-x86_64-mingw32/nios2-elf/lib/mno-hw-mul\libc.a(lib_a-__call_atexit.o)
 .comment       0x0000000000000023       0x24 c:/intelfpga_lite/18.1/nios2eds/bin/gnu/h-x86_64-mingw32/bin/../lib/gcc/nios2-elf/5.3.0/mno-hw-mul\libgcc.a(lib2-mul.o)
 .comment       0x0000000000000023       0x24 ../bsp\libhal_bsp.a(alt_exit.o)

.debug
 *(.debug)

.line
 *(.line)

.debug_srcinfo
 *(.debug_srcinfo)

.debug_sfnames
 *(.debug_sfnames)

.debug_aranges  0x0000000000000000      0x5b8
 *(.debug_aranges)
 .debug_aranges
                0x0000000000000000       0x28 ../bsp/obj/HAL/src/crt0.o
 .debug_aranges
                0x0000000000000028       0x20 obj/default/main.o
 .debug_aranges
                0x0000000000000048       0x20 ../bsp\libhal_bsp.a(alt_load.o)
 .debug_aranges
                0x0000000000000068       0x20 ../bsp\libhal_bsp.a(alt_main.o)
 .debug_aranges
                0x0000000000000088       0x20 ../bsp\libhal_bsp.a(alt_sys_init.o)
 .debug_aranges
                0x00000000000000a8       0x20 ../bsp\libhal_bsp.a(altera_avalon_jtag_uart_fd.o)
 .debug_aranges
                0x00000000000000c8       0x20 ../bsp\libhal_bsp.a(altera_avalon_jtag_uart_init.o)
 .debug_aranges
                0x00000000000000e8       0x20 ../bsp\libhal_bsp.a(altera_avalon_jtag_uart_ioctl.o)
 .debug_aranges
                0x0000000000000108       0x20 ../bsp\libhal_bsp.a(altera_avalon_jtag_uart_read.o)
 .debug_aranges
                0x0000000000000128       0x20 ../bsp\libhal_bsp.a(altera_avalon_jtag_uart_write.o)
 .debug_aranges
                0x0000000000000148       0x20 ../bsp\libhal_bsp.a(alt_alarm_start.o)
 .debug_aranges
                0x0000000000000168       0x20 ../bsp\libhal_bsp.a(alt_close.o)
 .debug_aranges
                0x0000000000000188       0x20 ../bsp\libhal_bsp.a(alt_dcache_flush_all.o)
 .debug_aranges
                0x00000000000001a8       0x20 ../bsp\libhal_bsp.a(alt_dev.o)
 .debug_aranges
                0x00000000000001c8       0x20 ../bsp\libhal_bsp.a(alt_dev_llist_insert.o)
 .debug_aranges
                0x00000000000001e8       0x20 ../bsp\libhal_bsp.a(alt_do_ctors.o)
 .debug_aranges
                0x0000000000000208       0x20 ../bsp\libhal_bsp.a(alt_do_dtors.o)
 .debug_aranges
                0x0000000000000228       0x18 ../bsp\libhal_bsp.a(alt_errno.o)
 .debug_aranges
                0x0000000000000240       0x20 ../bsp\libhal_bsp.a(alt_icache_flush_all.o)
 .debug_aranges
                0x0000000000000260       0x20 ../bsp\libhal_bsp.a(alt_iic.o)
 .debug_aranges
                0x0000000000000280       0x20 ../bsp\libhal_bsp.a(alt_iic_isr_register.o)
 .debug_aranges
                0x00000000000002a0       0x20 ../bsp\libhal_bsp.a(alt_io_redirect.o)
 .debug_aranges
                0x00000000000002c0       0x30 ../bsp\libhal_bsp.a(alt_irq_entry.o)
 .debug_aranges
                0x00000000000002f0       0x20 ../bsp\libhal_bsp.a(alt_irq_handler.o)
 .debug_aranges
                0x0000000000000310       0x18 ../bsp\libhal_bsp.a(alt_irq_vars.o)
 .debug_aranges
                0x0000000000000328       0x20 ../bsp\libhal_bsp.a(alt_open.o)
 .debug_aranges
                0x0000000000000348       0x20 ../bsp\libhal_bsp.a(alt_release_fd.o)
 .debug_aranges
                0x0000000000000368       0x20 ../bsp\libhal_bsp.a(alt_tick.o)
 .debug_aranges
                0x0000000000000388       0x20 ../bsp\libhal_bsp.a(altera_nios2_gen2_irq.o)
 .debug_aranges
                0x00000000000003a8       0x38 ../bsp\libhal_bsp.a(alt_exception_entry.o)
 .debug_aranges
                0x00000000000003e0       0x20 ../bsp\libhal_bsp.a(alt_find_dev.o)
 .debug_aranges
                0x0000000000000400       0x20 ../bsp\libhal_bsp.a(alt_find_file.o)
 .debug_aranges
                0x0000000000000420       0x20 ../bsp\libhal_bsp.a(alt_get_fd.o)
 .debug_aranges
                0x0000000000000440       0x28 ../bsp\libhal_bsp.a(alt_instruction_exception_entry.o)
 .debug_aranges
                0x0000000000000468       0x20 c:/intelfpga_lite/18.1/nios2eds/bin/gnu/h-x86_64-mingw32/bin/../lib/gcc/nios2-elf/5.3.0/../../../../../H-x86_64-mingw32/nios2-elf/lib/mno-hw-mul\libc.a(lib_a-atexit.o)
 .debug_aranges
                0x0000000000000488       0x20 c:/intelfpga_lite/18.1/nios2eds/bin/gnu/h-x86_64-mingw32/bin/../lib/gcc/nios2-elf/5.3.0/../../../../../H-x86_64-mingw32/nios2-elf/lib/mno-hw-mul\libc.a(lib_a-exit.o)
 .debug_aranges
                0x00000000000004a8       0x18 c:/intelfpga_lite/18.1/nios2eds/bin/gnu/h-x86_64-mingw32/bin/../lib/gcc/nios2-elf/5.3.0/../../../../../H-x86_64-mingw32/nios2-elf/lib/mno-hw-mul\libc.a(lib_a-impure.o)
 .debug_aranges
                0x00000000000004c0       0x18 c:/intelfpga_lite/18.1/nios2eds/bin/gnu/h-x86_64-mingw32/bin/../lib/gcc/nios2-elf/5.3.0/../../../../../H-x86_64-mingw32/nios2-elf/lib/mno-hw-mul\libc.a(lib_a-int_errno.o)
 .debug_aranges
                0x00000000000004d8       0x20 c:/intelfpga_lite/18.1/nios2eds/bin/gnu/h-x86_64-mingw32/bin/../lib/gcc/nios2-elf/5.3.0/../../../../../H-x86_64-mingw32/nios2-elf/lib/mno-hw-mul\libc.a(lib_a-memcmp.o)
 .debug_aranges
                0x00000000000004f8       0x20 c:/intelfpga_lite/18.1/nios2eds/bin/gnu/h-x86_64-mingw32/bin/../lib/gcc/nios2-elf/5.3.0/../../../../../H-x86_64-mingw32/nios2-elf/lib/mno-hw-mul\libc.a(lib_a-memcpy.o)
 .debug_aranges
                0x0000000000000518       0x20 c:/intelfpga_lite/18.1/nios2eds/bin/gnu/h-x86_64-mingw32/bin/../lib/gcc/nios2-elf/5.3.0/../../../../../H-x86_64-mingw32/nios2-elf/lib/mno-hw-mul\libc.a(lib_a-strlen.o)
 .debug_aranges
                0x0000000000000538       0x20 c:/intelfpga_lite/18.1/nios2eds/bin/gnu/h-x86_64-mingw32/bin/../lib/gcc/nios2-elf/5.3.0/../../../../../H-x86_64-mingw32/nios2-elf/lib/mno-hw-mul\libc.a(lib_a-__atexit.o)
 .debug_aranges
                0x0000000000000558       0x20 c:/intelfpga_lite/18.1/nios2eds/bin/gnu/h-x86_64-mingw32/bin/../lib/gcc/nios2-elf/5.3.0/../../../../../H-x86_64-mingw32/nios2-elf/lib/mno-hw-mul\libc.a(lib_a-__call_atexit.o)
 .debug_aranges
                0x0000000000000578       0x20 c:/intelfpga_lite/18.1/nios2eds/bin/gnu/h-x86_64-mingw32/bin/../lib/gcc/nios2-elf/5.3.0/mno-hw-mul\libgcc.a(lib2-mul.o)
 .debug_aranges
                0x0000000000000598       0x20 ../bsp\libhal_bsp.a(alt_exit.o)

.debug_pubnames
 *(.debug_pubnames)

.debug_info     0x0000000000000000     0x74cd
 *(.debug_info .gnu.linkonce.wi.*)
 .debug_info    0x0000000000000000       0x6f ../bsp/obj/HAL/src/crt0.o
 .debug_info    0x000000000000006f       0x85 obj/default/main.o
 .debug_info    0x00000000000000f4      0x145 ../bsp\libhal_bsp.a(alt_load.o)
 .debug_info    0x0000000000000239      0x131 ../bsp\libhal_bsp.a(alt_main.o)
 .debug_info    0x000000000000036a      0x4c3 ../bsp\libhal_bsp.a(alt_sys_init.o)
 .debug_info    0x000000000000082d      0x52e ../bsp\libhal_bsp.a(altera_avalon_jtag_uart_fd.o)
 .debug_info    0x0000000000000d5b      0x3a0 ../bsp\libhal_bsp.a(altera_avalon_jtag_uart_init.o)
 .debug_info    0x00000000000010fb      0x280 ../bsp\libhal_bsp.a(altera_avalon_jtag_uart_ioctl.o)
 .debug_info    0x000000000000137b      0x345 ../bsp\libhal_bsp.a(altera_avalon_jtag_uart_read.o)
 .debug_info    0x00000000000016c0      0x340 ../bsp\libhal_bsp.a(altera_avalon_jtag_uart_write.o)
 .debug_info    0x0000000000001a00      0x2cc ../bsp\libhal_bsp.a(alt_alarm_start.o)
 .debug_info    0x0000000000001ccc      0x321 ../bsp\libhal_bsp.a(alt_close.o)
 .debug_info    0x0000000000001fed       0x92 ../bsp\libhal_bsp.a(alt_dcache_flush_all.o)
 .debug_info    0x000000000000207f      0x49c ../bsp\libhal_bsp.a(alt_dev.o)
 .debug_info    0x000000000000251b      0x1a9 ../bsp\libhal_bsp.a(alt_dev_llist_insert.o)
 .debug_info    0x00000000000026c4       0x83 ../bsp\libhal_bsp.a(alt_do_ctors.o)
 .debug_info    0x0000000000002747       0x83 ../bsp\libhal_bsp.a(alt_do_dtors.o)
 .debug_info    0x00000000000027ca       0xa6 ../bsp\libhal_bsp.a(alt_errno.o)
 .debug_info    0x0000000000002870       0x92 ../bsp\libhal_bsp.a(alt_icache_flush_all.o)
 .debug_info    0x0000000000002902      0x350 ../bsp\libhal_bsp.a(alt_iic.o)
 .debug_info    0x0000000000002c52      0x1ef ../bsp\libhal_bsp.a(alt_iic_isr_register.o)
 .debug_info    0x0000000000002e41      0x4a5 ../bsp\libhal_bsp.a(alt_io_redirect.o)
 .debug_info    0x00000000000032e6       0x78 ../bsp\libhal_bsp.a(alt_irq_entry.o)
 .debug_info    0x000000000000335e      0x187 ../bsp\libhal_bsp.a(alt_irq_handler.o)
 .debug_info    0x00000000000034e5       0x88 ../bsp\libhal_bsp.a(alt_irq_vars.o)
 .debug_info    0x000000000000356d      0x3bb ../bsp\libhal_bsp.a(alt_open.o)
 .debug_info    0x0000000000003928      0x2b0 ../bsp\libhal_bsp.a(alt_release_fd.o)
 .debug_info    0x0000000000003bd8      0x299 ../bsp\libhal_bsp.a(alt_tick.o)
 .debug_info    0x0000000000003e71       0x92 ../bsp\libhal_bsp.a(altera_nios2_gen2_irq.o)
 .debug_info    0x0000000000003f03       0x7e ../bsp\libhal_bsp.a(alt_exception_entry.o)
 .debug_info    0x0000000000003f81      0x2e9 ../bsp\libhal_bsp.a(alt_find_dev.o)
 .debug_info    0x000000000000426a      0x2e6 ../bsp\libhal_bsp.a(alt_find_file.o)
 .debug_info    0x0000000000004550      0x310 ../bsp\libhal_bsp.a(alt_get_fd.o)
 .debug_info    0x0000000000004860      0x1e7 ../bsp\libhal_bsp.a(alt_instruction_exception_entry.o)
 .debug_info    0x0000000000004a47       0xfe c:/intelfpga_lite/18.1/nios2eds/bin/gnu/h-x86_64-mingw32/bin/../lib/gcc/nios2-elf/5.3.0/../../../../../H-x86_64-mingw32/nios2-elf/lib/mno-hw-mul\libc.a(lib_a-atexit.o)
 .debug_info    0x0000000000004b45      0x8e4 c:/intelfpga_lite/18.1/nios2eds/bin/gnu/h-x86_64-mingw32/bin/../lib/gcc/nios2-elf/5.3.0/../../../../../H-x86_64-mingw32/nios2-elf/lib/mno-hw-mul\libc.a(lib_a-exit.o)
 .debug_info    0x0000000000005429      0x8a1 c:/intelfpga_lite/18.1/nios2eds/bin/gnu/h-x86_64-mingw32/bin/../lib/gcc/nios2-elf/5.3.0/../../../../../H-x86_64-mingw32/nios2-elf/lib/mno-hw-mul\libc.a(lib_a-impure.o)
 .debug_info    0x0000000000005cca       0x8a c:/intelfpga_lite/18.1/nios2eds/bin/gnu/h-x86_64-mingw32/bin/../lib/gcc/nios2-elf/5.3.0/../../../../../H-x86_64-mingw32/nios2-elf/lib/mno-hw-mul\libc.a(lib_a-int_errno.o)
 .debug_info    0x0000000000005d54      0x11a c:/intelfpga_lite/18.1/nios2eds/bin/gnu/h-x86_64-mingw32/bin/../lib/gcc/nios2-elf/5.3.0/../../../../../H-x86_64-mingw32/nios2-elf/lib/mno-hw-mul\libc.a(lib_a-memcmp.o)
 .debug_info    0x0000000000005e6e      0x144 c:/intelfpga_lite/18.1/nios2eds/bin/gnu/h-x86_64-mingw32/bin/../lib/gcc/nios2-elf/5.3.0/../../../../../H-x86_64-mingw32/nios2-elf/lib/mno-hw-mul\libc.a(lib_a-memcpy.o)
 .debug_info    0x0000000000005fb2       0xe2 c:/intelfpga_lite/18.1/nios2eds/bin/gnu/h-x86_64-mingw32/bin/../lib/gcc/nios2-elf/5.3.0/../../../../../H-x86_64-mingw32/nios2-elf/lib/mno-hw-mul\libc.a(lib_a-strlen.o)
 .debug_info    0x0000000000006094      0x934 c:/intelfpga_lite/18.1/nios2eds/bin/gnu/h-x86_64-mingw32/bin/../lib/gcc/nios2-elf/5.3.0/../../../../../H-x86_64-mingw32/nios2-elf/lib/mno-hw-mul\libc.a(lib_a-__atexit.o)
 .debug_info    0x00000000000069c8      0x965 c:/intelfpga_lite/18.1/nios2eds/bin/gnu/h-x86_64-mingw32/bin/../lib/gcc/nios2-elf/5.3.0/../../../../../H-x86_64-mingw32/nios2-elf/lib/mno-hw-mul\libc.a(lib_a-__call_atexit.o)
 .debug_info    0x000000000000732d       0xb4 c:/intelfpga_lite/18.1/nios2eds/bin/gnu/h-x86_64-mingw32/bin/../lib/gcc/nios2-elf/5.3.0/mno-hw-mul\libgcc.a(lib2-mul.o)
 .debug_info    0x00000000000073e1       0xec ../bsp\libhal_bsp.a(alt_exit.o)

.debug_abbrev   0x0000000000000000     0x2903
 *(.debug_abbrev)
 .debug_abbrev  0x0000000000000000       0x12 ../bsp/obj/HAL/src/crt0.o
 .debug_abbrev  0x0000000000000012       0x4f obj/default/main.o
 .debug_abbrev  0x0000000000000061       0x9f ../bsp\libhal_bsp.a(alt_load.o)
 .debug_abbrev  0x0000000000000100       0xba ../bsp\libhal_bsp.a(alt_main.o)
 .debug_abbrev  0x00000000000001ba      0x187 ../bsp\libhal_bsp.a(alt_sys_init.o)
 .debug_abbrev  0x0000000000000341      0x127 ../bsp\libhal_bsp.a(altera_avalon_jtag_uart_fd.o)
 .debug_abbrev  0x0000000000000468      0x19e ../bsp\libhal_bsp.a(altera_avalon_jtag_uart_init.o)
 .debug_abbrev  0x0000000000000606      0x111 ../bsp\libhal_bsp.a(altera_avalon_jtag_uart_ioctl.o)
 .debug_abbrev  0x0000000000000717      0x1aa ../bsp\libhal_bsp.a(altera_avalon_jtag_uart_read.o)
 .debug_abbrev  0x00000000000008c1      0x1a8 ../bsp\libhal_bsp.a(altera_avalon_jtag_uart_write.o)
 .debug_abbrev  0x0000000000000a69      0x162 ../bsp\libhal_bsp.a(alt_alarm_start.o)
 .debug_abbrev  0x0000000000000bcb      0x11f ../bsp\libhal_bsp.a(alt_close.o)
 .debug_abbrev  0x0000000000000cea       0x42 ../bsp\libhal_bsp.a(alt_dcache_flush_all.o)
 .debug_abbrev  0x0000000000000d2c       0xd9 ../bsp\libhal_bsp.a(alt_dev.o)
 .debug_abbrev  0x0000000000000e05      0x114 ../bsp\libhal_bsp.a(alt_dev_llist_insert.o)
 .debug_abbrev  0x0000000000000f19       0x79 ../bsp\libhal_bsp.a(alt_do_ctors.o)
 .debug_abbrev  0x0000000000000f92       0x79 ../bsp\libhal_bsp.a(alt_do_dtors.o)
 .debug_abbrev  0x000000000000100b       0x5a ../bsp\libhal_bsp.a(alt_errno.o)
 .debug_abbrev  0x0000000000001065       0x42 ../bsp\libhal_bsp.a(alt_icache_flush_all.o)
 .debug_abbrev  0x00000000000010a7      0x163 ../bsp\libhal_bsp.a(alt_iic.o)
 .debug_abbrev  0x000000000000120a      0x169 ../bsp\libhal_bsp.a(alt_iic_isr_register.o)
 .debug_abbrev  0x0000000000001373      0x114 ../bsp\libhal_bsp.a(alt_io_redirect.o)
 .debug_abbrev  0x0000000000001487       0x12 ../bsp\libhal_bsp.a(alt_irq_entry.o)
 .debug_abbrev  0x0000000000001499      0x122 ../bsp\libhal_bsp.a(alt_irq_handler.o)
 .debug_abbrev  0x00000000000015bb       0x40 ../bsp\libhal_bsp.a(alt_irq_vars.o)
 .debug_abbrev  0x00000000000015fb      0x148 ../bsp\libhal_bsp.a(alt_open.o)
 .debug_abbrev  0x0000000000001743       0xde ../bsp\libhal_bsp.a(alt_release_fd.o)
 .debug_abbrev  0x0000000000001821      0x15a ../bsp\libhal_bsp.a(alt_tick.o)
 .debug_abbrev  0x000000000000197b       0x42 ../bsp\libhal_bsp.a(altera_nios2_gen2_irq.o)
 .debug_abbrev  0x00000000000019bd       0x12 ../bsp\libhal_bsp.a(alt_exception_entry.o)
 .debug_abbrev  0x00000000000019cf       0xf0 ../bsp\libhal_bsp.a(alt_find_dev.o)
 .debug_abbrev  0x0000000000001abf       0xf0 ../bsp\libhal_bsp.a(alt_find_file.o)
 .debug_abbrev  0x0000000000001baf      0x10d ../bsp\libhal_bsp.a(alt_get_fd.o)
 .debug_abbrev  0x0000000000001cbc       0xdc ../bsp\libhal_bsp.a(alt_instruction_exception_entry.o)
 .debug_abbrev  0x0000000000001d98       0xaa c:/intelfpga_lite/18.1/nios2eds/bin/gnu/h-x86_64-mingw32/bin/../lib/gcc/nios2-elf/5.3.0/../../../../../H-x86_64-mingw32/nios2-elf/lib/mno-hw-mul\libc.a(lib_a-atexit.o)
 .debug_abbrev  0x0000000000001e42      0x1e5 c:/intelfpga_lite/18.1/nios2eds/bin/gnu/h-x86_64-mingw32/bin/../lib/gcc/nios2-elf/5.3.0/../../../../../H-x86_64-mingw32/nios2-elf/lib/mno-hw-mul\libc.a(lib_a-exit.o)
 .debug_abbrev  0x0000000000002027      0x18f c:/intelfpga_lite/18.1/nios2eds/bin/gnu/h-x86_64-mingw32/bin/../lib/gcc/nios2-elf/5.3.0/../../../../../H-x86_64-mingw32/nios2-elf/lib/mno-hw-mul\libc.a(lib_a-impure.o)
 .debug_abbrev  0x00000000000021b6       0x37 c:/intelfpga_lite/18.1/nios2eds/bin/gnu/h-x86_64-mingw32/bin/../lib/gcc/nios2-elf/5.3.0/../../../../../H-x86_64-mingw32/nios2-elf/lib/mno-hw-mul\libc.a(lib_a-int_errno.o)
 .debug_abbrev  0x00000000000021ed       0x7f c:/intelfpga_lite/18.1/nios2eds/bin/gnu/h-x86_64-mingw32/bin/../lib/gcc/nios2-elf/5.3.0/../../../../../H-x86_64-mingw32/nios2-elf/lib/mno-hw-mul\libc.a(lib_a-memcmp.o)
 .debug_abbrev  0x000000000000226c       0xa3 c:/intelfpga_lite/18.1/nios2eds/bin/gnu/h-x86_64-mingw32/bin/../lib/gcc/nios2-elf/5.3.0/../../../../../H-x86_64-mingw32/nios2-elf/lib/mno-hw-mul\libc.a(lib_a-memcpy.o)
 .debug_abbrev  0x000000000000230f       0x90 c:/intelfpga_lite/18.1/nios2eds/bin/gnu/h-x86_64-mingw32/bin/../lib/gcc/nios2-elf/5.3.0/../../../../../H-x86_64-mingw32/nios2-elf/lib/mno-hw-mul\libc.a(lib_a-strlen.o)
 .debug_abbrev  0x000000000000239f      0x21e c:/intelfpga_lite/18.1/nios2eds/bin/gnu/h-x86_64-mingw32/bin/../lib/gcc/nios2-elf/5.3.0/../../../../../H-x86_64-mingw32/nios2-elf/lib/mno-hw-mul\libc.a(lib_a-__atexit.o)
 .debug_abbrev  0x00000000000025bd      0x22e c:/intelfpga_lite/18.1/nios2eds/bin/gnu/h-x86_64-mingw32/bin/../lib/gcc/nios2-elf/5.3.0/../../../../../H-x86_64-mingw32/nios2-elf/lib/mno-hw-mul\libc.a(lib_a-__call_atexit.o)
 .debug_abbrev  0x00000000000027eb       0x6f c:/intelfpga_lite/18.1/nios2eds/bin/gnu/h-x86_64-mingw32/bin/../lib/gcc/nios2-elf/5.3.0/mno-hw-mul\libgcc.a(lib2-mul.o)
 .debug_abbrev  0x000000000000285a       0xa9 ../bsp\libhal_bsp.a(alt_exit.o)

.debug_line     0x0000000000000000     0x296a
 *(.debug_line)
 .debug_line    0x0000000000000000       0x66 ../bsp/obj/HAL/src/crt0.o
 .debug_line    0x0000000000000066       0x57 obj/default/main.o
 .debug_line    0x00000000000000bd       0x8e ../bsp\libhal_bsp.a(alt_load.o)
 .debug_line    0x000000000000014b       0xa4 ../bsp\libhal_bsp.a(alt_main.o)
 .debug_line    0x00000000000001ef      0x136 ../bsp\libhal_bsp.a(alt_sys_init.o)
 .debug_line    0x0000000000000325      0x12f ../bsp\libhal_bsp.a(altera_avalon_jtag_uart_fd.o)
 .debug_line    0x0000000000000454      0x18b ../bsp\libhal_bsp.a(altera_avalon_jtag_uart_init.o)
 .debug_line    0x00000000000005df      0x131 ../bsp\libhal_bsp.a(altera_avalon_jtag_uart_ioctl.o)
 .debug_line    0x0000000000000710      0x171 ../bsp\libhal_bsp.a(altera_avalon_jtag_uart_read.o)
 .debug_line    0x0000000000000881      0x170 ../bsp\libhal_bsp.a(altera_avalon_jtag_uart_write.o)
 .debug_line    0x00000000000009f1       0xf9 ../bsp\libhal_bsp.a(alt_alarm_start.o)
 .debug_line    0x0000000000000aea      0x165 ../bsp\libhal_bsp.a(alt_close.o)
 .debug_line    0x0000000000000c4f       0x51 ../bsp\libhal_bsp.a(alt_dcache_flush_all.o)
 .debug_line    0x0000000000000ca0       0xf8 ../bsp\libhal_bsp.a(alt_dev.o)
 .debug_line    0x0000000000000d98       0xcf ../bsp\libhal_bsp.a(alt_dev_llist_insert.o)
 .debug_line    0x0000000000000e67       0x59 ../bsp\libhal_bsp.a(alt_do_ctors.o)
 .debug_line    0x0000000000000ec0       0x59 ../bsp\libhal_bsp.a(alt_do_dtors.o)
 .debug_line    0x0000000000000f19       0x51 ../bsp\libhal_bsp.a(alt_errno.o)
 .debug_line    0x0000000000000f6a       0x4f ../bsp\libhal_bsp.a(alt_icache_flush_all.o)
 .debug_line    0x0000000000000fb9       0xeb ../bsp\libhal_bsp.a(alt_iic.o)
 .debug_line    0x00000000000010a4       0xdb ../bsp\libhal_bsp.a(alt_iic_isr_register.o)
 .debug_line    0x000000000000117f      0x135 ../bsp\libhal_bsp.a(alt_io_redirect.o)
 .debug_line    0x00000000000012b4       0x6b ../bsp\libhal_bsp.a(alt_irq_entry.o)
 .debug_line    0x000000000000131f       0xaa ../bsp\libhal_bsp.a(alt_irq_handler.o)
 .debug_line    0x00000000000013c9       0x50 ../bsp\libhal_bsp.a(alt_irq_vars.o)
 .debug_line    0x0000000000001419      0x12b ../bsp\libhal_bsp.a(alt_open.o)
 .debug_line    0x0000000000001544       0xb0 ../bsp\libhal_bsp.a(alt_release_fd.o)
 .debug_line    0x00000000000015f4       0xff ../bsp\libhal_bsp.a(alt_tick.o)
 .debug_line    0x00000000000016f3       0x51 ../bsp\libhal_bsp.a(altera_nios2_gen2_irq.o)
 .debug_line    0x0000000000001744       0xb3 ../bsp\libhal_bsp.a(alt_exception_entry.o)
 .debug_line    0x00000000000017f7       0xb5 ../bsp\libhal_bsp.a(alt_find_dev.o)
 .debug_line    0x00000000000018ac       0xd1 ../bsp\libhal_bsp.a(alt_find_file.o)
 .debug_line    0x000000000000197d       0xd7 ../bsp\libhal_bsp.a(alt_get_fd.o)
 .debug_line    0x0000000000001a54       0xb9 ../bsp\libhal_bsp.a(alt_instruction_exception_entry.o)
 .debug_line    0x0000000000001b0d       0xe7 c:/intelfpga_lite/18.1/nios2eds/bin/gnu/h-x86_64-mingw32/bin/../lib/gcc/nios2-elf/5.3.0/../../../../../H-x86_64-mingw32/nios2-elf/lib/mno-hw-mul\libc.a(lib_a-atexit.o)
 .debug_line    0x0000000000001bf4      0x1fc c:/intelfpga_lite/18.1/nios2eds/bin/gnu/h-x86_64-mingw32/bin/../lib/gcc/nios2-elf/5.3.0/../../../../../H-x86_64-mingw32/nios2-elf/lib/mno-hw-mul\libc.a(lib_a-exit.o)
 .debug_line    0x0000000000001df0      0x160 c:/intelfpga_lite/18.1/nios2eds/bin/gnu/h-x86_64-mingw32/bin/../lib/gcc/nios2-elf/5.3.0/../../../../../H-x86_64-mingw32/nios2-elf/lib/mno-hw-mul\libc.a(lib_a-impure.o)
 .debug_line    0x0000000000001f50       0x5f c:/intelfpga_lite/18.1/nios2eds/bin/gnu/h-x86_64-mingw32/bin/../lib/gcc/nios2-elf/5.3.0/../../../../../H-x86_64-mingw32/nios2-elf/lib/mno-hw-mul\libc.a(lib_a-int_errno.o)
 .debug_line    0x0000000000001faf      0x176 c:/intelfpga_lite/18.1/nios2eds/bin/gnu/h-x86_64-mingw32/bin/../lib/gcc/nios2-elf/5.3.0/../../../../../H-x86_64-mingw32/nios2-elf/lib/mno-hw-mul\libc.a(lib_a-memcmp.o)
 .debug_line    0x0000000000002125      0x18c c:/intelfpga_lite/18.1/nios2eds/bin/gnu/h-x86_64-mingw32/bin/../lib/gcc/nios2-elf/5.3.0/../../../../../H-x86_64-mingw32/nios2-elf/lib/mno-hw-mul\libc.a(lib_a-memcpy.o)
 .debug_line    0x00000000000022b1      0x16f c:/intelfpga_lite/18.1/nios2eds/bin/gnu/h-x86_64-mingw32/bin/../lib/gcc/nios2-elf/5.3.0/../../../../../H-x86_64-mingw32/nios2-elf/lib/mno-hw-mul\libc.a(lib_a-strlen.o)
 .debug_line    0x0000000000002420      0x21f c:/intelfpga_lite/18.1/nios2eds/bin/gnu/h-x86_64-mingw32/bin/../lib/gcc/nios2-elf/5.3.0/../../../../../H-x86_64-mingw32/nios2-elf/lib/mno-hw-mul\libc.a(lib_a-__atexit.o)
 .debug_line    0x000000000000263f      0x23a c:/intelfpga_lite/18.1/nios2eds/bin/gnu/h-x86_64-mingw32/bin/../lib/gcc/nios2-elf/5.3.0/../../../../../H-x86_64-mingw32/nios2-elf/lib/mno-hw-mul\libc.a(lib_a-__call_atexit.o)
 .debug_line    0x0000000000002879       0x80 c:/intelfpga_lite/18.1/nios2eds/bin/gnu/h-x86_64-mingw32/bin/../lib/gcc/nios2-elf/5.3.0/mno-hw-mul\libgcc.a(lib2-mul.o)
 .debug_line    0x00000000000028f9       0x71 ../bsp\libhal_bsp.a(alt_exit.o)

.debug_frame    0x0000000000000000      0xaac
 *(.debug_frame)
 .debug_frame   0x0000000000000000       0x34 obj/default/main.o
 .debug_frame   0x0000000000000034       0x5c ../bsp\libhal_bsp.a(alt_load.o)
 .debug_frame   0x0000000000000090       0x2c ../bsp\libhal_bsp.a(alt_main.o)
 .debug_frame   0x00000000000000bc       0x88 ../bsp\libhal_bsp.a(alt_sys_init.o)
 .debug_frame   0x0000000000000144       0xb0 ../bsp\libhal_bsp.a(altera_avalon_jtag_uart_fd.o)
 .debug_frame   0x00000000000001f4       0xa4 ../bsp\libhal_bsp.a(altera_avalon_jtag_uart_init.o)
 .debug_frame   0x0000000000000298       0x34 ../bsp\libhal_bsp.a(altera_avalon_jtag_uart_ioctl.o)
 .debug_frame   0x00000000000002cc       0x38 ../bsp\libhal_bsp.a(altera_avalon_jtag_uart_read.o)
 .debug_frame   0x0000000000000304       0x38 ../bsp\libhal_bsp.a(altera_avalon_jtag_uart_write.o)
 .debug_frame   0x000000000000033c       0x34 ../bsp\libhal_bsp.a(alt_alarm_start.o)
 .debug_frame   0x0000000000000370       0x60 ../bsp\libhal_bsp.a(alt_close.o)
 .debug_frame   0x00000000000003d0       0x34 ../bsp\libhal_bsp.a(alt_dcache_flush_all.o)
 .debug_frame   0x0000000000000404       0x34 ../bsp\libhal_bsp.a(alt_dev.o)
 .debug_frame   0x0000000000000438       0x60 ../bsp\libhal_bsp.a(alt_dev_llist_insert.o)
 .debug_frame   0x0000000000000498       0x38 ../bsp\libhal_bsp.a(alt_do_ctors.o)
 .debug_frame   0x00000000000004d0       0x38 ../bsp\libhal_bsp.a(alt_do_dtors.o)
 .debug_frame   0x0000000000000508       0x34 ../bsp\libhal_bsp.a(alt_icache_flush_all.o)
 .debug_frame   0x000000000000053c       0xa4 ../bsp\libhal_bsp.a(alt_iic.o)
 .debug_frame   0x00000000000005e0       0x38 ../bsp\libhal_bsp.a(alt_iic_isr_register.o)
 .debug_frame   0x0000000000000618       0x64 ../bsp\libhal_bsp.a(alt_io_redirect.o)
 .debug_frame   0x000000000000067c       0x38 ../bsp\libhal_bsp.a(alt_irq_handler.o)
 .debug_frame   0x00000000000006b4       0x8c ../bsp\libhal_bsp.a(alt_open.o)
 .debug_frame   0x0000000000000740       0x3c ../bsp\libhal_bsp.a(alt_release_fd.o)
 .debug_frame   0x000000000000077c       0x5c ../bsp\libhal_bsp.a(alt_tick.o)
 .debug_frame   0x00000000000007d8       0x34 ../bsp\libhal_bsp.a(altera_nios2_gen2_irq.o)
 .debug_frame   0x000000000000080c       0x38 ../bsp\libhal_bsp.a(alt_find_dev.o)
 .debug_frame   0x0000000000000844       0x38 ../bsp\libhal_bsp.a(alt_find_file.o)
 .debug_frame   0x000000000000087c       0x3c ../bsp\libhal_bsp.a(alt_get_fd.o)
 .debug_frame   0x00000000000008b8       0x5c ../bsp\libhal_bsp.a(alt_instruction_exception_entry.o)
 .debug_frame   0x0000000000000914       0x20 c:/intelfpga_lite/18.1/nios2eds/bin/gnu/h-x86_64-mingw32/bin/../lib/gcc/nios2-elf/5.3.0/../../../../../H-x86_64-mingw32/nios2-elf/lib/mno-hw-mul\libc.a(lib_a-atexit.o)
 .debug_frame   0x0000000000000934       0x28 c:/intelfpga_lite/18.1/nios2eds/bin/gnu/h-x86_64-mingw32/bin/../lib/gcc/nios2-elf/5.3.0/../../../../../H-x86_64-mingw32/nios2-elf/lib/mno-hw-mul\libc.a(lib_a-exit.o)
 .debug_frame   0x000000000000095c       0x20 c:/intelfpga_lite/18.1/nios2eds/bin/gnu/h-x86_64-mingw32/bin/../lib/gcc/nios2-elf/5.3.0/../../../../../H-x86_64-mingw32/nios2-elf/lib/mno-hw-mul\libc.a(lib_a-memcmp.o)
 .debug_frame   0x000000000000097c       0x38 c:/intelfpga_lite/18.1/nios2eds/bin/gnu/h-x86_64-mingw32/bin/../lib/gcc/nios2-elf/5.3.0/../../../../../H-x86_64-mingw32/nios2-elf/lib/mno-hw-mul\libc.a(lib_a-memcpy.o)
 .debug_frame   0x00000000000009b4       0x20 c:/intelfpga_lite/18.1/nios2eds/bin/gnu/h-x86_64-mingw32/bin/../lib/gcc/nios2-elf/5.3.0/../../../../../H-x86_64-mingw32/nios2-elf/lib/mno-hw-mul\libc.a(lib_a-strlen.o)
 .debug_frame   0x00000000000009d4       0x38 c:/intelfpga_lite/18.1/nios2eds/bin/gnu/h-x86_64-mingw32/bin/../lib/gcc/nios2-elf/5.3.0/../../../../../H-x86_64-mingw32/nios2-elf/lib/mno-hw-mul\libc.a(lib_a-__atexit.o)
 .debug_frame   0x0000000000000a0c       0x54 c:/intelfpga_lite/18.1/nios2eds/bin/gnu/h-x86_64-mingw32/bin/../lib/gcc/nios2-elf/5.3.0/../../../../../H-x86_64-mingw32/nios2-elf/lib/mno-hw-mul\libc.a(lib_a-__call_atexit.o)
 .debug_frame   0x0000000000000a60       0x20 c:/intelfpga_lite/18.1/nios2eds/bin/gnu/h-x86_64-mingw32/bin/../lib/gcc/nios2-elf/5.3.0/mno-hw-mul\libgcc.a(lib2-mul.o)
 .debug_frame   0x0000000000000a80       0x2c ../bsp\libhal_bsp.a(alt_exit.o)

.debug_str      0x0000000000000000     0x1b4f
 *(.debug_str)
 .debug_str     0x0000000000000000       0xdb obj/default/main.o
                                        0x10e (size before relaxing)
 .debug_str     0x00000000000000db      0x141 ../bsp\libhal_bsp.a(alt_load.o)
                                        0x213 (size before relaxing)
 .debug_str     0x000000000000021c       0x70 ../bsp\libhal_bsp.a(alt_main.o)
                                        0x19e (size before relaxing)
 .debug_str     0x000000000000028c      0x19b ../bsp\libhal_bsp.a(alt_sys_init.o)
                                        0x359 (size before relaxing)
 .debug_str     0x0000000000000427       0xb9 ../bsp\libhal_bsp.a(altera_avalon_jtag_uart_fd.o)
                                        0x3a5 (size before relaxing)
 .debug_str     0x00000000000004e0       0xd1 ../bsp\libhal_bsp.a(altera_avalon_jtag_uart_init.o)
                                        0x339 (size before relaxing)
 .debug_str     0x00000000000005b1       0x4a ../bsp\libhal_bsp.a(altera_avalon_jtag_uart_ioctl.o)
                                        0x294 (size before relaxing)
 .debug_str     0x00000000000005fb       0x7f ../bsp\libhal_bsp.a(altera_avalon_jtag_uart_read.o)
                                        0x2e9 (size before relaxing)
 .debug_str     0x000000000000067a       0x4a ../bsp\libhal_bsp.a(altera_avalon_jtag_uart_write.o)
                                        0x2ea (size before relaxing)
 .debug_str     0x00000000000006c4       0x59 ../bsp\libhal_bsp.a(alt_alarm_start.o)
                                        0x27f (size before relaxing)
 .debug_str     0x000000000000071d       0x44 ../bsp\libhal_bsp.a(alt_close.o)
                                        0x20c (size before relaxing)
 .debug_str     0x0000000000000761       0x34 ../bsp\libhal_bsp.a(alt_dcache_flush_all.o)
                                        0x156 (size before relaxing)
 .debug_str     0x0000000000000795      0x120 ../bsp\libhal_bsp.a(alt_dev.o)
                                        0x306 (size before relaxing)
 .debug_str     0x00000000000008b5       0x34 ../bsp\libhal_bsp.a(alt_dev_llist_insert.o)
                                        0x1cd (size before relaxing)
 .debug_str     0x00000000000008e9       0x48 ../bsp\libhal_bsp.a(alt_do_ctors.o)
                                         0xd1 (size before relaxing)
 .debug_str     0x0000000000000931       0x4c ../bsp\libhal_bsp.a(alt_do_dtors.o)
                                         0xd0 (size before relaxing)
 .debug_str     0x000000000000097d       0x14 ../bsp\libhal_bsp.a(alt_errno.o)
                                        0x146 (size before relaxing)
 .debug_str     0x0000000000000991       0x34 ../bsp\libhal_bsp.a(alt_icache_flush_all.o)
                                        0x156 (size before relaxing)
 .debug_str     0x00000000000009c5       0xc4 ../bsp\libhal_bsp.a(alt_iic.o)
                                        0x23f (size before relaxing)
 .debug_str     0x0000000000000a89       0x4c ../bsp\libhal_bsp.a(alt_iic_isr_register.o)
                                        0x1e9 (size before relaxing)
 .debug_str     0x0000000000000ad5       0x56 ../bsp\libhal_bsp.a(alt_io_redirect.o)
                                        0x317 (size before relaxing)
 .debug_str     0x0000000000000b2b       0x3a ../bsp\libhal_bsp.a(alt_irq_handler.o)
                                        0x198 (size before relaxing)
 .debug_str     0x0000000000000b65       0x17 ../bsp\libhal_bsp.a(alt_irq_vars.o)
                                        0x13b (size before relaxing)
 .debug_str     0x0000000000000b7c       0x2f ../bsp\libhal_bsp.a(alt_open.o)
                                        0x24c (size before relaxing)
 .debug_str     0x0000000000000bab       0x28 ../bsp\libhal_bsp.a(alt_release_fd.o)
                                        0x1d4 (size before relaxing)
 .debug_str     0x0000000000000bd3       0x4a ../bsp\libhal_bsp.a(alt_tick.o)
                                        0x253 (size before relaxing)
 .debug_str     0x0000000000000c1d       0x3b ../bsp\libhal_bsp.a(altera_nios2_gen2_irq.o)
                                        0x15d (size before relaxing)
 .debug_str     0x0000000000000c58       0x24 ../bsp\libhal_bsp.a(alt_find_dev.o)
                                        0x1ed (size before relaxing)
 .debug_str     0x0000000000000c7c       0x26 ../bsp\libhal_bsp.a(alt_find_file.o)
                                        0x1fb (size before relaxing)
 .debug_str     0x0000000000000ca2       0x30 ../bsp\libhal_bsp.a(alt_get_fd.o)
                                        0x21d (size before relaxing)
 .debug_str     0x0000000000000cd2      0x48b ../bsp\libhal_bsp.a(alt_instruction_exception_entry.o)
                                        0x5a1 (size before relaxing)
 .debug_str     0x000000000000115d      0x17c c:/intelfpga_lite/18.1/nios2eds/bin/gnu/h-x86_64-mingw32/bin/../lib/gcc/nios2-elf/5.3.0/../../../../../H-x86_64-mingw32/nios2-elf/lib/mno-hw-mul\libc.a(lib_a-atexit.o)
                                        0x221 (size before relaxing)
 .debug_str     0x00000000000012d9      0x3b5 c:/intelfpga_lite/18.1/nios2eds/bin/gnu/h-x86_64-mingw32/bin/../lib/gcc/nios2-elf/5.3.0/../../../../../H-x86_64-mingw32/nios2-elf/lib/mno-hw-mul\libc.a(lib_a-exit.o)
                                        0x5be (size before relaxing)
 .debug_str     0x000000000000168e       0xd6 c:/intelfpga_lite/18.1/nios2eds/bin/gnu/h-x86_64-mingw32/bin/../lib/gcc/nios2-elf/5.3.0/../../../../../H-x86_64-mingw32/nios2-elf/lib/mno-hw-mul\libc.a(lib_a-impure.o)
                                        0x5b5 (size before relaxing)
 .debug_str     0x0000000000001764       0x3f c:/intelfpga_lite/18.1/nios2eds/bin/gnu/h-x86_64-mingw32/bin/../lib/gcc/nios2-elf/5.3.0/../../../../../H-x86_64-mingw32/nios2-elf/lib/mno-hw-mul\libc.a(lib_a-int_errno.o)
                                        0x1dd (size before relaxing)
 .debug_str     0x00000000000017a3       0xda c:/intelfpga_lite/18.1/nios2eds/bin/gnu/h-x86_64-mingw32/bin/../lib/gcc/nios2-elf/5.3.0/../../../../../H-x86_64-mingw32/nios2-elf/lib/mno-hw-mul\libc.a(lib_a-memcmp.o)
                                        0x1e4 (size before relaxing)
 .debug_str     0x000000000000187d       0x6b c:/intelfpga_lite/18.1/nios2eds/bin/gnu/h-x86_64-mingw32/bin/../lib/gcc/nios2-elf/5.3.0/../../../../../H-x86_64-mingw32/nios2-elf/lib/mno-hw-mul\libc.a(lib_a-memcpy.o)
                                        0x20b (size before relaxing)
 .debug_str     0x00000000000018e8       0x51 c:/intelfpga_lite/18.1/nios2eds/bin/gnu/h-x86_64-mingw32/bin/../lib/gcc/nios2-elf/5.3.0/../../../../../H-x86_64-mingw32/nios2-elf/lib/mno-hw-mul\libc.a(lib_a-strlen.o)
                                        0x1f7 (size before relaxing)
 .debug_str     0x0000000000001939       0x3f c:/intelfpga_lite/18.1/nios2eds/bin/gnu/h-x86_64-mingw32/bin/../lib/gcc/nios2-elf/5.3.0/../../../../../H-x86_64-mingw32/nios2-elf/lib/mno-hw-mul\libc.a(lib_a-__atexit.o)
                                        0x5f6 (size before relaxing)
 .debug_str     0x0000000000001978       0x65 c:/intelfpga_lite/18.1/nios2eds/bin/gnu/h-x86_64-mingw32/bin/../lib/gcc/nios2-elf/5.3.0/../../../../../H-x86_64-mingw32/nios2-elf/lib/mno-hw-mul\libc.a(lib_a-__call_atexit.o)
                                        0x5e2 (size before relaxing)
 .debug_str     0x00000000000019dd      0x148 c:/intelfpga_lite/18.1/nios2eds/bin/gnu/h-x86_64-mingw32/bin/../lib/gcc/nios2-elf/5.3.0/mno-hw-mul\libgcc.a(lib2-mul.o)
                                        0x193 (size before relaxing)
 .debug_str     0x0000000000001b25       0x2a ../bsp\libhal_bsp.a(alt_exit.o)
                                        0x152 (size before relaxing)

.debug_loc      0x0000000000000000      0x803
 *(.debug_loc)
 .debug_loc     0x0000000000000000       0x2c c:/intelfpga_lite/18.1/nios2eds/bin/gnu/h-x86_64-mingw32/bin/../lib/gcc/nios2-elf/5.3.0/../../../../../H-x86_64-mingw32/nios2-elf/lib/mno-hw-mul\libc.a(lib_a-atexit.o)
 .debug_loc     0x000000000000002c       0x1e c:/intelfpga_lite/18.1/nios2eds/bin/gnu/h-x86_64-mingw32/bin/../lib/gcc/nios2-elf/5.3.0/../../../../../H-x86_64-mingw32/nios2-elf/lib/mno-hw-mul\libc.a(lib_a-exit.o)
 .debug_loc     0x000000000000004a      0x126 c:/intelfpga_lite/18.1/nios2eds/bin/gnu/h-x86_64-mingw32/bin/../lib/gcc/nios2-elf/5.3.0/../../../../../H-x86_64-mingw32/nios2-elf/lib/mno-hw-mul\libc.a(lib_a-memcmp.o)
 .debug_loc     0x0000000000000170      0x266 c:/intelfpga_lite/18.1/nios2eds/bin/gnu/h-x86_64-mingw32/bin/../lib/gcc/nios2-elf/5.3.0/../../../../../H-x86_64-mingw32/nios2-elf/lib/mno-hw-mul\libc.a(lib_a-memcpy.o)
 .debug_loc     0x00000000000003d6       0x47 c:/intelfpga_lite/18.1/nios2eds/bin/gnu/h-x86_64-mingw32/bin/../lib/gcc/nios2-elf/5.3.0/../../../../../H-x86_64-mingw32/nios2-elf/lib/mno-hw-mul\libc.a(lib_a-strlen.o)
 .debug_loc     0x000000000000041d      0x185 c:/intelfpga_lite/18.1/nios2eds/bin/gnu/h-x86_64-mingw32/bin/../lib/gcc/nios2-elf/5.3.0/../../../../../H-x86_64-mingw32/nios2-elf/lib/mno-hw-mul\libc.a(lib_a-__atexit.o)
 .debug_loc     0x00000000000005a2      0x1ce c:/intelfpga_lite/18.1/nios2eds/bin/gnu/h-x86_64-mingw32/bin/../lib/gcc/nios2-elf/5.3.0/../../../../../H-x86_64-mingw32/nios2-elf/lib/mno-hw-mul\libc.a(lib_a-__call_atexit.o)
 .debug_loc     0x0000000000000770       0x93 c:/intelfpga_lite/18.1/nios2eds/bin/gnu/h-x86_64-mingw32/bin/../lib/gcc/nios2-elf/5.3.0/mno-hw-mul\libgcc.a(lib2-mul.o)

.debug_macinfo
 *(.debug_macinfo)

.debug_weaknames
 *(.debug_weaknames)

.debug_funcnames
 *(.debug_funcnames)

.debug_typenames
 *(.debug_typenames)

.debug_varnames
 *(.debug_varnames)

.debug_alt_sim_info
                0x0000000000000000       0x10
 *(.debug_alt_sim_info)
 .debug_alt_sim_info
                0x0000000000000000       0x10 ../bsp/obj/HAL/src/crt0.o
                0x0000000000019c40                __alt_data_end = 0x19c40
                0x0000000000019c40                PROVIDE (__alt_stack_pointer, __alt_data_end)
                [!provide]                        PROVIDE (__alt_stack_limit, __alt_stack_base)
                [!provide]                        PROVIDE (__alt_heap_start, end)
                [!provide]                        PROVIDE (__alt_heap_limit, 0x19c40)
OUTPUT(exec_name.elf elf32-littlenios2)

.debug_ranges   0x0000000000000000      0x178
 .debug_ranges  0x0000000000000000       0x20 ../bsp/obj/HAL/src/crt0.o
 .debug_ranges  0x0000000000000020       0x30 ../bsp\libhal_bsp.a(altera_avalon_jtag_uart_init.o)
 .debug_ranges  0x0000000000000050       0x18 ../bsp\libhal_bsp.a(altera_avalon_jtag_uart_read.o)
 .debug_ranges  0x0000000000000068       0x28 ../bsp\libhal_bsp.a(alt_irq_entry.o)
 .debug_ranges  0x0000000000000090       0x10 ../bsp\libhal_bsp.a(alt_irq_handler.o)
 .debug_ranges  0x00000000000000a0       0x30 ../bsp\libhal_bsp.a(alt_exception_entry.o)
 .debug_ranges  0x00000000000000d0       0x18 ../bsp\libhal_bsp.a(alt_instruction_exception_entry.o)
 .debug_ranges  0x00000000000000e8       0x10 c:/intelfpga_lite/18.1/nios2eds/bin/gnu/h-x86_64-mingw32/bin/../lib/gcc/nios2-elf/5.3.0/../../../../../H-x86_64-mingw32/nios2-elf/lib/mno-hw-mul\libc.a(lib_a-atexit.o)
 .debug_ranges  0x00000000000000f8       0x10 c:/intelfpga_lite/18.1/nios2eds/bin/gnu/h-x86_64-mingw32/bin/../lib/gcc/nios2-elf/5.3.0/../../../../../H-x86_64-mingw32/nios2-elf/lib/mno-hw-mul\libc.a(lib_a-exit.o)
 .debug_ranges  0x0000000000000108       0x10 c:/intelfpga_lite/18.1/nios2eds/bin/gnu/h-x86_64-mingw32/bin/../lib/gcc/nios2-elf/5.3.0/../../../../../H-x86_64-mingw32/nios2-elf/lib/mno-hw-mul\libc.a(lib_a-memcmp.o)
 .debug_ranges  0x0000000000000118       0x10 c:/intelfpga_lite/18.1/nios2eds/bin/gnu/h-x86_64-mingw32/bin/../lib/gcc/nios2-elf/5.3.0/../../../../../H-x86_64-mingw32/nios2-elf/lib/mno-hw-mul\libc.a(lib_a-memcpy.o)
 .debug_ranges  0x0000000000000128       0x10 c:/intelfpga_lite/18.1/nios2eds/bin/gnu/h-x86_64-mingw32/bin/../lib/gcc/nios2-elf/5.3.0/../../../../../H-x86_64-mingw32/nios2-elf/lib/mno-hw-mul\libc.a(lib_a-strlen.o)
 .debug_ranges  0x0000000000000138       0x10 c:/intelfpga_lite/18.1/nios2eds/bin/gnu/h-x86_64-mingw32/bin/../lib/gcc/nios2-elf/5.3.0/../../../../../H-x86_64-mingw32/nios2-elf/lib/mno-hw-mul\libc.a(lib_a-__atexit.o)
 .debug_ranges  0x0000000000000148       0x30 c:/intelfpga_lite/18.1/nios2eds/bin/gnu/h-x86_64-mingw32/bin/../lib/gcc/nios2-elf/5.3.0/../../../../../H-x86_64-mingw32/nios2-elf/lib/mno-hw-mul\libc.a(lib_a-__call_atexit.o)
